Component: ARM Compiler 5.06 update 5 (build 528) Tool: armlink [4d35e2]

==============================================================================

Section Cross References

    startup_stm32f407xx.o(RESET) refers to startup_stm32f407xx.o(STACK) for __initial_sp
    startup_stm32f407xx.o(RESET) refers to startup_stm32f407xx.o(.text) for Reset_Handler
    startup_stm32f407xx.o(RESET) refers to stm32f4xx_it.o(i.NMI_Handler) for NMI_Handler
    startup_stm32f407xx.o(RESET) refers to stm32f4xx_it.o(i.HardFault_Handler) for HardFault_Handler
    startup_stm32f407xx.o(RESET) refers to stm32f4xx_it.o(i.MemManage_Handler) for MemManage_Handler
    startup_stm32f407xx.o(RESET) refers to stm32f4xx_it.o(i.BusFault_Handler) for BusFault_Handler
    startup_stm32f407xx.o(RESET) refers to stm32f4xx_it.o(i.UsageFault_Handler) for UsageFault_Handler
    startup_stm32f407xx.o(RESET) refers to port.o(.emb_text) for SVC_Handler
    startup_stm32f407xx.o(RESET) refers to stm32f4xx_it.o(i.DebugMon_Handler) for DebugMon_Handler
    startup_stm32f407xx.o(RESET) refers to stm32f4xx_it.o(i.SysTick_Handler) for SysTick_Handler
    startup_stm32f407xx.o(RESET) refers to stm32f4xx_it.o(i.USART1_IRQHandler) for USART1_IRQHandler
    startup_stm32f407xx.o(RESET) refers to stm32f4xx_it.o(i.ETH_IRQHandler) for ETH_IRQHandler
    startup_stm32f407xx.o(.text) refers to system_stm32f4xx.o(i.SystemInit) for SystemInit
    startup_stm32f407xx.o(.text) refers to entry.o(.ARM.Collect$$$$00000000) for __main
    system_stm32f4xx.o(i.SystemCoreClockUpdate) refers to system_stm32f4xx.o(.data) for SystemCoreClock
    system_stm32f4xx.o(i.SystemCoreClockUpdate) refers to system_stm32f4xx.o(.constdata) for AHBPrescTable
    stm32f4xx_hal.o(i.HAL_DeInit) refers to stm32f4xx_hal_msp_template.o(i.HAL_MspDeInit) for HAL_MspDeInit
    stm32f4xx_hal.o(i.HAL_Delay) refers to stm32f4xx_hal.o(i.HAL_GetTick) for HAL_GetTick
    stm32f4xx_hal.o(i.HAL_Delay) refers to stm32f4xx_hal.o(.data) for uwTickFreq
    stm32f4xx_hal.o(i.HAL_GetTick) refers to stm32f4xx_hal.o(.data) for uwTick
    stm32f4xx_hal.o(i.HAL_GetTickFreq) refers to stm32f4xx_hal.o(.data) for uwTickFreq
    stm32f4xx_hal.o(i.HAL_GetTickPrio) refers to stm32f4xx_hal.o(.data) for uwTickPrio
    stm32f4xx_hal.o(i.HAL_IncTick) refers to stm32f4xx_hal.o(.data) for uwTick
    stm32f4xx_hal.o(i.HAL_Init) refers to stm32f4xx_hal_cortex.o(i.HAL_NVIC_SetPriorityGrouping) for HAL_NVIC_SetPriorityGrouping
    stm32f4xx_hal.o(i.HAL_Init) refers to stm32f4xx_hal.o(i.HAL_InitTick) for HAL_InitTick
    stm32f4xx_hal.o(i.HAL_Init) refers to stm32f4xx_hal_msp_template.o(i.HAL_MspInit) for HAL_MspInit
    stm32f4xx_hal.o(i.HAL_InitTick) refers to stm32f4xx_hal_cortex.o(i.HAL_SYSTICK_Config) for HAL_SYSTICK_Config
    stm32f4xx_hal.o(i.HAL_InitTick) refers to stm32f4xx_hal_cortex.o(i.HAL_NVIC_SetPriority) for HAL_NVIC_SetPriority
    stm32f4xx_hal.o(i.HAL_InitTick) refers to stm32f4xx_hal.o(.data) for uwTickFreq
    stm32f4xx_hal.o(i.HAL_InitTick) refers to system_stm32f4xx.o(.data) for SystemCoreClock
    stm32f4xx_hal.o(i.HAL_SetTickFreq) refers to stm32f4xx_hal.o(i.HAL_InitTick) for HAL_InitTick
    stm32f4xx_hal.o(i.HAL_SetTickFreq) refers to stm32f4xx_hal.o(.data) for uwTickFreq
    stm32f4xx_hal_adc.o(i.ADC_DMAConvCplt) refers to stm32f4xx_hal_adc.o(i.HAL_ADC_ConvCpltCallback) for HAL_ADC_ConvCpltCallback
    stm32f4xx_hal_adc.o(i.ADC_DMAConvCplt) refers to stm32f4xx_hal_adc.o(i.HAL_ADC_ErrorCallback) for HAL_ADC_ErrorCallback
    stm32f4xx_hal_adc.o(i.ADC_DMAError) refers to stm32f4xx_hal_adc.o(i.HAL_ADC_ErrorCallback) for HAL_ADC_ErrorCallback
    stm32f4xx_hal_adc.o(i.ADC_DMAHalfConvCplt) refers to stm32f4xx_hal_adc.o(i.HAL_ADC_ConvHalfCpltCallback) for HAL_ADC_ConvHalfCpltCallback
    stm32f4xx_hal_adc.o(i.HAL_ADC_ConfigChannel) refers to system_stm32f4xx.o(.data) for SystemCoreClock
    stm32f4xx_hal_adc.o(i.HAL_ADC_DeInit) refers to stm32f4xx_hal_adc.o(i.HAL_ADC_MspDeInit) for HAL_ADC_MspDeInit
    stm32f4xx_hal_adc.o(i.HAL_ADC_IRQHandler) refers to stm32f4xx_hal_adc.o(i.HAL_ADC_ConvCpltCallback) for HAL_ADC_ConvCpltCallback
    stm32f4xx_hal_adc.o(i.HAL_ADC_IRQHandler) refers to stm32f4xx_hal_adc_ex.o(i.HAL_ADCEx_InjectedConvCpltCallback) for HAL_ADCEx_InjectedConvCpltCallback
    stm32f4xx_hal_adc.o(i.HAL_ADC_IRQHandler) refers to stm32f4xx_hal_adc.o(i.HAL_ADC_LevelOutOfWindowCallback) for HAL_ADC_LevelOutOfWindowCallback
    stm32f4xx_hal_adc.o(i.HAL_ADC_IRQHandler) refers to stm32f4xx_hal_adc.o(i.HAL_ADC_ErrorCallback) for HAL_ADC_ErrorCallback
    stm32f4xx_hal_adc.o(i.HAL_ADC_Init) refers to stm32f4xx_hal_adc.o(i.HAL_ADC_MspInit) for HAL_ADC_MspInit
    stm32f4xx_hal_adc.o(i.HAL_ADC_Init) refers to stm32f4xx_hal_adc.o(i.ADC_Init) for ADC_Init
    stm32f4xx_hal_adc.o(i.HAL_ADC_PollForConversion) refers to stm32f4xx_hal.o(i.HAL_GetTick) for HAL_GetTick
    stm32f4xx_hal_adc.o(i.HAL_ADC_PollForEvent) refers to stm32f4xx_hal.o(i.HAL_GetTick) for HAL_GetTick
[...]
    client_init                              0x080230f1   Thumb Code    20  tcp_client.o(i.client_init)
    crc_check                                0x0802311d   Thumb Code   194  buffer.o(i.crc_check)
    err_to_errno                             0x08023351   Thumb Code    26  err.o(i.err_to_errno)
    etharp_cleanup_netif                     0x08023371   Thumb Code    50  etharp.o(i.etharp_cleanup_netif)
    etharp_input                             0x080235a1   Thumb Code   210  etharp.o(i.etharp_input)
    etharp_output                            0x08023675   Thumb Code   350  etharp.o(i.etharp_output)
    etharp_query                             0x080238ad   Thumb Code   460  etharp.o(i.etharp_query)
    etharp_request                           0x08023b39   Thumb Code    18  etharp.o(i.etharp_request)
    etharp_tmr                               0x08023b7d   Thumb Code   214  etharp.o(i.etharp_tmr)
    ethernet_input                           0x08023d25   Thumb Code   190  ethernet.o(i.ethernet_input)
    ethernet_output                          0x08023de9   Thumb Code    98  ethernet.o(i.ethernet_output)
    ethernetif_init                          0x08023e4d   Thumb Code    68  ethernetif.o(i.ethernetif_init)
    ethernetif_input                         0x08023e99   Thumb Code    92  ethernetif.o(i.ethernetif_input)
    fputc                                    0x08023ff1   Thumb Code    22  bsp_debug_usart.o(i.fputc)
    free                                     0x0802400d   Thumb Code    76  malloc.o(i.free)
    get_byte                                 0x080240cd   Thumb Code    52  buffer.o(i.get_byte)
    get_frame                                0x08024101   Thumb Code   184  buffer.o(i.get_frame)
    get_halfword                             0x080241b9   Thumb Code    26  buffer.o(i.get_halfword)
    icmp_dest_unreach                        0x080241f9   Thumb Code    18  icmp.o(i.icmp_dest_unreach)
    icmp_input                               0x0802420d   Thumb Code   406  icmp.o(i.icmp_input)
    icmp_time_exceeded                       0x08024427   Thumb Code    18  icmp.o(i.icmp_time_exceeded)
    inet_chksum_pbuf                         0x08024439   Thumb Code    86  inet_chksum.o(i.inet_chksum_pbuf)
    ip4_addr_isbroadcast_u32                 0x0802448f   Thumb Code    78  ip4_addr.o(i.ip4_addr_isbroadcast_u32)
    ip4_frag                                 0x080244dd   Thumb Code   490  ip4_frag.o(i.ip4_frag)
    ip4_input                                0x080246cd   Thumb Code   402  ip4.o(i.ip4_input)
    ip4_output_if                            0x0802489d   Thumb Code    54  ip4.o(i.ip4_output_if)
    ip4_output_if_src                        0x080248d5   Thumb Code   222  ip4.o(i.ip4_output_if_src)
    ip4_reass                                0x080249bd   Thumb Code   542  ip4_frag.o(i.ip4_reass)
    ip4_route                                0x08024be5   Thumb Code   140  ip4.o(i.ip4_route)
    ip4addr_aton                             0x08024c79   Thumb Code   400  ip4_addr.o(i.ip4addr_aton)
    ip_reass_tmr                             0x080251d9   Thumb Code    48  ip4_frag.o(i.ip_reass_tmr)
    ipaddr_addr                              0x0802520d   Thumb Code    24  ip4_addr.o(i.ipaddr_addr)
    lwip_close                               0x0802559d   Thumb Code   116  sockets.o(i.lwip_close)
    lwip_connect                             0x08025615   Thumb Code   168  sockets.o(i.lwip_connect)
    lwip_htonl                               0x08025711   Thumb Code    26  def.o(i.lwip_htonl)
    lwip_htons                               0x0802572b   Thumb Code    12  def.o(i.lwip_htons)
    lwip_init                                0x08025737   Thumb Code    54  init.o(i.lwip_init)
    lwip_netconn_do_close                    0x0802576d   Thumb Code   172  api_msg.o(i.lwip_netconn_do_close)
    lwip_netconn_do_connect                  0x08025a01   Thumb Code   254  api_msg.o(i.lwip_netconn_do_connect)
    lwip_netconn_do_delconn                  0x08025bb1   Thumb Code   286  api_msg.o(i.lwip_netconn_do_delconn)
    lwip_netconn_do_disconnect               0x08025cd5   Thumb Code    38  api_msg.o(i.lwip_netconn_do_disconnect)
    lwip_netconn_do_getaddr                  0x08025cfb   Thumb Code   174  api_msg.o(i.lwip_netconn_do_getaddr)
    lwip_netconn_do_newconn                  0x08025da9   Thumb Code    24  api_msg.o(i.lwip_netconn_do_newconn)
    lwip_netconn_do_recv                     0x08025dc1   Thumb Code    72  api_msg.o(i.lwip_netconn_do_recv)
    lwip_netconn_is_err_msg                  0x080260a9   Thumb Code    58  api_msg.o(i.lwip_netconn_is_err_msg)
    lwip_read                                0x08026139   Thumb Code    28  sockets.o(i.lwip_read)
    lwip_recvfrom                            0x080262ed   Thumb Code   234  sockets.o(i.lwip_recvfrom)
    lwip_socket                              0x08026581   Thumb Code   158  sockets.o(i.lwip_socket)
    lwip_standard_chksum                     0x08026629   Thumb Code    94  inet_chksum.o(i.lwip_standard_chksum)
    main                                     0x08026689   Thumb Code    88  main.o(i.main)
    malloc                                   0x08026721   Thumb Code    92  malloc.o(i.malloc)
    mem_free                                 0x0802678d   Thumb Code   204  mem.o(i.mem_free)
    mem_init                                 0x08026869   Thumb Code    92  mem.o(i.mem_init)
    mem_malloc                               0x08026931   Thumb Code   348  mem.o(i.mem_malloc)
    mem_trim                                 0x08026aa9   Thumb Code   354  mem.o(i.mem_trim)
    memp_free                                0x08026c1d   Thumb Code    36  memp.o(i.memp_free)
    memp_init                                0x08026c45   Thumb Code    26  memp.o(i.memp_init)
    memp_init_pool                           0x08026c65   Thumb Code    44  memp.o(i.memp_init_pool)
    memp_malloc                              0x08026c91   Thumb Code    32  memp.o(i.memp_malloc)
    netbuf_delete                            0x08026cb5   Thumb Code    32  netbuf.o(i.netbuf_delete)
    netconn_alloc                            0x08026cd5   Thumb Code   146  api_msg.o(i.netconn_alloc)
    netconn_connect                          0x08026dbd   Thumb Code    50  api_lib.o(i.netconn_connect)
    netconn_delete                           0x08026df9   Thumb Code    30  api_lib.o(i.netconn_delete)
    netconn_disconnect                       0x08026e19   Thumb Code    36  api_lib.o(i.netconn_disconnect)
    netconn_err                              0x08026eeb   Thumb Code    34  api_lib.o(i.netconn_err)
    netconn_free                             0x08026f0d   Thumb Code    78  api_msg.o(i.netconn_free)
    netconn_getaddr                          0x08026f5d   Thumb Code    78  api_lib.o(i.netconn_getaddr)
    netconn_new_with_proto_and_callback      0x08026fb1   Thumb Code   152  api_lib.o(i.netconn_new_with_proto_and_callback)
    netconn_prepare_delete                   0x0802704d   Thumb Code    42  api_lib.o(i.netconn_prepare_delete)
    netconn_recv_tcp_pbuf_flags              0x08027237   Thumb Code    42  api_lib.o(i.netconn_recv_tcp_pbuf_flags)
    netconn_recv_udp_raw_netbuf_flags        0x08027261   Thumb Code    42  api_lib.o(i.netconn_recv_udp_raw_netbuf_flags)
    netconn_tcp_recvd                        0x0802728b   Thumb Code    48  api_lib.o(i.netconn_tcp_recvd)
    netif_add                                0x080272ed   Thumb Code   242  netif.o(i.netif_add)
    netif_get_by_index                       0x080274ad   Thumb Code    36  netif.o(i.netif_get_by_index)
    netif_init                               0x080274d5   Thumb Code     2  netif.o(i.netif_init)
    netif_set_addr                           0x08027525   Thumb Code    92  netif.o(i.netif_set_addr)
    netif_set_default                        0x08027585   Thumb Code     6  netif.o(i.netif_set_default)
    netif_set_down                           0x08027591   Thumb Code    58  netif.o(i.netif_set_down)
    netif_set_up                             0x080275cb   Thumb Code    50  netif.o(i.netif_set_up)
    pbuf_add_header                          0x080275fd   Thumb Code    18  pbuf.o(i.pbuf_add_header)
    pbuf_alloc                               0x08027677   Thumb Code   344  pbuf.o(i.pbuf_alloc)
    pbuf_alloc_reference                     0x080277cf   Thumb Code    64  pbuf.o(i.pbuf_alloc_reference)
    pbuf_alloced_custom                      0x0802780f   Thumb Code    82  pbuf.o(i.pbuf_alloced_custom)
    pbuf_cat                                 0x08027861   Thumb Code    76  pbuf.o(i.pbuf_cat)
    pbuf_clen                                0x080278ad   Thumb Code    18  pbuf.o(i.pbuf_clen)
    pbuf_clone                               0x080278bf   Thumb Code    54  pbuf.o(i.pbuf_clone)
    pbuf_copy                                0x080278f5   Thumb Code   200  pbuf.o(i.pbuf_copy)
    pbuf_copy_partial                        0x080279bd   Thumb Code   128  pbuf.o(i.pbuf_copy_partial)
    pbuf_free                                0x08027a3d   Thumb Code   180  pbuf.o(i.pbuf_free)
    pbuf_free_header                         0x08027af1   Thumb Code    64  pbuf.o(i.pbuf_free_header)
    pbuf_header_force                        0x08027b31   Thumb Code    18  pbuf.o(i.pbuf_header_force)
    pbuf_realloc                             0x08027b83   Thumb Code   146  pbuf.o(i.pbuf_realloc)
    pbuf_ref                                 0x08027c15   Thumb Code    44  pbuf.o(i.pbuf_ref)
    pbuf_remove_header                       0x08027c41   Thumb Code    72  pbuf.o(i.pbuf_remove_header)
    pvPortMalloc                             0x080284c1   Thumb Code   262  heap_4.o(i.pvPortMalloc)
    pvTaskIncrementMutexHeldCount            0x08028615   Thumb Code    26  tasks.o(i.pvTaskIncrementMutexHeldCount)
    pxPortInitialiseStack                    0x08028635   Thumb Code    38  port.o(i.pxPortInitialiseStack)
    sys_arch_mbox_fetch                      0x0802896d   Thumb Code    74  sys_arch.o(i.sys_arch_mbox_fetch)
    sys_arch_mbox_tryfetch                   0x080289b7   Thumb Code    36  sys_arch.o(i.sys_arch_mbox_tryfetch)
    sys_arch_protect                         0x080289db   Thumb Code    10  sys_arch.o(i.sys_arch_protect)
    sys_arch_sem_wait                        0x080289e5   Thumb Code    72  sys_arch.o(i.sys_arch_sem_wait)
    sys_arch_unprotect                       0x08028a2d   Thumb Code    10  sys_arch.o(i.sys_arch_unprotect)
    sys_check_timeouts                       0x08028a39   Thumb Code    74  timeouts.o(i.sys_check_timeouts)
    sys_init                                 0x08028a8d   Thumb Code    34  sys_arch.o(i.sys_init)
    sys_mbox_free                            0x08028ab9   Thumb Code    18  sys_arch.o(i.sys_mbox_free)
    sys_mbox_new                             0x08028acb   Thumb Code    32  sys_arch.o(i.sys_mbox_new)
    sys_mbox_set_invalid                     0x08028aeb   Thumb Code     6  sys_arch.o(i.sys_mbox_set_invalid)
    sys_mbox_trypost                         0x08028af1   Thumb Code    32  sys_arch.o(i.sys_mbox_trypost)
    sys_mbox_valid                           0x08028b11   Thumb Code    14  sys_arch.o(i.sys_mbox_valid)
    sys_mutex_lock                           0x08028b1f   Thumb Code    18  sys_arch.o(i.sys_mutex_lock)
    sys_mutex_new                            0x08028b31   Thumb Code    26  sys_arch.o(i.sys_mutex_new)
    sys_mutex_unlock                         0x08028b4b   Thumb Code    18  sys_arch.o(i.sys_mutex_unlock)
    sys_now                                  0x08028b5d   Thumb Code    16  sys_arch.o(i.sys_now)
    sys_sem_free                             0x08028b71   Thumb Code    16  sys_arch.o(i.sys_sem_free)
    sys_sem_new                              0x08028b81   Thumb Code    64  sys_arch.o(i.sys_sem_new)
    sys_sem_set_invalid                      0x08028bdd   Thumb Code     6  sys_arch.o(i.sys_sem_set_invalid)
    sys_sem_signal                           0x08028be3   Thumb Code    24  sys_arch.o(i.sys_sem_signal)
    sys_sem_valid                            0x08028bfb   Thumb Code    14  sys_arch.o(i.sys_sem_valid)
    sys_thread_new                           0x08028c09   Thumb Code    94  sys_arch.o(i.sys_thread_new)
    sys_timeout                              0x08028c71   Thumb Code    44  timeouts.o(i.sys_timeout)
    sys_timeouts_init                        0x08028d35   Thumb Code    30  timeouts.o(i.sys_timeouts_init)
    sys_timeouts_sleeptime                   0x08028d5d   Thumb Code    72  timeouts.o(i.sys_timeouts_sleeptime)
    tcp_abandon                              0x08028da9   Thumb Code   240  tcp.o(i.tcp_abandon)
    tcp_abort                                0x08028ea9   Thumb Code    14  tcp.o(i.tcp_abort)
    tcp_accept                               0x08028eb7   Thumb Code    16  tcp.o(i.tcp_accept)
    tcp_alloc                                0x08028ec9   Thumb Code   172  tcp.o(i.tcp_alloc)
    tcp_arg                                  0x08028f85   Thumb Code     6  tcp.o(i.tcp_arg)
    tcp_close                                0x08029089   Thumb Code    44  tcp.o(i.tcp_close)
    tcp_connect                              0x08029289   Thumb Code   342  tcp.o(i.tcp_connect)
    tcp_eff_send_mss_netif                   0x080294e1   Thumb Code    56  tcp.o(i.tcp_eff_send_mss_netif)
    tcp_enqueue_flags                        0x08029519   Thumb Code   322  tcp_out.o(i.tcp_enqueue_flags)
    tcp_err                                  0x0802965b   Thumb Code    22  tcp.o(i.tcp_err)
    tcp_fasttmr                              0x08029671   Thumb Code   142  tcp.o(i.tcp_fasttmr)
    tcp_free                                 0x0802970d   Thumb Code    28  tcp.o(i.tcp_free)
    tcp_init                                 0x08029859   Thumb Code     2  tcp.o(i.tcp_init)
    tcp_input                                0x0802985d   Thumb Code  1428  tcp_in.o(i.tcp_input)
    tcp_keepalive                            0x08029e6d   Thumb Code    82  tcp_out.o(i.tcp_keepalive)
    tcp_netif_ip_addr_changed                0x0802a161   Thumb Code    64  tcp.o(i.tcp_netif_ip_addr_changed)
    tcp_new_ip_type                          0x0802a1e1   Thumb Code    16  tcp.o(i.tcp_new_ip_type)
    tcp_next_iss                             0x0802a259   Thumb Code    32  tcp.o(i.tcp_next_iss)
    tcp_output                               0x0802a281   Thumb Code   640  tcp_out.o(i.tcp_output)
    tcp_pcb_purge                            0x0802a953   Thumb Code    74  tcp.o(i.tcp_pcb_purge)
    tcp_pcb_remove                           0x0802a99d   Thumb Code   160  tcp.o(i.tcp_pcb_remove)
    tcp_poll                                 0x0802aa3d   Thumb Code    32  tcp.o(i.tcp_poll)
    tcp_process_refused_data                 0x0802b05d   Thumb Code   162  tcp.o(i.tcp_process_refused_data)
    tcp_recv                                 0x0802b725   Thumb Code    22  tcp.o(i.tcp_recv)
    tcp_recv_null                            0x0802b73b   Thumb Code    58  tcp.o(i.tcp_recv_null)
    tcp_recved                               0x0802b775   Thumb Code   100  tcp.o(i.tcp_recved)
    tcp_rexmit                               0x0802b7fb   Thumb Code   126  tcp_out.o(i.tcp_rexmit)
    tcp_rexmit_fast                          0x0802b879   Thumb Code   126  tcp_out.o(i.tcp_rexmit_fast)
    tcp_rexmit_rto                           0x0802b8f7   Thumb Code    30  tcp_out.o(i.tcp_rexmit_rto)
    tcp_rexmit_rto_commit                    0x0802b915   Thumb Code    40  tcp_out.o(i.tcp_rexmit_rto_commit)
    tcp_rexmit_rto_prepare                   0x0802b93d   Thumb Code   134  tcp_out.o(i.tcp_rexmit_rto_prepare)
    tcp_rst                                  0x0802b9e1   Thumb Code   116  tcp_out.o(i.tcp_rst)
    tcp_seg_free                             0x0802ba55   Thumb Code    26  tcp.o(i.tcp_seg_free)
    tcp_segs_free                            0x0802ba6f   Thumb Code    24  tcp.o(i.tcp_segs_free)
    tcp_send_empty_ack                       0x0802ba87   Thumb Code   178  tcp_out.o(i.tcp_send_empty_ack)
    tcp_send_fin                             0x0802bb39   Thumb Code    88  tcp_out.o(i.tcp_send_fin)
    tcp_sent                                 0x0802bb91   Thumb Code    20  tcp.o(i.tcp_sent)
    tcp_shutdown                             0x0802bba5   Thumb Code   114  tcp.o(i.tcp_shutdown)
    tcp_slowtmr                              0x0802bc19   Thumb Code  1094  tcp.o(i.tcp_slowtmr)
    tcp_split_unsent_seg                     0x0802c065   Thumb Code   438  tcp_out.o(i.tcp_split_unsent_seg)
    tcp_timer_needed                         0x0802c21d   Thumb Code    38  timeouts.o(i.tcp_timer_needed)
    tcp_tmr                                  0x0802c30d   Thumb Code    30  tcp.o(i.tcp_tmr)
    tcp_trigger_input_pcb_close              0x0802c331   Thumb Code    14  tcp_in.o(i.tcp_trigger_input_pcb_close)
    tcp_update_rcv_ann_wnd                   0x0802c345   Thumb Code    98  tcp.o(i.tcp_update_rcv_ann_wnd)
    tcp_write                                0x0802c3a7   Thumb Code  1242  tcp_out.o(i.tcp_write)
    tcp_zero_window_probe                    0x0802c90f   Thumb Code   222  tcp_out.o(i.tcp_zero_window_probe)
    tcpip_init                               0x0802c9ed   Thumb Code    72  tcpip.o(i.tcpip_init)
    tcpip_inpkt                              0x0802ca51   Thumb Code    82  tcpip.o(i.tcpip_inpkt)
    tcpip_input                              0x0802caa9   Thumb Code    40  tcpip.o(i.tcpip_input)
    tcpip_send_msg_wait_sem                  0x0802cad9   Thumb Code    28  tcpip.o(i.tcpip_send_msg_wait_sem)
    udp_bind                                 0x0802cc75   Thumb Code   156  udp.o(i.udp_bind)
    udp_connect                              0x0802cd19   Thumb Code   118  udp.o(i.udp_connect)
    udp_disconnect                           0x0802cd95   Thumb Code    32  udp.o(i.udp_disconnect)
    udp_init                                 0x0802cdb5   Thumb Code     2  udp.o(i.udp_init)
    udp_input                                0x0802cdb9   Thumb Code   370  udp.o(i.udp_input)
    udp_netif_ip_addr_changed                0x0802cfa9   Thumb Code    42  udp.o(i.udp_netif_ip_addr_changed)
    udp_new                                  0x0802cfd9   Thumb Code    28  udp.o(i.udp_new)
    udp_new_ip_type                          0x0802cff5   Thumb Code    14  udp.o(i.udp_new_ip_type)
    udp_recv                                 0x0802d05d   Thumb Code    16  udp.o(i.udp_recv)
    udp_remove                               0x0802d06d   Thumb Code    74  udp.o(i.udp_remove)
    uxListRemove                             0x0802d0bd   Thumb Code    40  list.o(i.uxListRemove)
    uxQueueMessagesWaiting                   0x0802d0e5   Thumb Code    32  queue.o(i.uxQueueMessagesWaiting)
    vListInitialise                          0x0802d139   Thumb Code    26  list.o(i.vListInitialise)
    vListInitialiseItem                      0x0802d153   Thumb Code     6  list.o(i.vListInitialiseItem)
    vListInsert                              0x0802d159   Thumb Code    52  list.o(i.vListInsert)
    vListInsertEnd                           0x0802d18d   Thumb Code    24  list.o(i.vListInsertEnd)
    vPortEnterCritical                       0x0802d1a5   Thumb Code    68  port.o(i.vPortEnterCritical)
    vPortExitCritical                        0x0802d229   Thumb Code    48  port.o(i.vPortExitCritical)
    vPortFree                                0x0802d295   Thumb Code   120  heap_4.o(i.vPortFree)
    vPortSetupTimerInterrupt                 0x0802d34d   Thumb Code    26  port.o(i.vPortSetupTimerInterrupt)
    vPortValidateInterruptPriority           0x0802d36d   Thumb Code    86  port.o(i.vPortValidateInterruptPriority)
    vQueueDelete                             0x0802d409   Thumb Code    34  queue.o(i.vQueueDelete)
    vQueueUnregisterQueue                    0x0802d461   Thumb Code    44  queue.o(i.vQueueUnregisterQueue)
    vTaskDelay                               0x0802d491   Thumb Code    72  tasks.o(i.vTaskDelay)
    vTaskDelete                              0x0802d515   Thumb Code   192  tasks.o(i.vTaskDelete)
    vTaskMissedYield                         0x0802d631   Thumb Code     8  tasks.o(i.vTaskMissedYield)
    vTaskPlaceOnEventList                    0x0802d63d   Thumb Code    42  tasks.o(i.vTaskPlaceOnEventList)
    vTaskPriorityInherit                     0x0802d6a1   Thumb Code   164  tasks.o(i.vTaskPriorityInherit)
    vTaskSetTimeOutState                     0x0802d751   Thumb Code    32  tasks.o(i.vTaskSetTimeOutState)
    vTaskStartScheduler                      0x0802d7ad   Thumb Code    98  tasks.o(i.vTaskStartScheduler)
    vTaskSuspendAll                          0x0802d861   Thumb Code    12  tasks.o(i.vTaskSuspendAll)
    vTaskSwitchContext                       0x0802d871   Thumb Code   110  tasks.o(i.vTaskSwitchContext)
    write_byte                               0x0802d929   Thumb Code    44  buffer.o(i.write_byte)
    xPortStartScheduler                      0x0802d955   Thumb Code   258  port.o(i.xPortStartScheduler)
    xPortSysTickHandler                      0x0802daad   Thumb Code    46  port.o(i.xPortSysTickHandler)
    xQueueCreateCountingSemaphore            0x0802dae1   Thumb Code    72  queue.o(i.xQueueCreateCountingSemaphore)
    xQueueCreateMutex                        0x0802db5d   Thumb Code    34  queue.o(i.xQueueCreateMutex)
    xQueueGenericCreate                      0x0802db81   Thumb Code    78  queue.o(i.xQueueGenericCreate)
    xQueueGenericReceive                     0x0802dc05   Thumb Code   416  queue.o(i.xQueueGenericReceive)
    xQueueGenericReset                       0x0802dddd   Thumb Code   136  queue.o(i.xQueueGenericReset)
    xQueueGenericSend                        0x0802de9d   Thumb Code   380  queue.o(i.xQueueGenericSend)
    xQueueGiveFromISR                        0x0802e051   Thumb Code   194  queue.o(i.xQueueGiveFromISR)
    xTaskCheckForTimeOut                     0x0802e149   Thumb Code   116  tasks.o(i.xTaskCheckForTimeOut)
    xTaskCreate                              0x0802e1f9   Thumb Code    96  tasks.o(i.xTaskCreate)
    xTaskGetSchedulerState                   0x0802e259   Thumb Code    24  tasks.o(i.xTaskGetSchedulerState)
    xTaskGetTickCount                        0x0802e279   Thumb Code     6  tasks.o(i.xTaskGetTickCount)
    xTaskIncrementTick                       0x0802e285   Thumb Code   272  tasks.o(i.xTaskIncrementTick)
    xTaskPriorityDisinherit                  0x0802e3f5   Thumb Code   168  tasks.o(i.xTaskPriorityDisinherit)
    xTaskRemoveFromEventList                 0x0802e4dd   Thumb Code   118  tasks.o(i.xTaskRemoveFromEventList)
    xTaskResumeAll                           0x0802e5a1   Thumb Code   214  tasks.o(i.xTaskResumeAll)
    AHBPrescTable                            0x0802e6d0   Data          16  system_stm32f4xx.o(.constdata)
    APBPrescTable                            0x0802e6e0   Data           8  system_stm32f4xx.o(.constdata)
    netconn_aborted                          0x0802e6e8   Data           1  api_msg.o(.constdata)
    netconn_reset                            0x0802e6e9   Data           1  api_msg.o(.constdata)
    netconn_closed                           0x0802e6ea   Data           1  api_msg.o(.constdata)
    memp_UDP_PCB                             0x0802e730   Data          12  memp.o(.constdata)
    memp_TCP_PCB                             0x0802e73c   Data          12  memp.o(.constdata)
    memp_TCP_PCB_LISTEN                      0x0802e748   Data          12  memp.o(.constdata)
    memp_TCP_SEG                             0x0802e754   Data          12  memp.o(.constdata)
    memp_REASSDATA                           0x0802e760   Data          12  memp.o(.constdata)
    memp_FRAG_PBUF                           0x0802e76c   Data          12  memp.o(.constdata)
    memp_NETBUF                              0x0802e778   Data          12  memp.o(.constdata)
    memp_NETCONN                             0x0802e784   Data          12  memp.o(.constdata)
    memp_TCPIP_MSG_API                       0x0802e790   Data          12  memp.o(.constdata)
    memp_TCPIP_MSG_INPKT                     0x0802e79c   Data          12  memp.o(.constdata)
    memp_SYS_TIMEOUT                         0x0802e7a8   Data          12  memp.o(.constdata)
    memp_PBUF                                0x0802e7b4   Data          12  memp.o(.constdata)
    memp_PBUF_POOL                           0x0802e7c0   Data          12  memp.o(.constdata)
    memp_pools                               0x0802e7cc   Data          52  memp.o(.constdata)
    tcp_pcb_lists                            0x0802e840   Data          16  tcp.o(.constdata)
    lwip_cyclic_timers                       0x0802e850   Data          24  timeouts.o(.constdata)
    lwip_num_cyclic_timers                   0x0802e868   Data           4  timeouts.o(.constdata)
    ip_addr_any                              0x0802e86c   Data           4  ip4_addr.o(.constdata)
    ip_addr_broadcast                        0x0802e870   Data           4  ip4_addr.o(.constdata)
    ethbroadcast                             0x0802e874   Data           6  ethernet.o(.constdata)
    ethzero                                  0x0802e87a   Data           6  ethernet.o(.constdata)
    __ctype_table                            0x0802e880   Data         129  ctype_o.o(.constdata)
    Region$$Table$$Base                      0x0802e980   Number         0  anon$$obj.o(Region$$Table)
    Region$$Table$$Limit                     0x0802e9a0   Number         0  anon$$obj.o(Region$$Table)
    SystemCoreClock                          0x20000000   Data           4  system_stm32f4xx.o(.data)
    uwTick                                   0x20000004   Data           4  stm32f4xx_hal.o(.data)
    uwTickPrio                               0x20000008   Data           4  stm32f4xx_hal.o(.data)
    uwTickFreq                               0x2000000c   Data           1  stm32f4xx_hal.o(.data)
    pFlash                                   0x20000010   Data          32  stm32f4xx_hal_flash.o(.data)
    lock_tcpip_core                          0x2000004c   Data           4  tcpip.o(.data)
    netif_list                               0x20000094   Data           4  netif.o(.data)
    netif_default                            0x20000098   Data           4  netif.o(.data)
    tcp_ticks                                0x200000a4   Data           4  tcp.o(.data)
    tcp_bound_pcbs                           0x200000a8   Data           4  tcp.o(.data)
    tcp_listen_pcbs                          0x200000ac   Data           4  tcp.o(.data)
    tcp_active_pcbs                          0x200000b0   Data           4  tcp.o(.data)
    tcp_tw_pcbs                              0x200000b4   Data           4  tcp.o(.data)
    tcp_active_pcbs_changed                  0x200000b8   Data           1  tcp.o(.data)
    tcp_input_pcb                            0x200000e4   Data           4  tcp_in.o(.data)
    udp_pcbs                                 0x200000f8   Data           4  udp.o(.data)
    s_xSemaphore                             0x20000108   Data           4  ethernetif.o(.data)
    tx_sem                                   0x2000010c   Data           4  ethernetif.o(.data)
    eth_tx_mb                                0x20000110   Data           4  ethernetif.o(.data)
    lwip_sys_now                             0x20000118   Data           4  sys_arch.o(.data)
    errno                                    0x20000120   Data           4  sys_arch.o(.data)
    ipaddr                                   0x20000124   Data           4  netconf.o(.data)
    netmask                                  0x20000128   Data           4  netconf.o(.data)
    gw                                       0x2000012c   Data           4  netconf.o(.data)
    IP_ADDRESS                               0x20000130   Data           4  netconf.o(.data)
    NETMASK_ADDRESS                          0x20000134   Data           4  netconf.o(.data)
    GATEWAY_ADDRESS                          0x20000138   Data           4  netconf.o(.data)
    pxCurrentTCB                             0x20000160   Data           4  tasks.o(.data)
    __stdout                                 0x2000019c   Data           4  stdout.o(.data)
    __microlib_freelist                      0x200001a0   Data           4  mvars.o(.data)
    __microlib_freelist_initialised          0x200001a4   Data           4  mvars.o(.data)
    xBuffer                                  0x200001a8   Data         528  main.o(.bss)
    xFrame                                   0x200003b8   Data         144  main.o(.bss)
    UartHandle                               0x20000448   Data          72  bsp_debug_usart.o(.bss)
    heth                                     0x20000490   Data          72  bsp_eth.o(.bss)
    DMARxDscrTab                             0x200004d8   Data         256  bsp_eth.o(.bss)
    DMATxDscrTab                             0x200005d8   Data         256  bsp_eth.o(.bss)
    Rx_Buff                                  0x200006d8   Data       12192  bsp_eth.o(.bss)
    Tx_Buff                                  0x20003678   Data       12192  bsp_eth.o(.bss)
    ip_data                                  0x20006658   Data          24  ip.o(.bss)
    ram_heap                                 0x20006670   Data       10259  mem.o(.bss)
    memp_memory_UDP_PCB_base                 0x20008e83   Data         195  memp.o(.bss)
    memp_memory_TCP_PCB_base                 0x20008f46   Data        1523  memp.o(.bss)
    memp_memory_TCP_PCB_LISTEN_base          0x20009539   Data         171  memp.o(.bss)
    memp_memory_TCP_SEG_base                 0x200095e4   Data         195  memp.o(.bss)
    memp_memory_REASSDATA_base               0x200096a7   Data         163  memp.o(.bss)
    memp_memory_FRAG_PBUF_base               0x2000974a   Data         363  memp.o(.bss)
    memp_memory_NETBUF_base                  0x200098b5   Data          35  memp.o(.bss)
    memp_memory_NETCONN_base                 0x200098d8   Data         163  memp.o(.bss)
    memp_memory_TCPIP_MSG_API_base           0x2000997b   Data         131  memp.o(.bss)
    memp_memory_TCPIP_MSG_INPKT_base         0x200099fe   Data         131  memp.o(.bss)
    memp_memory_SYS_TIMEOUT_base             0x20009a81   Data         163  memp.o(.bss)
    memp_memory_PBUF_base                    0x20009b24   Data         803  memp.o(.bss)
    memp_memory_PBUF_POOL_base               0x20009e47   Data        5163  memp.o(.bss)
    gnetif                                   0x2000b3c4   Data          48  netconf.o(.bss)
    xQueueRegistry                           0x200117f4   Data          80  queue.o(.bss)
    __heap_base                              0x20011b28   Data           0  startup_stm32f407xx.o(HEAP)
    __heap_limit                             0x20011d28   Data           0  startup_stm32f407xx.o(HEAP)
    __initial_sp                             0x20012128   Data           0  startup_stm32f407xx.o(STACK)



==============================================================================

Memory Map of the image

  Image Entry point : 0x08020189

  Load Region LR_IROM1 (Base: 0x08020000, Size: 0x0000eb48, Max: 0x00020000, ABSOLUTE, COMPRESSED[0x0000e9bc])

    Execution Region ER_IROM1 (Exec base: 0x08020000, Load base: 0x08020000, Size: 0x0000e9a0, Max: 0x00020000, ABSOLUTE)

    Exec Addr    Load Addr    Size         Type   Attr      Idx    E Section Name        Object

    0x08020000   0x08020000   0x00000188   Data   RO            3    RESET               startup_stm32f407xx.o
    0x08020188   0x08020188   0x00000000   Code   RO        14710  * .ARM.Collect$$$$00000000  mc_w.l(entry.o)
    0x08020188   0x08020188   0x00000004   Code   RO        15050    .ARM.Collect$$$$00000001  mc_w.l(entry2.o)
    0x0802018c   0x0802018c   0x00000004   Code   RO        15053    .ARM.Collect$$$$00000004  mc_w.l(entry5.o)
    0x08020190   0x08020190   0x00000000   Code   RO        15055    .ARM.Collect$$$$00000008  mc_w.l(entry7b.o)
    0x08020190   0x08020190   0x00000000   Code   RO        15057    .ARM.Collect$$$$0000000A  mc_w.l(entry8b.o)
    0x08020190   0x08020190   0x00000008   Code   RO        15058    .ARM.Collect$$$$0000000B  mc_w.l(entry9a.o)
    0x08020198   0x08020198   0x00000000   Code   RO        15060    .ARM.Collect$$$$0000000D  mc_w.l(entry10a.o)
    0x08020198   0x08020198   0x00000000   Code   RO        15062    .ARM.Collect$$$$0000000F  mc_w.l(entry11a.o)
    0x08020198   0x08020198   0x00000004   Code   RO        15051    .ARM.Collect$$$$00002712  mc_w.l(entry2.o)
    0x0802019c   0x0802019c   0x000000b6   Code   RO        13947    .emb_text           port.o
    0x08020252   0x08020252   0x00000002   PAD
    0x08020254   0x08020254   0x00000024   Code   RO            4    .text               startup_stm32f407xx.o
    0x08020278   0x08020278   0x00000062   Code   RO        14713    .text               mc_w.l(uldiv.o)
    0x080202da   0x080202da   0x00000002   PAD
    0x080202dc   0x080202dc   0x00000008   Code   RO        14715    .text               mc_w.l(ctype_o.o)
    0x080202e4   0x080202e4   0x00000040   Code   RO        14745    .text               mc_w.l(memmovea.o)
    0x08020324   0x08020324   0x00000024   Code   RO        14747    .text               mc_w.l(memseta.o)
    0x08020348   0x08020348   0x0000001a   Code   RO        14751    .text               mc_w.l(memcmp.o)
    0x08020362   0x08020362   0x0000002c   Code   RO        15065    .text               mc_w.l(uidiv.o)
    0x0802038e   0x0802038e   0x0000001e   Code   RO        15067    .text               mc_w.l(llshl.o)
    0x080203ac   0x080203ac   0x00000020   Code   RO        15069    .text               mc_w.l(llushr.o)
    0x080203cc   0x080203cc   0x00000024   Code   RO        15093    .text               mc_w.l(init.o)
    0x080203f0   0x080203f0   0x0000003a   Code   RO        15111    .text               mc_w.l(__dczerorl.o)
    0x0802042a   0x0802042a   0x00000002   PAD
    0x0802042c   0x0802042c   0x000000a4   Code   RO         9897    i.Bsp_Eth_Init      bsp_eth.o
    0x080204d0   0x080204d0   0x00000018   Code   RO         9971    i.BufferInit        buffer.o
    0x080204e8   0x080204e8   0x0000000c   Code   RO         9972    i.BufferReadyRelease  buffer.o
    0x080204f4   0x080204f4   0x0000001c   Code   RO         9974    i.BufferWrite       buffer.o
    0x08020510   0x08020510   0x00000004   Code   RO         9719    i.BusFault_Handler  stm32f4xx_it.o
    0x08020514   0x08020514   0x000000f0   Code   RO         9591    i.CheckUpgrade_Task  main.o
    0x08020604   0x08020604   0x0000003c   Code   RO         9837    i.DEBUG_USART_Config  bsp_debug_usart.o
    0x08020640   0x08020640   0x00000002   Code   RO         9720    i.DebugMon_Handler  stm32f4xx_it.o
    0x08020642   0x08020642   0x00000016   Code   RO         1869    i.ETH_DMAReceptionEnable  stm32f4xx_hal_eth.o
    0x08020658   0x08020658   0x00000016   Code   RO         1871    i.ETH_DMATransmissionEnable  stm32f4xx_hal_eth.o
    0x0802066e   0x0802066e   0x00000002   PAD
    0x08020670   0x08020670   0x00000028   Code   RO         1872    i.ETH_Delay         stm32f4xx_hal_eth.o
    0x08020698   0x08020698   0x00000038   Code   RO         1873    i.ETH_FlushTransmitFIFO  stm32f4xx_hal_eth.o
    0x080206d0   0x080206d0   0x00000030   Code   RO         9721    i.ETH_IRQHandler    stm32f4xx_it.o
    0x08020700   0x08020700   0x00000034   Code   RO         1874    i.ETH_MACAddressConfig  stm32f4xx_hal_eth.o
    0x08020734   0x08020734   0x00000244   Code   RO         1875    i.ETH_MACDMAConfig  stm32f4xx_hal_eth.o
    0x08020978   0x08020978   0x00000028   Code   RO         1877    i.ETH_MACReceptionEnable  stm32f4xx_hal_eth.o
    0x080209a0   0x080209a0   0x00000028   Code   RO         1879    i.ETH_MACTransmissionEnable  stm32f4xx_hal_eth.o
    0x080209c8   0x080209c8   0x00000004   Code   RO         9592    i.Error_Handler     main.o
    0x080209cc   0x080209cc   0x00000064   Code   RO         9898    i.Eth_Reset         bsp_eth.o
    0x08020a30   0x08020a30   0x0000005c   Code   RO         2256    i.FLASH_Erase_Sector  stm32f4xx_hal_flash_ex.o
    0x08020a8c   0x08020a8c   0x00000078   Code   RO         2257    i.FLASH_FlushCaches  stm32f4xx_hal_flash_ex.o
    0x08020b04   0x08020b04   0x00000030   Code   RO         2258    i.FLASH_MassErase   stm32f4xx_hal_flash_ex.o
    0x08020b34   0x08020b34   0x00000024   Code   RO         2138    i.FLASH_Program_Byte  stm32f4xx_hal_flash.o
    0x08020b58   0x08020b58   0x00000030   Code   RO         2139    i.FLASH_Program_DoubleWord  stm32f4xx_hal_flash.o
    0x08020b88   0x08020b88   0x00000028   Code   RO         2140    i.FLASH_Program_HalfWord  stm32f4xx_hal_flash.o
    0x08020bb0   0x08020bb0   0x00000028   Code   RO         2141    i.FLASH_Program_Word  stm32f4xx_hal_flash.o
    0x08020bd8   0x08020bd8   0x00000098   Code   RO         2142    i.FLASH_SetErrorCode  stm32f4xx_hal_flash.o
    0x08020c70   0x08020c70   0x00000064   Code   RO         2143    i.FLASH_WaitForLastOperation  stm32f4xx_hal_flash.o
    0x08020cd4   0x08020cd4   0x000000c0   Code   RO         9593    i.GPIO_CLK_Init     main.o
    0x08020d94   0x08020d94   0x00000028   Code   RO          297    i.HAL_Delay         stm32f4xx_hal.o
    0x08020dbc   0x08020dbc   0x0000008c   Code   RO         1882    i.HAL_ETH_DMARxDescListInit  stm32f4xx_hal_eth.o
    0x08020e48   0x08020e48   0x00000084   Code   RO         1883    i.HAL_ETH_DMATxDescListInit  stm32f4xx_hal_eth.o
    0x08020ecc   0x08020ecc   0x00000020   Code   RO         1884    i.HAL_ETH_DeInit    stm32f4xx_hal_eth.o
    0x08020eec   0x08020eec   0x00000002   Code   RO         1885    i.HAL_ETH_ErrorCallback  stm32f4xx_hal_eth.o
    0x08020eee   0x08020eee   0x000000b2   Code   RO         1886    i.HAL_ETH_GetReceivedFrame  stm32f4xx_hal_eth.o
    0x08020fa0   0x08020fa0   0x000000a4   Code   RO         1889    i.HAL_ETH_IRQHandler  stm32f4xx_hal_eth.o
    0x08021044   0x08021044   0x0000029c   Code   RO         1890    i.HAL_ETH_Init      stm32f4xx_hal_eth.o
    0x080212e0   0x080212e0   0x0000006c   Code   RO         9899    i.HAL_ETH_MspDeInit  bsp_eth.o
    0x0802134c   0x0802134c   0x0000010c   Code   RO         9900    i.HAL_ETH_MspInit   bsp_eth.o
    0x08021458   0x08021458   0x00000092   Code   RO         1893    i.HAL_ETH_ReadPHYRegister  stm32f4xx_hal_eth.o
    0x080214ea   0x080214ea   0x00000002   PAD
    0x080214ec   0x080214ec   0x00000030   Code   RO         9901    i.HAL_ETH_RxCpltCallback  bsp_eth.o
    0x0802151c   0x0802151c   0x00000052   Code   RO         1895    i.HAL_ETH_Start     stm32f4xx_hal_eth.o
    0x0802156e   0x0802156e   0x0000013e   Code   RO         1897    i.HAL_ETH_TransmitFrame  stm32f4xx_hal_eth.o
    0x080216ac   0x080216ac   0x00000002   Code   RO         9902    i.HAL_ETH_TxCpltCallback  bsp_eth.o
    0x080216ae   0x080216ae   0x00000090   Code   RO         1899    i.HAL_ETH_WritePHYRegister  stm32f4xx_hal_eth.o
    0x0802173e   0x0802173e   0x00000002   PAD
    0x08021740   0x08021740   0x000000ac   Code   RO         2268    i.HAL_FLASHEx_Erase  stm32f4xx_hal_flash_ex.o
    0x080217ec   0x080217ec   0x00000014   Code   RO         2147    i.HAL_FLASH_Lock    stm32f4xx_hal_flash.o
    0x08021800   0x08021800   0x00000090   Code   RO         2152    i.HAL_FLASH_Program  stm32f4xx_hal_flash.o
    0x08021890   0x08021890   0x00000034   Code   RO         2154    i.HAL_FLASH_Unlock  stm32f4xx_hal_flash.o
    0x080218c4   0x080218c4   0x00000168   Code   RO         2451    i.HAL_GPIO_DeInit   stm32f4xx_hal_gpio.o
    0x08021a2c   0x08021a2c   0x000001f4   Code   RO         2454    i.HAL_GPIO_Init     stm32f4xx_hal_gpio.o
    0x08021c20   0x08021c20   0x0000000c   Code   RO         2458    i.HAL_GPIO_WritePin  stm32f4xx_hal_gpio.o
    0x08021c2c   0x08021c2c   0x0000000c   Code   RO          302    i.HAL_GetREVID      stm32f4xx_hal.o
    0x08021c38   0x08021c38   0x0000000c   Code   RO          303    i.HAL_GetTick       stm32f4xx_hal.o
    0x08021c44   0x08021c44   0x00000018   Code   RO          309    i.HAL_IncTick       stm32f4xx_hal.o
    0x08021c5c   0x08021c5c   0x0000003c   Code   RO          310    i.HAL_Init          stm32f4xx_hal.o
    0x08021c98   0x08021c98   0x0000004c   Code   RO          311    i.HAL_InitTick      stm32f4xx_hal.o
    0x08021ce4   0x08021ce4   0x00000002   Code   RO         4138    i.HAL_MspInit       stm32f4xx_hal_msp_template.o
    0x08021ce6   0x08021ce6   0x00000028   Code   RO         1015    i.HAL_NVIC_EnableIRQ  stm32f4xx_hal_cortex.o
    0x08021d0e   0x08021d0e   0x0000007c   Code   RO         1021    i.HAL_NVIC_SetPriority  stm32f4xx_hal_cortex.o
    0x08021d8a   0x08021d8a   0x00000002   PAD
    0x08021d8c   0x08021d8c   0x00000028   Code   RO         1022    i.HAL_NVIC_SetPriorityGrouping  stm32f4xx_hal_cortex.o
    0x08021db4   0x08021db4   0x00000184   Code   RO         5049    i.HAL_RCC_ClockConfig  stm32f4xx_hal_rcc.o
    0x08021f38   0x08021f38   0x0000000c   Code   RO         5054    i.HAL_RCC_GetHCLKFreq  stm32f4xx_hal_rcc.o
    0x08021f44   0x08021f44   0x00000020   Code   RO         5056    i.HAL_RCC_GetPCLK1Freq  stm32f4xx_hal_rcc.o
    0x08021f64   0x08021f64   0x00000020   Code   RO         5057    i.HAL_RCC_GetPCLK2Freq  stm32f4xx_hal_rcc.o
    0x08021f84   0x08021f84   0x000000b0   Code   RO         5058    i.HAL_RCC_GetSysClockFreq  stm32f4xx_hal_rcc.o
    0x08022034   0x08022034   0x0000049c   Code   RO         5061    i.HAL_RCC_OscConfig  stm32f4xx_hal_rcc.o
    0x080224d0   0x080224d0   0x00000028   Code   RO         1024    i.HAL_SYSTICK_CLKSourceConfig  stm32f4xx_hal_cortex.o
    0x080224f8   0x080224f8   0x00000034   Code   RO         1026    i.HAL_SYSTICK_Config  stm32f4xx_hal_cortex.o
    0x0802252c   0x0802252c   0x00000076   Code   RO         8034    i.HAL_UART_Init     stm32f4xx_hal_uart.o
    0x080225a2   0x080225a2   0x00000002   PAD
    0x080225a4   0x080225a4   0x000000b4   Code   RO         9838    i.HAL_UART_MspInit  bsp_debug_usart.o
    0x08022658   0x08022658   0x000000be   Code   RO         8042    i.HAL_UART_Transmit  stm32f4xx_hal_uart.o
    0x08022716   0x08022716   0x00000004   Code   RO         9722    i.HardFault_Handler  stm32f4xx_it.o
    0x0802271a   0x0802271a   0x00000002   PAD
    0x0802271c   0x0802271c   0x000000ac   Code   RO         9810    i.LED_GPIO_Config   bsp_led.o
    0x080227c8   0x080227c8   0x0000001c   Code   RO         9594    i.LED_Task          main.o
    0x080227e4   0x080227e4   0x000000bc   Code   RO        13842    i.LwIP_Init         netconf.o
    0x080228a0   0x080228a0   0x00000004   Code   RO         9723    i.MemManage_Handler  stm32f4xx_it.o
    0x080228a4   0x080228a4   0x00000002   Code   RO         9724    i.NMI_Handler       stm32f4xx_it.o
    0x080228a6   0x080228a6   0x0000000a   Code   RO         9595    i.Send_NACK         main.o
    0x080228b0   0x080228b0   0x000000b0   Code   RO         9596    i.StartupTask       main.o
    0x08022960   0x08022960   0x00000034   Code   RO         9725    i.SysTick_Handler   stm32f4xx_it.o
    0x08022994   0x08022994   0x000000e0   Code   RO         9597    i.SystemClock_Config  main.o
    0x08022a74   0x08022a74   0x00000020   Code   RO           14    i.SystemInit        system_stm32f4xx.o
    0x08022a94   0x08022a94   0x0000006c   Code   RO         8057    i.UART_EndRxTransfer  stm32f4xx_hal_uart.o
    0x08022b00   0x08022b00   0x0000022c   Code   RO         8061    i.UART_SetConfig    stm32f4xx_hal_uart.o
    0x08022d2c   0x08022d2c   0x0000008c   Code   RO         8065    i.UART_WaitOnFlagUntilTimeout  stm32f4xx_hal_uart.o
    0x08022db8   0x08022db8   0x0000002c   Code   RO         9726    i.USART1_IRQHandler  stm32f4xx_it.o
    0x08022de4   0x08022de4   0x00000004   Code   RO         9727    i.UsageFault_Handler  stm32f4xx_it.o
    0x08022de8   0x08022de8   0x0000001c   Code   RO         9839    i.Usart_SendByte    bsp_debug_usart.o
    0x08022e04   0x08022e04   0x00000024   Code   RO         9840    i.Usart_SendString  bsp_debug_usart.o
    0x08022e28   0x08022e28   0x00000020   Code   RO        14848    i.__0printf$3       mc_w.l(printf3.o)
    0x08022e48   0x08022e48   0x00000010   Code   RO         1028    i.__NVIC_GetPriorityGrouping  stm32f4xx_hal_cortex.o
    0x08022e58   0x08022e58   0x00000028   Code   RO         1029    i.__NVIC_SetPriority  stm32f4xx_hal_cortex.o
    0x08022e80   0x08022e80   0x0000000e   Code   RO        15105    i.__scatterload_copy  mc_w.l(handlers.o)
    0x08022e8e   0x08022e8e   0x00000002   Code   RO        15106    i.__scatterload_null  mc_w.l(handlers.o)
    0x08022e90   0x08022e90   0x0000000e   Code   RO        15107    i.__scatterload_zeroinit  mc_w.l(handlers.o)
    0x08022e9e   0x08022e9e   0x00000002   PAD
    0x08022ea0   0x08022ea0   0x000001b8   Code   RO        14855    i._printf_core      mc_w.l(printf3.o)
    0x08023058   0x08023058   0x00000098   Code   RO        10875    i.alloc_socket      sockets.o
    0x080230f0   0x080230f0   0x0000002c   Code   RO        10064    i.client_init       tcp_client.o
    0x0802311c   0x0802311c   0x000000c2   Code   RO         9978    i.crc_check         buffer.o
    0x080231de   0x080231de   0x00000032   Code   RO        11764    i.do_memp_free_pool  memp.o
    0x08023210   0x08023210   0x00000038   Code   RO        11765    i.do_memp_malloc_pool  memp.o
    0x08023248   0x08023248   0x00000108   Code   RO        10455    i.err_tcp           api_msg.o
    0x08023350   0x08023350   0x00000020   Code   RO        10669    i.err_to_errno      err.o
    0x08023370   0x08023370   0x00000038   Code   RO        13177    i.etharp_cleanup_netif  etharp.o
    0x080233a8   0x080233a8   0x000001b8   Code   RO        13179    i.etharp_find_entry  etharp.o
    0x08023560   0x08023560   0x00000040   Code   RO        13180    i.etharp_free_entry  etharp.o
    0x080235a0   0x080235a0   0x000000d2   Code   RO        13182    i.etharp_input      etharp.o
    0x08023672   0x08023672   0x00000002   PAD
    0x08023674   0x08023674   0x0000016c   Code   RO        13183    i.etharp_output     etharp.o
    0x080237e0   0x080237e0   0x000000cc   Code   RO        13184    i.etharp_output_to_arp_index  etharp.o
    0x080238ac   0x080238ac   0x000001d4   Code   RO        13185    i.etharp_query      etharp.o
    0x08023a80   0x08023a80   0x000000b6   Code   RO        13186    i.etharp_raw        etharp.o
    0x08023b36   0x08023b36   0x00000002   PAD
    0x08023b38   0x08023b38   0x00000018   Code   RO        13187    i.etharp_request    etharp.o
    0x08023b50   0x08023b50   0x0000002c   Code   RO        13188    i.etharp_request_dst  etharp.o
    0x08023b7c   0x08023b7c   0x000000dc   Code   RO        13189    i.etharp_tmr        etharp.o
    0x08023c58   0x08023c58   0x000000cc   Code   RO        13190    i.etharp_update_arp_entry  etharp.o
    0x08023d24   0x08023d24   0x000000c4   Code   RO        13554    i.ethernet_input    ethernet.o
    0x08023de8   0x08023de8   0x00000062   Code   RO        13555    i.ethernet_output   ethernet.o
    0x08023e4a   0x08023e4a   0x00000002   PAD
    0x08023e4c   0x08023e4c   0x0000004c   Code   RO        13591    i.ethernetif_init   ethernetif.o
    0x08023e98   0x08023e98   0x00000060   Code   RO        13592    i.ethernetif_input  ethernetif.o
    0x08023ef8   0x08023ef8   0x000000f8   Code   RO        10876    i.event_callback    sockets.o
    0x08023ff0   0x08023ff0   0x0000001c   Code   RO         9842    i.fputc             bsp_debug_usart.o
    0x0802400c   0x0802400c   0x00000050   Code   RO        15020    i.free              mc_w.l(malloc.o)
    0x0802405c   0x0802405c   0x00000032   Code   RO        10877    i.free_socket       sockets.o
    0x0802408e   0x0802408e   0x00000026   Code   RO        10878    i.free_socket_free_elements  sockets.o
    0x080240b4   0x080240b4   0x00000018   Code   RO        10879    i.free_socket_locked  sockets.o
    0x080240cc   0x080240cc   0x00000034   Code   RO         9979    i.get_byte          buffer.o
    0x08024100   0x08024100   0x000000b8   Code   RO         9980    i.get_frame         buffer.o
    0x080241b8   0x080241b8   0x0000001a   Code   RO         9981    i.get_halfword      buffer.o
    0x080241d2   0x080241d2   0x00000002   PAD
    0x080241d4   0x080241d4   0x00000024   Code   RO        10880    i.get_socket        sockets.o
    0x080241f8   0x080241f8   0x00000012   Code   RO        13288    i.icmp_dest_unreach  icmp.o
    0x0802420a   0x0802420a   0x00000002   PAD
    0x0802420c   0x0802420c   0x0000019c   Code   RO        13289    i.icmp_input        icmp.o
    0x080243a8   0x080243a8   0x0000007e   Code   RO        13290    i.icmp_send_response  icmp.o
    0x08024426   0x08024426   0x00000012   Code   RO        13291    i.icmp_time_exceeded  icmp.o
    0x08024438   0x08024438   0x00000056   Code   RO        11506    i.inet_chksum_pbuf  inet_chksum.o
    0x0802448e   0x0802448e   0x0000004e   Code   RO        13405    i.ip4_addr_isbroadcast_u32  ip4_addr.o
    0x080244dc   0x080244dc   0x000001f0   Code   RO        13473    i.ip4_frag          ip4_frag.o
    0x080246cc   0x080246cc   0x0000019c   Code   RO        13350    i.ip4_input         ip4.o
    0x08024868   0x08024868   0x00000034   Code   RO        13351    i.ip4_input_accept  ip4.o
    0x0802489c   0x0802489c   0x00000036   Code   RO        13353    i.ip4_output_if     ip4.o
    0x080248d2   0x080248d2   0x00000002   PAD
    0x080248d4   0x080248d4   0x000000e8   Code   RO        13354    i.ip4_output_if_src  ip4.o
    0x080249bc   0x080249bc   0x00000228   Code   RO        13474    i.ip4_reass         ip4_frag.o
    0x08024be4   0x08024be4   0x00000094   Code   RO        13355    i.ip4_route         ip4.o
    0x08024c78   0x08024c78   0x00000190   Code   RO        13407    i.ip4addr_aton      ip4_addr.o
    0x08024e08   0x08024e08   0x0000000a   Code   RO        13475    i.ip_frag_alloc_pbuf_custom_ref  ip4_frag.o
    0x08024e12   0x08024e12   0x00000018   Code   RO        13476    i.ip_frag_free_pbuf_custom_ref  ip4_frag.o
    0x08024e2a   0x08024e2a   0x000001c6   Code   RO        13477    i.ip_reass_chain_frag_into_datagram_and_validate  ip4_frag.o
    0x08024ff0   0x08024ff0   0x00000034   Code   RO        13478    i.ip_reass_dequeue_datagram  ip4_frag.o
    0x08025024   0x08025024   0x00000054   Code   RO        13479    i.ip_reass_enqueue_new_datagram  ip4_frag.o
    0x08025078   0x08025078   0x000000d8   Code   RO        13480    i.ip_reass_free_complete_datagram  ip4_frag.o
    0x08025150   0x08025150   0x00000088   Code   RO        13481    i.ip_reass_remove_oldest_datagram  ip4_frag.o
    0x080251d8   0x080251d8   0x00000034   Code   RO        13482    i.ip_reass_tmr      ip4_frag.o
    0x0802520c   0x0802520c   0x00000018   Code   RO        13410    i.ipaddr_addr       ip4_addr.o
    0x08025224   0x08025224   0x0000002e   Code   RO        13483    i.ipfrag_free_pbuf_custom  ip4_frag.o
    0x08025252   0x08025252   0x00000002   PAD
    0x08025254   0x08025254   0x0000013c   Code   RO        13593    i.low_level_init    ethernetif.o
    0x08025390   0x08025390   0x00000104   Code   RO        13594    i.low_level_input   ethernetif.o
    0x08025494   0x08025494   0x00000108   Code   RO        13595    i.low_level_output  ethernetif.o
    0x0802559c   0x0802559c   0x00000078   Code   RO        10883    i.lwip_close        sockets.o
    0x08025614   0x08025614   0x000000ac   Code   RO        10884    i.lwip_connect      sockets.o
    0x080256c0   0x080256c0   0x00000050   Code   RO        12902    i.lwip_cyclic_timer  timeouts.o
    0x08025710   0x08025710   0x0000001a   Code   RO        11427    i.lwip_htonl        def.o
    0x0802572a   0x0802572a   0x0000000c   Code   RO        11428    i.lwip_htons        def.o
    0x08025736   0x08025736   0x00000036   Code   RO        11578    i.lwip_init         init.o
    0x0802576c   0x0802576c   0x000000b0   Code   RO        10458    i.lwip_netconn_do_close  api_msg.o
    0x0802581c   0x0802581c   0x000001e4   Code   RO        10459    i.lwip_netconn_do_close_internal  api_msg.o
    0x08025a00   0x08025a00   0x00000108   Code   RO        10460    i.lwip_netconn_do_connect  api_msg.o
    0x08025b08   0x08025b08   0x000000a8   Code   RO        10461    i.lwip_netconn_do_connected  api_msg.o
    0x08025bb0   0x08025bb0   0x00000124   Code   RO        10462    i.lwip_netconn_do_delconn  api_msg.o
    0x08025cd4   0x08025cd4   0x00000026   Code   RO        10463    i.lwip_netconn_do_disconnect  api_msg.o
    0x08025cfa   0x08025cfa   0x000000ae   Code   RO        10464    i.lwip_netconn_do_getaddr  api_msg.o
    0x08025da8   0x08025da8   0x00000018   Code   RO        10466    i.lwip_netconn_do_newconn  api_msg.o
    0x08025dc0   0x08025dc0   0x00000048   Code   RO        10467    i.lwip_netconn_do_recv  api_msg.o
    0x08025e08   0x08025e08   0x00000262   Code   RO        10470    i.lwip_netconn_do_writemore  api_msg.o
    0x0802606a   0x0802606a   0x00000002   PAD
    0x0802606c   0x0802606c   0x0000003c   Code   RO        10471    i.lwip_netconn_err_to_msg  api_msg.o
    0x080260a8   0x080260a8   0x00000048   Code   RO        10472    i.lwip_netconn_is_err_msg  api_msg.o
    0x080260f0   0x080260f0   0x00000048   Code   RO        10897    i.lwip_poll_should_wake  sockets.o
    0x08026138   0x08026138   0x0000001c   Code   RO        10899    i.lwip_read         sockets.o
    0x08026154   0x08026154   0x00000154   Code   RO        10902    i.lwip_recv_tcp     sockets.o
    0x080262a8   0x080262a8   0x00000044   Code   RO        10903    i.lwip_recv_tcp_from  sockets.o
    0x080262ec   0x080262ec   0x00000100   Code   RO        10904    i.lwip_recvfrom     sockets.o
    0x080263ec   0x080263ec   0x0000010c   Code   RO        10905    i.lwip_recvfrom_udp_raw  sockets.o
    0x080264f8   0x080264f8   0x00000086   Code   RO        10915    i.lwip_sock_make_addr  sockets.o
    0x0802657e   0x0802657e   0x00000002   PAD
    0x08026580   0x08026580   0x000000a8   Code   RO        10916    i.lwip_socket       sockets.o
    0x08026628   0x08026628   0x0000005e   Code   RO        11513    i.lwip_standard_chksum  inet_chksum.o
    0x08026686   0x08026686   0x00000002   PAD
    0x08026688   0x08026688   0x00000098   Code   RO         9598    i.main              main.o
    0x08026720   0x08026720   0x0000006c   Code   RO        15021    i.malloc            mc_w.l(malloc.o)
    0x0802678c   0x0802678c   0x000000dc   Code   RO        11683    i.mem_free          mem.o
    0x08026868   0x08026868   0x00000070   Code   RO        11684    i.mem_init          mem.o
    0x080268d8   0x080268d8   0x00000058   Code   RO        11685    i.mem_link_valid    mem.o
    0x08026930   0x08026930   0x00000168   Code   RO        11686    i.mem_malloc        mem.o
    0x08026a98   0x08026a98   0x00000010   Code   RO        11687    i.mem_to_ptr        mem.o
    0x08026aa8   0x08026aa8   0x00000174   Code   RO        11688    i.mem_trim          mem.o
    0x08026c1c   0x08026c1c   0x00000028   Code   RO        11766    i.memp_free         memp.o
    0x08026c44   0x08026c44   0x00000020   Code   RO        11768    i.memp_init         memp.o
    0x08026c64   0x08026c64   0x0000002c   Code   RO        11769    i.memp_init_pool    memp.o
    0x08026c90   0x08026c90   0x00000024   Code   RO        11770    i.memp_malloc       memp.o
    0x08026cb4   0x08026cb4   0x00000020   Code   RO        10757    i.netbuf_delete     netbuf.o
    0x08026cd4   0x08026cd4   0x00000092   Code   RO        10473    i.netconn_alloc     api_msg.o
    0x08026d66   0x08026d66   0x00000022   Code   RO        10193    i.netconn_apimsg    api_lib.o
    0x08026d88   0x08026d88   0x00000034   Code   RO        10197    i.netconn_close_shutdown  api_lib.o
    0x08026dbc   0x08026dbc   0x0000003c   Code   RO        10198    i.netconn_connect   api_lib.o
    0x08026df8   0x08026df8   0x0000001e   Code   RO        10199    i.netconn_delete    api_lib.o
    0x08026e16   0x08026e16   0x00000002   PAD
    0x08026e18   0x08026e18   0x00000028   Code   RO        10200    i.netconn_disconnect  api_lib.o
    0x08026e40   0x08026e40   0x000000aa   Code   RO        10474    i.netconn_drain     api_msg.o
    0x08026eea   0x08026eea   0x00000022   Code   RO        10201    i.netconn_err       api_lib.o
    0x08026f0c   0x08026f0c   0x0000004e   Code   RO        10475    i.netconn_free      api_msg.o
    0x08026f5a   0x08026f5a   0x00000002   PAD
    0x08026f5c   0x08026f5c   0x00000054   Code   RO        10202    i.netconn_getaddr   api_lib.o
    0x08026fb0   0x08026fb0   0x0000009c   Code   RO        10204    i.netconn_new_with_proto_and_callback  api_lib.o
    0x0802704c   0x0802704c   0x00000030   Code   RO        10205    i.netconn_prepare_delete  api_lib.o
    0x0802707c   0x0802707c   0x000000fe   Code   RO        10207    i.netconn_recv_data  api_lib.o
    0x0802717a   0x0802717a   0x000000bc   Code   RO        10208    i.netconn_recv_data_tcp  api_lib.o
    0x08027236   0x08027236   0x0000002a   Code   RO        10210    i.netconn_recv_tcp_pbuf_flags  api_lib.o
    0x08027260   0x08027260   0x0000002a   Code   RO        10212    i.netconn_recv_udp_raw_netbuf_flags  api_lib.o
    0x0802728a   0x0802728a   0x00000030   Code   RO        10216    i.netconn_tcp_recvd  api_lib.o
    0x080272ba   0x080272ba   0x00000002   PAD
    0x080272bc   0x080272bc   0x00000030   Code   RO        10217    i.netconn_tcp_recvd_msg  api_lib.o
    0x080272ec   0x080272ec   0x00000104   Code   RO        11873    i.netif_add         netif.o
    0x080273f0   0x080273f0   0x00000018   Code   RO        11875    i.netif_do_ip_addr_changed  netif.o
    0x08027408   0x08027408   0x00000026   Code   RO        11876    i.netif_do_set_gw   netif.o
    0x0802742e   0x0802742e   0x00000056   Code   RO        11877    i.netif_do_set_ipaddr  netif.o
    0x08027484   0x08027484   0x00000026   Code   RO        11878    i.netif_do_set_netmask  netif.o
    0x080274aa   0x080274aa   0x00000002   PAD
    0x080274ac   0x080274ac   0x00000028   Code   RO        11880    i.netif_get_by_index  netif.o
    0x080274d4   0x080274d4   0x00000002   Code   RO        11882    i.netif_init        netif.o
    0x080274d6   0x080274d6   0x00000046   Code   RO        11884    i.netif_issue_reports  netif.o
    0x0802751c   0x0802751c   0x00000008   Code   RO        11886    i.netif_null_output_ip4  netif.o
    0x08027524   0x08027524   0x00000060   Code   RO        11888    i.netif_set_addr    netif.o
    0x08027584   0x08027584   0x0000000c   Code   RO        11889    i.netif_set_default  netif.o
    0x08027590   0x08027590   0x0000003a   Code   RO        11890    i.netif_set_down    netif.o
    0x080275ca   0x080275ca   0x00000032   Code   RO        11896    i.netif_set_up      netif.o
    0x080275fc   0x080275fc   0x00000012   Code   RO        12056    i.pbuf_add_header   pbuf.o
    0x0802760e   0x0802760e   0x00000068   Code   RO        12058    i.pbuf_add_header_impl  pbuf.o
    0x08027676   0x08027676   0x00000158   Code   RO        12059    i.pbuf_alloc        pbuf.o
    0x080277ce   0x080277ce   0x00000040   Code   RO        12060    i.pbuf_alloc_reference  pbuf.o
    0x0802780e   0x0802780e   0x00000052   Code   RO        12061    i.pbuf_alloced_custom  pbuf.o
    0x08027860   0x08027860   0x0000004c   Code   RO        12062    i.pbuf_cat          pbuf.o
    0x080278ac   0x080278ac   0x00000012   Code   RO        12064    i.pbuf_clen         pbuf.o
    0x080278be   0x080278be   0x00000036   Code   RO        12065    i.pbuf_clone        pbuf.o
    0x080278f4   0x080278f4   0x000000c8   Code   RO        12067    i.pbuf_copy         pbuf.o
    0x080279bc   0x080279bc   0x00000080   Code   RO        12068    i.pbuf_copy_partial  pbuf.o
    0x08027a3c   0x08027a3c   0x000000b4   Code   RO        12070    i.pbuf_free         pbuf.o
    0x08027af0   0x08027af0   0x00000040   Code   RO        12071    i.pbuf_free_header  pbuf.o
    0x08027b30   0x08027b30   0x00000012   Code   RO        12075    i.pbuf_header_force  pbuf.o
    0x08027b42   0x08027b42   0x00000022   Code   RO        12076    i.pbuf_header_impl  pbuf.o
    0x08027b64   0x08027b64   0x0000001e   Code   RO        12077    i.pbuf_init_alloced_pbuf  pbuf.o
    0x08027b82   0x08027b82   0x00000092   Code   RO        12081    i.pbuf_realloc      pbuf.o
    0x08027c14   0x08027c14   0x0000002c   Code   RO        12082    i.pbuf_ref          pbuf.o
    0x08027c40   0x08027c40   0x00000048   Code   RO        12083    i.pbuf_remove_header  pbuf.o
    0x08027c88   0x08027c88   0x00000084   Code   RO        10476    i.pcb_new           api_msg.o
    0x08027d0c   0x08027d0c   0x000000cc   Code   RO        11689    i.plug_holes        mem.o
    0x08027dd8   0x08027dd8   0x00000088   Code   RO        10477    i.poll_tcp          api_msg.o
    0x08027e60   0x08027e60   0x00000098   Code   RO        14375    i.prvAddCurrentTaskToDelayedList  tasks.o
    0x08027ef8   0x08027ef8   0x000000b4   Code   RO        14376    i.prvAddNewTaskToReadyList  tasks.o
    0x08027fac   0x08027fac   0x00000064   Code   RO        14377    i.prvCheckTasksWaitingTermination  tasks.o
    0x08028010   0x08028010   0x0000002a   Code   RO        14189    i.prvCopyDataFromQueue  queue.o
    0x0802803a   0x0802803a   0x0000007c   Code   RO        14190    i.prvCopyDataToQueue  queue.o
    0x080280b6   0x080280b6   0x00000012   Code   RO        14378    i.prvDeleteTCB      tasks.o
    0x080280c8   0x080280c8   0x0000007c   Code   RO        13873    i.prvHeapInit       heap_4.o
    0x08028144   0x08028144   0x00000028   Code   RO        14379    i.prvIdleTask       tasks.o
    0x0802816c   0x0802816c   0x0000001c   Code   RO        14191    i.prvInitialiseMutex  queue.o
    0x08028188   0x08028188   0x00000026   Code   RO        14192    i.prvInitialiseNewQueue  queue.o
    0x080281ae   0x080281ae   0x00000002   PAD
    0x080281b0   0x080281b0   0x000000d4   Code   RO        14380    i.prvInitialiseNewTask  tasks.o
    0x08028284   0x08028284   0x00000068   Code   RO        14381    i.prvInitialiseTaskLists  tasks.o
    0x080282ec   0x080282ec   0x00000068   Code   RO        13874    i.prvInsertBlockIntoFreeList  heap_4.o
    0x08028354   0x08028354   0x0000001a   Code   RO        14193    i.prvIsQueueEmpty   queue.o
    0x0802836e   0x0802836e   0x0000001e   Code   RO        14194    i.prvIsQueueFull    queue.o
    0x0802838c   0x0802838c   0x00000034   Code   RO        14382    i.prvResetNextTaskUnblockTime  tasks.o
    0x080283c0   0x080283c0   0x00000070   Code   RO        13948    i.prvTaskExitError  port.o
    0x08028430   0x08028430   0x0000007e   Code   RO        14195    i.prvUnlockQueue    queue.o
    0x080284ae   0x080284ae   0x00000002   PAD
    0x080284b0   0x080284b0   0x00000010   Code   RO        11690    i.ptr_to_mem        mem.o
    0x080284c0   0x080284c0   0x00000154   Code   RO        13875    i.pvPortMalloc      heap_4.o
    0x08028614   0x08028614   0x00000020   Code   RO        14384    i.pvTaskIncrementMutexHeldCount  tasks.o
    0x08028634   0x08028634   0x0000002c   Code   RO        13949    i.pxPortInitialiseStack  port.o
    0x08028660   0x08028660   0x000000a0   Code   RO        10478    i.recv_tcp          api_msg.o
    0x08028700   0x08028700   0x000000ac   Code   RO        10479    i.recv_udp          api_msg.o
    0x080287ac   0x080287ac   0x00000108   Code   RO        10924    i.select_check_waiters  sockets.o
    0x080288b4   0x080288b4   0x00000072   Code   RO        10480    i.sent_tcp          api_msg.o
    0x08028926   0x08028926   0x00000002   PAD
    0x08028928   0x08028928   0x00000044   Code   RO        10481    i.setup_tcp         api_msg.o
    0x0802896c   0x0802896c   0x0000004a   Code   RO        13652    i.sys_arch_mbox_fetch  sys_arch.o
    0x080289b6   0x080289b6   0x00000024   Code   RO        13653    i.sys_arch_mbox_tryfetch  sys_arch.o
    0x080289da   0x080289da   0x0000000a   Code   RO        13654    i.sys_arch_protect  sys_arch.o
    0x080289e4   0x080289e4   0x00000048   Code   RO        13655    i.sys_arch_sem_wait  sys_arch.o
    0x08028a2c   0x08028a2c   0x0000000a   Code   RO        13657    i.sys_arch_unprotect  sys_arch.o
    0x08028a36   0x08028a36   0x00000002   PAD
    0x08028a38   0x08028a38   0x00000054   Code   RO        12903    i.sys_check_timeouts  timeouts.o
    0x08028a8c   0x08028a8c   0x0000002c   Code   RO        13659    i.sys_init          sys_arch.o
    0x08028ab8   0x08028ab8   0x00000012   Code   RO        13661    i.sys_mbox_free     sys_arch.o
    0x08028aca   0x08028aca   0x00000020   Code   RO        13662    i.sys_mbox_new      sys_arch.o
    0x08028aea   0x08028aea   0x00000006   Code   RO        13664    i.sys_mbox_set_invalid  sys_arch.o
    0x08028af0   0x08028af0   0x00000020   Code   RO        13665    i.sys_mbox_trypost  sys_arch.o
    0x08028b10   0x08028b10   0x0000000e   Code   RO        13667    i.sys_mbox_valid    sys_arch.o
    0x08028b1e   0x08028b1e   0x00000012   Code   RO        13669    i.sys_mutex_lock    sys_arch.o
    0x08028b30   0x08028b30   0x0000001a   Code   RO        13670    i.sys_mutex_new     sys_arch.o
    0x08028b4a   0x08028b4a   0x00000012   Code   RO        13672    i.sys_mutex_unlock  sys_arch.o
    0x08028b5c   0x08028b5c   0x00000014   Code   RO        13673    i.sys_now           sys_arch.o
    0x08028b70   0x08028b70   0x00000010   Code   RO        13674    i.sys_sem_free      sys_arch.o
    0x08028b80   0x08028b80   0x0000005c   Code   RO        13675    i.sys_sem_new       sys_arch.o
    0x08028bdc   0x08028bdc   0x00000006   Code   RO        13676    i.sys_sem_set_invalid  sys_arch.o
    0x08028be2   0x08028be2   0x00000018   Code   RO        13677    i.sys_sem_signal    sys_arch.o
    0x08028bfa   0x08028bfa   0x0000000e   Code   RO        13678    i.sys_sem_valid     sys_arch.o
    0x08028c08   0x08028c08   0x00000068   Code   RO        13679    i.sys_thread_new    sys_arch.o
    0x08028c70   0x08028c70   0x0000002c   Code   RO        12905    i.sys_timeout       timeouts.o
    0x08028c9c   0x08028c9c   0x00000098   Code   RO        12906    i.sys_timeout_abs   timeouts.o
    0x08028d34   0x08028d34   0x00000028   Code   RO        12907    i.sys_timeouts_init  timeouts.o
    0x08028d5c   0x08028d5c   0x0000004c   Code   RO        12908    i.sys_timeouts_sleeptime  timeouts.o
    0x08028da8   0x08028da8   0x00000100   Code   RO        12334    i.tcp_abandon       tcp.o
    0x08028ea8   0x08028ea8   0x0000000e   Code   RO        12335    i.tcp_abort         tcp.o
    0x08028eb6   0x08028eb6   0x00000010   Code   RO        12336    i.tcp_accept        tcp.o
    0x08028ec6   0x08028ec6   0x00000002   PAD
    0x08028ec8   0x08028ec8   0x000000bc   Code   RO        12338    i.tcp_alloc         tcp.o
    0x08028f84   0x08028f84   0x00000006   Code   RO        12339    i.tcp_arg           tcp.o
    0x08028f8a   0x08028f8a   0x00000002   PAD
    0x08028f8c   0x08028f8c   0x000000fc   Code   RO        10065    i.tcp_client_thread  tcp_client.o
    0x08029088   0x08029088   0x0000002c   Code   RO        12342    i.tcp_close         tcp.o
    0x080290b4   0x080290b4   0x0000015c   Code   RO        12343    i.tcp_close_shutdown  tcp.o
    0x08029210   0x08029210   0x00000076   Code   RO        12344    i.tcp_close_shutdown_fin  tcp.o
    0x08029286   0x08029286   0x00000002   PAD
    0x08029288   0x08029288   0x00000164   Code   RO        12345    i.tcp_connect       tcp.o
    0x080293ec   0x080293ec   0x000000f4   Code   RO        12743    i.tcp_create_segment  tcp_out.o
    0x080294e0   0x080294e0   0x00000038   Code   RO        12347    i.tcp_eff_send_mss_netif  tcp.o
    0x08029518   0x08029518   0x00000142   Code   RO        12744    i.tcp_enqueue_flags  tcp_out.o
    0x0802965a   0x0802965a   0x00000016   Code   RO        12348    i.tcp_err           tcp.o
    0x08029670   0x08029670   0x0000009c   Code   RO        12349    i.tcp_fasttmr       tcp.o
    0x0802970c   0x0802970c   0x0000001c   Code   RO        12350    i.tcp_free          tcp.o
    0x08029728   0x08029728   0x00000098   Code   RO        12659    i.tcp_free_acked_segments  tcp_in.o
    0x080297c0   0x080297c0   0x0000001c   Code   RO        12351    i.tcp_free_listen   tcp.o
    0x080297dc   0x080297dc   0x00000048   Code   RO        12660    i.tcp_get_next_optbyte  tcp_in.o
    0x08029824   0x08029824   0x00000034   Code   RO        12352    i.tcp_handle_closepend  tcp.o
    0x08029858   0x08029858   0x00000002   Code   RO        12353    i.tcp_init          tcp.o
    0x0802985a   0x0802985a   0x00000002   PAD
    0x0802985c   0x0802985c   0x000005bc   Code   RO        12661    i.tcp_input         tcp_in.o
    0x08029e18   0x08029e18   0x00000054   Code   RO        12662    i.tcp_input_delayed_close  tcp_in.o
    0x08029e6c   0x08029e6c   0x00000052   Code   RO        12745    i.tcp_keepalive     tcp_out.o
    0x08029ebe   0x08029ebe   0x00000002   PAD
    0x08029ec0   0x08029ec0   0x00000068   Code   RO        12354    i.tcp_kill_prio     tcp.o
    0x08029f28   0x08029f28   0x00000058   Code   RO        12355    i.tcp_kill_state    tcp.o
    0x08029f80   0x08029f80   0x0000003c   Code   RO        12356    i.tcp_kill_timewait  tcp.o
    0x08029fbc   0x08029fbc   0x0000003c   Code   RO        12357    i.tcp_listen_closed  tcp.o
    0x08029ff8   0x08029ff8   0x00000168   Code   RO        12663    i.tcp_listen_input  tcp_in.o
    0x0802a160   0x0802a160   0x0000004c   Code   RO        12360    i.tcp_netif_ip_addr_changed  tcp.o
    0x0802a1ac   0x0802a1ac   0x00000034   Code   RO        12361    i.tcp_netif_ip_addr_changed_pcblist  tcp.o
    0x0802a1e0   0x0802a1e0   0x00000010   Code   RO        12363    i.tcp_new_ip_type   tcp.o
    0x0802a1f0   0x0802a1f0   0x00000068   Code   RO        12364    i.tcp_new_port      tcp.o
    0x0802a258   0x0802a258   0x00000028   Code   RO        12365    i.tcp_next_iss      tcp.o
    0x0802a280   0x0802a280   0x00000284   Code   RO        12746    i.tcp_output        tcp_out.o
    0x0802a504   0x0802a504   0x00000046   Code   RO        12747    i.tcp_output_alloc_header  tcp_out.o
    0x0802a54a   0x0802a54a   0x00000088   Code   RO        12748    i.tcp_output_alloc_header_common  tcp_out.o
    0x0802a5d2   0x0802a5d2   0x00000062   Code   RO        12749    i.tcp_output_control_segment  tcp_out.o
    0x0802a634   0x0802a634   0x00000084   Code   RO        12750    i.tcp_output_fill_options  tcp_out.o
    0x0802a6b8   0x0802a6b8   0x0000013c   Code   RO        12751    i.tcp_output_segment  tcp_out.o
    0x0802a7f4   0x0802a7f4   0x0000001c   Code   RO        12752    i.tcp_output_segment_busy  tcp_out.o
    0x0802a810   0x0802a810   0x000000a8   Code   RO        12664    i.tcp_parseopt      tcp_in.o
    0x0802a8b8   0x0802a8b8   0x0000009a   Code   RO        12753    i.tcp_pbuf_prealloc  tcp_out.o
    0x0802a952   0x0802a952   0x0000004a   Code   RO        12366    i.tcp_pcb_purge     tcp.o
    0x0802a99c   0x0802a99c   0x000000a0   Code   RO        12367    i.tcp_pcb_remove    tcp.o
    0x0802aa3c   0x0802aa3c   0x00000020   Code   RO        12368    i.tcp_poll          tcp.o
    0x0802aa5c   0x0802aa5c   0x00000600   Code   RO        12665    i.tcp_process       tcp_in.o
    0x0802b05c   0x0802b05c   0x000000a2   Code   RO        12369    i.tcp_process_refused_data  tcp.o
    0x0802b0fe   0x0802b0fe   0x00000002   PAD
    0x0802b100   0x0802b100   0x00000624   Code   RO        12666    i.tcp_receive       tcp_in.o
    0x0802b724   0x0802b724   0x00000016   Code   RO        12370    i.tcp_recv          tcp.o
    0x0802b73a   0x0802b73a   0x0000003a   Code   RO        12371    i.tcp_recv_null     tcp.o
    0x0802b774   0x0802b774   0x00000064   Code   RO        12372    i.tcp_recved        tcp.o
    0x0802b7d8   0x0802b7d8   0x00000022   Code   RO        12373    i.tcp_remove_listener  tcp.o
    0x0802b7fa   0x0802b7fa   0x0000007e   Code   RO        12754    i.tcp_rexmit        tcp_out.o
    0x0802b878   0x0802b878   0x0000007e   Code   RO        12755    i.tcp_rexmit_fast   tcp_out.o
    0x0802b8f6   0x0802b8f6   0x0000001e   Code   RO        12756    i.tcp_rexmit_rto    tcp_out.o
    0x0802b914   0x0802b914   0x00000028   Code   RO        12757    i.tcp_rexmit_rto_commit  tcp_out.o
    0x0802b93c   0x0802b93c   0x00000086   Code   RO        12758    i.tcp_rexmit_rto_prepare  tcp_out.o
    0x0802b9c2   0x0802b9c2   0x0000001e   Code   RO        12759    i.tcp_route         tcp_out.o
    0x0802b9e0   0x0802b9e0   0x00000074   Code   RO        12760    i.tcp_rst           tcp_out.o
    0x0802ba54   0x0802ba54   0x0000001a   Code   RO        12374    i.tcp_seg_free      tcp.o
    0x0802ba6e   0x0802ba6e   0x00000018   Code   RO        12375    i.tcp_segs_free     tcp.o
    0x0802ba86   0x0802ba86   0x000000b2   Code   RO        12761    i.tcp_send_empty_ack  tcp_out.o
    0x0802bb38   0x0802bb38   0x00000058   Code   RO        12762    i.tcp_send_fin      tcp_out.o
    0x0802bb90   0x0802bb90   0x00000014   Code   RO        12376    i.tcp_sent          tcp.o
    0x0802bba4   0x0802bba4   0x00000072   Code   RO        12378    i.tcp_shutdown      tcp.o
    0x0802bc16   0x0802bc16   0x00000002   PAD
    0x0802bc18   0x0802bc18   0x0000044c   Code   RO        12379    i.tcp_slowtmr       tcp.o
    0x0802c064   0x0802c064   0x000001b6   Code   RO        12763    i.tcp_split_unsent_seg  tcp_out.o
    0x0802c21a   0x0802c21a   0x00000002   PAD
    0x0802c21c   0x0802c21c   0x00000038   Code   RO        12910    i.tcp_timer_needed  timeouts.o
    0x0802c254   0x0802c254   0x000000b8   Code   RO        12667    i.tcp_timewait_input  tcp_in.o
    0x0802c30c   0x0802c30c   0x00000024   Code   RO        12381    i.tcp_tmr           tcp.o
    0x0802c330   0x0802c330   0x00000014   Code   RO        12668    i.tcp_trigger_input_pcb_close  tcp_in.o
    0x0802c344   0x0802c344   0x00000062   Code   RO        12383    i.tcp_update_rcv_ann_wnd  tcp.o
    0x0802c3a6   0x0802c3a6   0x000004da   Code   RO        12764    i.tcp_write         tcp_out.o
    0x0802c880   0x0802c880   0x0000008e   Code   RO        12765    i.tcp_write_checks  tcp_out.o
    0x0802c90e   0x0802c90e   0x000000de   Code   RO        12766    i.tcp_zero_window_probe  tcp_out.o
    0x0802c9ec   0x0802c9ec   0x00000064   Code   RO        11222    i.tcpip_init        tcpip.o
    0x0802ca50   0x0802ca50   0x00000058   Code   RO        11223    i.tcpip_inpkt       tcpip.o
    0x0802caa8   0x0802caa8   0x00000030   Code   RO        11224    i.tcpip_input       tcpip.o
    0x0802cad8   0x0802cad8   0x00000020   Code   RO        11225    i.tcpip_send_msg_wait_sem  tcpip.o
    0x0802caf8   0x0802caf8   0x00000038   Code   RO        12911    i.tcpip_tcp_timer   timeouts.o
    0x0802cb30   0x0802cb30   0x0000004c   Code   RO        11226    i.tcpip_thread      tcpip.o
    0x0802cb7c   0x0802cb7c   0x00000050   Code   RO        11227    i.tcpip_thread_handle_msg  tcpip.o
    0x0802cbcc   0x0802cbcc   0x00000060   Code   RO        11228    i.tcpip_timeouts_mbox_fetch  tcpip.o
    0x0802cc2c   0x0802cc2c   0x0000001a   Code   RO        10925    i.tryget_socket     sockets.o
    0x0802cc46   0x0802cc46   0x00000010   Code   RO        10926    i.tryget_socket_unconn  sockets.o
    0x0802cc56   0x0802cc56   0x00000002   PAD
    0x0802cc58   0x0802cc58   0x0000001c   Code   RO        10928    i.tryget_socket_unconn_nouse  sockets.o
    0x0802cc74   0x0802cc74   0x000000a4   Code   RO        12993    i.udp_bind          udp.o
    0x0802cd18   0x0802cd18   0x0000007c   Code   RO        12995    i.udp_connect       udp.o
    0x0802cd94   0x0802cd94   0x00000020   Code   RO        12996    i.udp_disconnect    udp.o
    0x0802cdb4   0x0802cdb4   0x00000002   Code   RO        12997    i.udp_init          udp.o
    0x0802cdb6   0x0802cdb6   0x00000002   PAD
    0x0802cdb8   0x0802cdb8   0x0000017c   Code   RO        12998    i.udp_input         udp.o
    0x0802cf34   0x0802cf34   0x00000074   Code   RO        12999    i.udp_input_local_match  udp.o
    0x0802cfa8   0x0802cfa8   0x00000030   Code   RO        13000    i.udp_netif_ip_addr_changed  udp.o
    0x0802cfd8   0x0802cfd8   0x0000001c   Code   RO        13001    i.udp_new           udp.o
    0x0802cff4   0x0802cff4   0x0000000e   Code   RO        13002    i.udp_new_ip_type   udp.o
    0x0802d002   0x0802d002   0x00000002   PAD
    0x0802d004   0x0802d004   0x00000058   Code   RO        13003    i.udp_new_port      udp.o
    0x0802d05c   0x0802d05c   0x00000010   Code   RO        13004    i.udp_recv          udp.o
    0x0802d06c   0x0802d06c   0x00000050   Code   RO        13005    i.udp_remove        udp.o
    0x0802d0bc   0x0802d0bc   0x00000028   Code   RO        14140    i.uxListRemove      list.o
    0x0802d0e4   0x0802d0e4   0x00000054   Code   RO        14196    i.uxQueueMessagesWaiting  queue.o
    0x0802d138   0x0802d138   0x0000001a   Code   RO        14141    i.vListInitialise   list.o
    0x0802d152   0x0802d152   0x00000006   Code   RO        14142    i.vListInitialiseItem  list.o
    0x0802d158   0x0802d158   0x00000034   Code   RO        14143    i.vListInsert       list.o
    0x0802d18c   0x0802d18c   0x00000018   Code   RO        14144    i.vListInsertEnd    list.o
    0x0802d1a4   0x0802d1a4   0x00000084   Code   RO        13951    i.vPortEnterCritical  port.o
    0x0802d228   0x0802d228   0x0000006c   Code   RO        13952    i.vPortExitCritical  port.o
    0x0802d294   0x0802d294   0x000000b8   Code   RO        13876    i.vPortFree         heap_4.o
    0x0802d34c   0x0802d34c   0x00000020   Code   RO        13953    i.vPortSetupTimerInterrupt  port.o
    0x0802d36c   0x0802d36c   0x0000009c   Code   RO        13954    i.vPortValidateInterruptPriority  port.o
    0x0802d408   0x0802d408   0x00000058   Code   RO        14200    i.vQueueDelete      queue.o
    0x0802d460   0x0802d460   0x00000030   Code   RO        14201    i.vQueueUnregisterQueue  queue.o
    0x0802d490   0x0802d490   0x00000084   Code   RO        14390    i.vTaskDelay        tasks.o
    0x0802d514   0x0802d514   0x0000011c   Code   RO        14392    i.vTaskDelete       tasks.o
    0x0802d630   0x0802d630   0x0000000c   Code   RO        14394    i.vTaskMissedYield  tasks.o
    0x0802d63c   0x0802d63c   0x00000064   Code   RO        14396    i.vTaskPlaceOnEventList  tasks.o
    0x0802d6a0   0x0802d6a0   0x000000b0   Code   RO        14398    i.vTaskPriorityInherit  tasks.o
    0x0802d750   0x0802d750   0x0000005c   Code   RO        14401    i.vTaskSetTimeOutState  tasks.o
    0x0802d7ac   0x0802d7ac   0x000000b4   Code   RO        14402    i.vTaskStartScheduler  tasks.o
    0x0802d860   0x0802d860   0x00000010   Code   RO        14404    i.vTaskSuspendAll   tasks.o
    0x0802d870   0x0802d870   0x000000b8   Code   RO        14405    i.vTaskSwitchContext  tasks.o
    0x0802d928   0x0802d928   0x0000002c   Code   RO         9982    i.write_byte        buffer.o
    0x0802d954   0x0802d954   0x00000158   Code   RO        13955    i.xPortStartScheduler  port.o
    0x0802daac   0x0802daac   0x00000034   Code   RO        13956    i.xPortSysTickHandler  port.o
    0x0802dae0   0x0802dae0   0x0000007c   Code   RO        14202    i.xQueueCreateCountingSemaphore  queue.o
    0x0802db5c   0x0802db5c   0x00000022   Code   RO        14203    i.xQueueCreateMutex  queue.o
    0x0802db7e   0x0802db7e   0x00000002   PAD
    0x0802db80   0x0802db80   0x00000084   Code   RO        14204    i.xQueueGenericCreate  queue.o
    0x0802dc04   0x0802dc04   0x000001d8   Code   RO        14205    i.xQueueGenericReceive  queue.o
    0x0802dddc   0x0802dddc   0x000000c0   Code   RO        14206    i.xQueueGenericReset  queue.o
    0x0802de9c   0x0802de9c   0x000001b4   Code   RO        14207    i.xQueueGenericSend  queue.o
    0x0802e050   0x0802e050   0x000000f8   Code   RO        14209    i.xQueueGiveFromISR  queue.o
    0x0802e148   0x0802e148   0x000000b0   Code   RO        14406    i.xTaskCheckForTimeOut  tasks.o
    0x0802e1f8   0x0802e1f8   0x00000060   Code   RO        14407    i.xTaskCreate       tasks.o
    0x0802e258   0x0802e258   0x00000020   Code   RO        14411    i.xTaskGetSchedulerState  tasks.o
    0x0802e278   0x0802e278   0x0000000c   Code   RO        14412    i.xTaskGetTickCount  tasks.o
    0x0802e284   0x0802e284   0x00000170   Code   RO        14414    i.xTaskIncrementTick  tasks.o
    0x0802e3f4   0x0802e3f4   0x000000e8   Code   RO        14417    i.xTaskPriorityDisinherit  tasks.o
    0x0802e4dc   0x0802e4dc   0x000000c4   Code   RO        14418    i.xTaskRemoveFromEventList  tasks.o
    0x0802e5a0   0x0802e5a0   0x00000130   Code   RO        14420    i.xTaskResumeAll    tasks.o
    0x0802e6d0   0x0802e6d0   0x00000018   Data   RO           15    .constdata          system_stm32f4xx.o
    0x0802e6e8   0x0802e6e8   0x00000003   Data   RO        10482    .constdata          api_msg.o
    0x0802e6eb   0x0802e6eb   0x00000001   PAD
    0x0802e6ec   0x0802e6ec   0x00000044   Data   RO        10670    .constdata          err.o
    0x0802e730   0x0802e730   0x000000d0   Data   RO        11773    .constdata          memp.o
    0x0802e800   0x0802e800   0x00000050   Data   RO        12384    .constdata          tcp.o
    0x0802e850   0x0802e850   0x0000001c   Data   RO        12912    .constdata          timeouts.o
    0x0802e86c   0x0802e86c   0x00000008   Data   RO        13412    .constdata          ip4_addr.o
    0x0802e874   0x0802e874   0x0000000c   Data   RO        13556    .constdata          ethernet.o
    0x0802e880   0x0802e880   0x00000081   Data   RO        14716    .constdata          mc_w.l(ctype_o.o)
    0x0802e901   0x0802e901   0x00000003   PAD
    0x0802e904   0x0802e904   0x00000004   Data   RO        14717    .constdata          mc_w.l(ctype_o.o)
    0x0802e908   0x0802e908   0x00000075   Data   RO        12385    .conststring        tcp.o
    0x0802e97d   0x0802e97d   0x00000003   PAD
    0x0802e980   0x0802e980   0x00000020   Data   RO        15103    Region$$Table       anon$$obj.o


    Execution Region RW_IRAM1 (Exec base: 0x20000000, Load base: 0x0802e9a0, Size: 0x00012128, Max: 0x00020000, ABSOLUTE, COMPRESSED[0x0000001c])

    Exec Addr    Load Addr    Size         Type   Attr      Idx    E Section Name        Object

    0x20000000   COMPRESSED   0x00000004   Data   RW           16    .data               system_stm32f4xx.o
    0x20000004   COMPRESSED   0x00000009   Data   RW          317    .data               stm32f4xx_hal.o
    0x2000000d   COMPRESSED   0x00000003   PAD
    0x20000010   COMPRESSED   0x00000020   Data   RW         2155    .data               stm32f4xx_hal_flash.o
    0x20000030   COMPRESSED   0x0000000c   Data   RW         9600    .data               main.o
    0x2000003c   COMPRESSED   0x00000004   Data   RW        10930    .data               sockets.o
    0x20000040   COMPRESSED   0x00000010   Data   RW        11230    .data               tcpip.o
    0x20000050   COMPRESSED   0x00000010   Data   RW        11692    .data               mem.o
    0x20000060   COMPRESSED   0x00000034   Data   RW        11774    .data               memp.o
    0x20000094   COMPRESSED   0x00000009   Data   RW        11897    .data               netif.o
    0x2000009d   COMPRESSED   0x00000003   PAD
    0x200000a0   COMPRESSED   0x00000020   Data   RW        12386    .data               tcp.o
    0x200000c0   COMPRESSED   0x00000028   Data   RW        12670    .data               tcp_in.o
    0x200000e8   COMPRESSED   0x0000000c   Data   RW        12913    .data               timeouts.o
    0x200000f4   COMPRESSED   0x00000008   Data   RW        13010    .data               udp.o
    0x200000fc   COMPRESSED   0x00000001   Data   RW        13192    .data               etharp.o
    0x200000fd   COMPRESSED   0x00000001   PAD
    0x200000fe   COMPRESSED   0x00000002   Data   RW        13356    .data               ip4.o
    0x20000100   COMPRESSED   0x00000006   Data   RW        13484    .data               ip4_frag.o
    0x20000106   COMPRESSED   0x00000002   PAD
    0x20000108   COMPRESSED   0x00000010   Data   RW        13596    .data               ethernetif.o
    0x20000118   COMPRESSED   0x0000000c   Data   RW        13681    .data               sys_arch.o
    0x20000124   COMPRESSED   0x00000018   Data   RW        13844    .data               netconf.o
    0x2000013c   COMPRESSED   0x00000018   Data   RW        13881    .data               heap_4.o
    0x20000154   COMPRESSED   0x0000000c   Data   RW        13957    .data               port.o
    0x20000160   COMPRESSED   0x0000003c   Data   RW        14423    .data               tasks.o
    0x2000019c   COMPRESSED   0x00000004   Data   RW        15064    .data               mc_w.l(stdout.o)
    0x200001a0   COMPRESSED   0x00000004   Data   RW        15071    .data               mc_w.l(mvars.o)
    0x200001a4   COMPRESSED   0x00000004   Data   RW        15072    .data               mc_w.l(mvars.o)
    0x200001a8        -       0x000002a0   Zero   RW         9599    .bss                main.o
    0x20000448        -       0x00000048   Zero   RW         9843    .bss                bsp_debug_usart.o
    0x20000490        -       0x00006188   Zero   RW         9903    .bss                bsp_eth.o
    0x20006618        -       0x00000040   Zero   RW        10929    .bss                sockets.o
    0x20006658        -       0x00000018   Zero   RW        11658    .bss                ip.o
    0x20006670        -       0x00002813   Zero   RW        11691    .bss                mem.o
    0x20008e83        -       0x000023ef   Zero   RW        11772    .bss                memp.o
    0x2000b272   COMPRESSED   0x00000002   PAD
    0x2000b274        -       0x00000010   Zero   RW        12669    .bss                tcp_in.o
    0x2000b284        -       0x000000f0   Zero   RW        13191    .bss                etharp.o
    0x2000b374        -       0x00000050   Zero   RW        13680    .bss                sys_arch.o
    0x2000b3c4        -       0x00000030   Zero   RW        13843    .bss                netconf.o
    0x2000b3f4        -       0x00006400   Zero   RW        13880    .bss                heap_4.o
    0x200117f4        -       0x00000050   Zero   RW        14216    .bss                queue.o
    0x20011844        -       0x000002e4   Zero   RW        14422    .bss                tasks.o
    0x20011b28        -       0x00000200   Zero   RW            2    HEAP                startup_stm32f407xx.o
    0x20011d28        -       0x00000400   Zero   RW            1    STACK               startup_stm32f407xx.o


==============================================================================

Image component sizes


      Code (inc. data)   RO Data    RW Data    ZI Data      Debug   Object Name

      1160         38          0          0          0      37515   api_lib.o
      3874         90          3          0          0      38500   api_msg.o
       332         34          0          0         72       3493   bsp_debug_usart.o
       690         90          0          0      24968       4311   bsp_eth.o
       172          8          0          0          0        938   bsp_led.o
       564          0          0          0          0       6167   buffer.o
        38          0          0          0          0       1042   def.o
        32          6         68          0          0       5475   err.o
      2480         70          0          1        240      11579   etharp.o
       294          6         12          0          0       2550   ethernet.o
      1012         58          0         16          0       5169   ethernetif.o
       752        176          0         24      25600       5343   heap_4.o
       574          6          0          0          0       4406   icmp.o
         0          0          0          0          0       3899   if_api.o
       180          0          0          0          0       2010   inet_chksum.o
        54          0          0          0          0       5451   init.o
         0          0          0          0         24       3130   ip.o
       898         32          0          2          0       5304   ip4.o
       502          6          8          0          0      11767   ip4_addr.o
      2122         40          0          6          0      11790   ip4_frag.o
       148          0          0          0          0       3298   list.o
      1026        188          0         12        672      51375   main.o
      1388         96          0         16      10259       8057   mem.o
       258         14        208         52       9199      10604   memp.o
        32          0          0          0          0       9688   netbuf.o
       188         66          0         24         48       1538   netconf.o
       782         32          0          9          0      13386   netif.o
      1676          0          0          0          0      14590   pbuf.o
      1162        376          0         12          0      10657   port.o
      2272        438          0          0         80      14867   queue.o
      2508         72          0          4         64      38005   sockets.o
        36          8        392          0       1536        960   startup_stm32f407xx.o
       224         40          0          9          0       9816   stm32f4xx_hal.o
       352         22          0          0          0      34853   stm32f4xx_hal_cortex.o
      2858         50          0          0          0      14881   stm32f4xx_hal_eth.o
       632         64          0         32          0       5834   stm32f4xx_hal_flash.o
       432         28          0          0          0       3198   stm32f4xx_hal_flash_ex.o
       872         86          0          0          0       2938   stm32f4xx_hal_gpio.o
         2          0          0          0          0        518   stm32f4xx_hal_msp_template.o
      1820         84          0          0          0       5548   stm32f4xx_hal_rcc.o
      1112         10          0          0          0       4508   stm32f4xx_hal_uart.o
       164         14          0          0          0      12512   stm32f4xx_it.o
       686         52          0         12         80      14020   sys_arch.o
        32         10         24          4          0     703227   system_stm32f4xx.o
      3482       1030          0         60        740      29025   tasks.o
      4350        190        197         32          0      38613   tcp.o
       296        118          0          0          0      29431   tcp_client.o
      5616        362          0         40         16      20343   tcp_in.o
      5138         10          0          0          0      32102   tcp_out.o
       520         68          0         16          0       9397   tcpip.o
       588         74         28         12          0       7043   timeouts.o
      1092         48          0          8          0      10456   udp.o

    ----------------------------------------------------------------------
     57548       4310        976        412      73600    1335127   Object Totals
         0          0         32          0          0          0   (incl. Generated)
        74          0          4          9          2          0   (incl. Padding)

    ----------------------------------------------------------------------

      Code (inc. data)   RO Data    RW Data    ZI Data      Debug   Library Member Name

        58          0          0          0          0          0   __dczerorl.o
         8          4        133          0          0         68   ctype_o.o
         0          0          0          0          0          0   entry.o
         0          0          0          0          0          0   entry10a.o
         0          0          0          0          0          0   entry11a.o
         8          4          0          0          0          0   entry2.o
         4          0          0          0          0          0   entry5.o
         0          0          0          0          0          0   entry7b.o
         0          0          0          0          0          0   entry8b.o
         8          4          0          0          0          0   entry9a.o
        30          0          0          0          0          0   handlers.o
        36          8          0          0          0         68   init.o
        30          0          0          0          0         68   llshl.o
        32          0          0          0          0         68   llushr.o
       188         20          0          0          0        160   malloc.o
        26          0          0          0          0         80   memcmp.o
        64          0          0          0          0         76   memmovea.o
        36          0          0          0          0        108   memseta.o
         0          0          0          8          0          0   mvars.o
       472         14          0          0          0        184   printf3.o
         0          0          0          4          0          0   stdout.o
        44          0          0          0          0         80   uidiv.o
        98          0          0          0          0         92   uldiv.o

    ----------------------------------------------------------------------
      1148         54        136         12          0       1052   Library Totals
         6          0          3          0          0          0   (incl. Padding)

    ----------------------------------------------------------------------

      Code (inc. data)   RO Data    RW Data    ZI Data      Debug   Library Name

      1142         54        133         12          0       1052   mc_w.l

    ----------------------------------------------------------------------
      1148         54        136         12          0       1052   Library Totals

    ----------------------------------------------------------------------

==============================================================================


      Code (inc. data)   RO Data    RW Data    ZI Data      Debug   

     58696       4364       1112        424      73600    1293095   Grand Totals
     58696       4364       1112         28      73600    1293095   ELF Image Totals (compressed)
     58696       4364       1112         28          0          0   ROM Totals

==============================================================================

    Total RO  Size (Code + RO Data)                59808 (  58.41kB)
    Total RW  Size (RW Data + ZI Data)             74024 (  72.29kB)
    Total ROM Size (Code + RO Data + RW Data)      59836 (  58.43kB)

==============================================================================

