Component: ARM Compiler 5.06 update 5 (build 528) Tool: armlink [4d35e2]

==============================================================================

Section Cross References

    startup_stm32f407xx.o(RESET) refers to startup_stm32f407xx.o(STACK) for __initial_sp
    startup_stm32f407xx.o(RESET) refers to startup_stm32f407xx.o(.text) for Reset_Handler
    startup_stm32f407xx.o(RESET) refers to stm32f4xx_it.o(i.NMI_Handler) for NMI_Handler
    startup_stm32f407xx.o(RESET) refers to stm32f4xx_it.o(i.HardFault_Handler) for HardFault_Handler
    startup_stm32f407xx.o(RESET) refers to stm32f4xx_it.o(i.MemManage_Handler) for MemManage_Handler
    startup_stm32f407xx.o(RESET) refers to stm32f4xx_it.o(i.BusFault_Handler) for BusFault_Handler
    startup_stm32f407xx.o(RESET) refers to stm32f4xx_it.o(i.UsageFault_Handler) for UsageFault_Handler
    startup_stm32f407xx.o(RESET) refers to port.o(.emb_text) for SVC_Handler
    startup_stm32f407xx.o(RESET) refers to stm32f4xx_it.o(i.DebugMon_Handler) for DebugMon_Handler
    startup_stm32f407xx.o(RESET) refers to stm32f4xx_it.o(i.SysTick_Handler) for SysTick_Handler
    startup_stm32f407xx.o(RESET) refers to stm32f4xx_it.o(i.USART1_IRQHandler) for USART1_IRQHandler
    startup_stm32f407xx.o(RESET) refers to stm32f4xx_it.o(i.USART3_IRQHandler) for USART3_IRQHandler
    startup_stm32f407xx.o(RESET) refers to stm32f4xx_it.o(i.ETH_IRQHandler) for ETH_IRQHandler
    startup_stm32f407xx.o(.text) refers to system_stm32f4xx.o(i.SystemInit) for SystemInit
    startup_stm32f407xx.o(.text) refers to entry.o(.ARM.Collect$$$$00000000) for __main
    system_stm32f4xx.o(i.SystemCoreClockUpdate) refers to system_stm32f4xx.o(.data) for SystemCoreClock
    system_stm32f4xx.o(i.SystemCoreClockUpdate) refers to system_stm32f4xx.o(.constdata) for AHBPrescTable
    stm32f4xx_hal.o(i.HAL_DeInit) refers to stm32f4xx_hal_msp_template.o(i.HAL_MspDeInit) for HAL_MspDeInit
    stm32f4xx_hal.o(i.HAL_Delay) refers to stm32f4xx_hal.o(i.HAL_GetTick) for HAL_GetTick
    stm32f4xx_hal.o(i.HAL_Delay) refers to stm32f4xx_hal.o(.data) for uwTickFreq
    stm32f4xx_hal.o(i.HAL_GetTick) refers to stm32f4xx_hal.o(.data) for uwTick
    stm32f4xx_hal.o(i.HAL_GetTickFreq) refers to stm32f4xx_hal.o(.data) for uwTickFreq
    stm32f4xx_hal.o(i.HAL_GetTickPrio) refers to stm32f4xx_hal.o(.data) for uwTickPrio
    stm32f4xx_hal.o(i.HAL_IncTick) refers to stm32f4xx_hal.o(.data) for uwTick
    stm32f4xx_hal.o(i.HAL_Init) refers to stm32f4xx_hal_cortex.o(i.HAL_NVIC_SetPriorityGrouping) for HAL_NVIC_SetPriorityGrouping
    stm32f4xx_hal.o(i.HAL_Init) refers to stm32f4xx_hal.o(i.HAL_InitTick) for HAL_InitTick
    stm32f4xx_hal.o(i.HAL_Init) refers to stm32f4xx_hal_msp_template.o(i.HAL_MspInit) for HAL_MspInit
    stm32f4xx_hal.o(i.HAL_InitTick) refers to stm32f4xx_hal_cortex.o(i.HAL_SYSTICK_Config) for HAL_SYSTICK_Config
    stm32f4xx_hal.o(i.HAL_InitTick) refers to stm32f4xx_hal_cortex.o(i.HAL_NVIC_SetPriority) for HAL_NVIC_SetPriority
    stm32f4xx_hal.o(i.HAL_InitTick) refers to stm32f4xx_hal.o(.data) for uwTickFreq
    stm32f4xx_hal.o(i.HAL_InitTick) refers to system_stm32f4xx.o(.data) for SystemCoreClock
    stm32f4xx_hal.o(i.HAL_SetTickFreq) refers to stm32f4xx_hal.o(i.HAL_InitTick) for HAL_InitTick
    stm32f4xx_hal.o(i.HAL_SetTickFreq) refers to stm32f4xx_hal.o(.data) for uwTickFreq
    stm32f4xx_hal_adc.o(i.ADC_DMAConvCplt) refers to stm32f4xx_hal_adc.o(i.HAL_ADC_ConvCpltCallback) for HAL_ADC_ConvCpltCallback
    stm32f4xx_hal_adc.o(i.ADC_DMAConvCplt) refers to stm32f4xx_hal_adc.o(i.HAL_ADC_ErrorCallback) for HAL_ADC_ErrorCallback
    stm32f4xx_hal_adc.o(i.ADC_DMAError) refers to stm32f4xx_hal_adc.o(i.HAL_ADC_ErrorCallback) for HAL_ADC_ErrorCallback
    stm32f4xx_hal_adc.o(i.ADC_DMAHalfConvCplt) refers to stm32f4xx_hal_adc.o(i.HAL_ADC_ConvHalfCpltCallback) for HAL_ADC_ConvHalfCpltCallback
    stm32f4xx_hal_adc.o(i.HAL_ADC_ConfigChannel) refers to system_stm32f4xx.o(.data) for SystemCoreClock
    stm32f4xx_hal_adc.o(i.HAL_ADC_DeInit) refers to stm32f4xx_hal_adc.o(i.HAL_ADC_MspDeInit) for HAL_ADC_MspDeInit
    stm32f4xx_hal_adc.o(i.HAL_ADC_IRQHandler) refers to stm32f4xx_hal_adc.o(i.HAL_ADC_ConvCpltCallback) for HAL_ADC_ConvCpltCallback
    stm32f4xx_hal_adc.o(i.HAL_ADC_IRQHandler) refers to stm32f4xx_hal_adc_ex.o(i.HAL_ADCEx_InjectedConvCpltCallback) for HAL_ADCEx_InjectedConvCpltCallback
    stm32f4xx_hal_adc.o(i.HAL_ADC_IRQHandler) refers to stm32f4xx_hal_adc.o(i.HAL_ADC_LevelOutOfWindowCallback) for HAL_ADC_LevelOutOfWindowCallback
    stm32f4xx_hal_adc.o(i.HAL_ADC_IRQHandler) refers to stm32f4xx_hal_adc.o(i.HAL_ADC_ErrorCallback) for HAL_ADC_ErrorCallback
    stm32f4xx_hal_adc.o(i.HAL_ADC_Init) refers to stm32f4xx_hal_adc.o(i.HAL_ADC_MspInit) for HAL_ADC_MspInit
    stm32f4xx_hal_adc.o(i.HAL_ADC_Init) refers to stm32f4xx_hal_adc.o(i.ADC_Init) for ADC_Init
    stm32f4xx_hal_adc.o(i.HAL_ADC_PollForConversion) refers to stm32f4xx_hal.o(i.HAL_GetTick) for HAL_GetTick
[...]
    Libraries\\STM32F4xx_HAL_Driver\\Src\\stm32f4xx_hal_dcmi.c 0x00000000   Number         0  stm32f4xx_hal_dcmi.o ABSOLUTE
    Libraries\\STM32F4xx_HAL_Driver\\Src\\stm32f4xx_hal_dcmi_ex.c 0x00000000   Number         0  stm32f4xx_hal_dcmi_ex.o ABSOLUTE
    Libraries\\STM32F4xx_HAL_Driver\\Src\\stm32f4xx_hal_dfsdm.c 0x00000000   Number         0  stm32f4xx_hal_dfsdm.o ABSOLUTE
    Libraries\\STM32F4xx_HAL_Driver\\Src\\stm32f4xx_hal_dma.c 0x00000000   Number         0  stm32f4xx_hal_dma.o ABSOLUTE
    Libraries\\STM32F4xx_HAL_Driver\\Src\\stm32f4xx_hal_dma2d.c 0x00000000   Number         0  stm32f4xx_hal_dma2d.o ABSOLUTE
    Libraries\\STM32F4xx_HAL_Driver\\Src\\stm32f4xx_hal_dma_ex.c 0x00000000   Number         0  stm32f4xx_hal_dma_ex.o ABSOLUTE
    Libraries\\STM32F4xx_HAL_Driver\\Src\\stm32f4xx_hal_dsi.c 0x00000000   Number         0  stm32f4xx_hal_dsi.o ABSOLUTE
    Libraries\\STM32F4xx_HAL_Driver\\Src\\stm32f4xx_hal_eth.c 0x00000000   Number         0  stm32f4xx_hal_eth.o ABSOLUTE
    Libraries\\STM32F4xx_HAL_Driver\\Src\\stm32f4xx_hal_exti.c 0x00000000   Number         0  stm32f4xx_hal_exti.o ABSOLUTE
    Libraries\\STM32F4xx_HAL_Driver\\Src\\stm32f4xx_hal_flash.c 0x00000000   Number         0  stm32f4xx_hal_flash.o ABSOLUTE
    Libraries\\STM32F4xx_HAL_Driver\\Src\\stm32f4xx_hal_flash_ex.c 0x00000000   Number         0  stm32f4xx_hal_flash_ex.o ABSOLUTE
    Libraries\\STM32F4xx_HAL_Driver\\Src\\stm32f4xx_hal_flash_ramfunc.c 0x00000000   Number         0  stm32f4xx_hal_flash_ramfunc.o ABSOLUTE
    Libraries\\STM32F4xx_HAL_Driver\\Src\\stm32f4xx_hal_fmpi2c.c 0x00000000   Number         0  stm32f4xx_hal_fmpi2c.o ABSOLUTE
    Libraries\\STM32F4xx_HAL_Driver\\Src\\stm32f4xx_hal_fmpi2c_ex.c 0x00000000   Number         0  stm32f4xx_hal_fmpi2c_ex.o ABSOLUTE
    Libraries\\STM32F4xx_HAL_Driver\\Src\\stm32f4xx_hal_fmpsmbus.c 0x00000000   Number         0  stm32f4xx_hal_fmpsmbus.o ABSOLUTE
    Libraries\\STM32F4xx_HAL_Driver\\Src\\stm32f4xx_hal_fmpsmbus_ex.c 0x00000000   Number         0  stm32f4xx_hal_fmpsmbus_ex.o ABSOLUTE
    Libraries\\STM32F4xx_HAL_Driver\\Src\\stm32f4xx_hal_gpio.c 0x00000000   Number         0  stm32f4xx_hal_gpio.o ABSOLUTE
    Libraries\\STM32F4xx_HAL_Driver\\Src\\stm32f4xx_hal_hash.c 0x00000000   Number         0  stm32f4xx_hal_hash.o ABSOLUTE
    Libraries\\STM32F4xx_HAL_Driver\\Src\\stm32f4xx_hal_hash_ex.c 0x00000000   Number         0  stm32f4xx_hal_hash_ex.o ABSOLUTE
    Libraries\\STM32F4xx_HAL_Driver\\Src\\stm32f4xx_hal_hcd.c 0x00000000   Number         0  stm32f4xx_hal_hcd.o ABSOLUTE
    Libraries\\STM32F4xx_HAL_Driver\\Src\\stm32f4xx_hal_i2c.c 0x00000000   Number         0  stm32f4xx_hal_i2c.o ABSOLUTE
    Libraries\\STM32F4xx_HAL_Driver\\Src\\stm32f4xx_hal_i2c_ex.c 0x00000000   Number         0  stm32f4xx_hal_i2c_ex.o ABSOLUTE
    Libraries\\STM32F4xx_HAL_Driver\\Src\\stm32f4xx_hal_i2s.c 0x00000000   Number         0  stm32f4xx_hal_i2s.o ABSOLUTE
    Libraries\\STM32F4xx_HAL_Driver\\Src\\stm32f4xx_hal_i2s_ex.c 0x00000000   Number         0  stm32f4xx_hal_i2s_ex.o ABSOLUTE
    Libraries\\STM32F4xx_HAL_Driver\\Src\\stm32f4xx_hal_irda.c 0x00000000   Number         0  stm32f4xx_hal_irda.o ABSOLUTE
    Libraries\\STM32F4xx_HAL_Driver\\Src\\stm32f4xx_hal_iwdg.c 0x00000000   Number         0  stm32f4xx_hal_iwdg.o ABSOLUTE
    Libraries\\STM32F4xx_HAL_Driver\\Src\\stm32f4xx_hal_lptim.c 0x00000000   Number         0  stm32f4xx_hal_lptim.o ABSOLUTE
    Libraries\\STM32F4xx_HAL_Driver\\Src\\stm32f4xx_hal_ltdc.c 0x00000000   Number         0  stm32f4xx_hal_ltdc.o ABSOLUTE
    Libraries\\STM32F4xx_HAL_Driver\\Src\\stm32f4xx_hal_ltdc_ex.c 0x00000000   Number         0  stm32f4xx_hal_ltdc_ex.o ABSOLUTE
    Libraries\\STM32F4xx_HAL_Driver\\Src\\stm32f4xx_hal_mmc.c 0x00000000   Number         0  stm32f4xx_hal_mmc.o ABSOLUTE
    Libraries\\STM32F4xx_HAL_Driver\\Src\\stm32f4xx_hal_msp_template.c 0x00000000   Number         0  stm32f4xx_hal_msp_template.o ABSOLUTE
    Libraries\\STM32F4xx_HAL_Driver\\Src\\stm32f4xx_hal_nand.c 0x00000000   Number         0  stm32f4xx_hal_nand.o ABSOLUTE
    Libraries\\STM32F4xx_HAL_Driver\\Src\\stm32f4xx_hal_nor.c 0x00000000   Number         0  stm32f4xx_hal_nor.o ABSOLUTE
    Libraries\\STM32F4xx_HAL_Driver\\Src\\stm32f4xx_hal_pccard.c 0x00000000   Number         0  stm32f4xx_hal_pccard.o ABSOLUTE
    Libraries\\STM32F4xx_HAL_Driver\\Src\\stm32f4xx_hal_pcd.c 0x00000000   Number         0  stm32f4xx_hal_pcd.o ABSOLUTE
    Libraries\\STM32F4xx_HAL_Driver\\Src\\stm32f4xx_hal_pcd_ex.c 0x00000000   Number         0  stm32f4xx_hal_pcd_ex.o ABSOLUTE
    Libraries\\STM32F4xx_HAL_Driver\\Src\\stm32f4xx_hal_pwr.c 0x00000000   Number         0  stm32f4xx_hal_pwr.o ABSOLUTE
    Libraries\\STM32F4xx_HAL_Driver\\Src\\stm32f4xx_hal_pwr_ex.c 0x00000000   Number         0  stm32f4xx_hal_pwr_ex.o ABSOLUTE
    Libraries\\STM32F4xx_HAL_Driver\\Src\\stm32f4xx_hal_qspi.c 0x00000000   Number         0  stm32f4xx_hal_qspi.o ABSOLUTE
    Libraries\\STM32F4xx_HAL_Driver\\Src\\stm32f4xx_hal_rcc.c 0x00000000   Number         0  stm32f4xx_hal_rcc.o ABSOLUTE
    Libraries\\STM32F4xx_HAL_Driver\\Src\\stm32f4xx_hal_rcc_ex.c 0x00000000   Number         0  stm32f4xx_hal_rcc_ex.o ABSOLUTE
    Libraries\\STM32F4xx_HAL_Driver\\Src\\stm32f4xx_hal_rng.c 0x00000000   Number         0  stm32f4xx_hal_rng.o ABSOLUTE
    Libraries\\STM32F4xx_HAL_Driver\\Src\\stm32f4xx_hal_rtc.c 0x00000000   Number         0  stm32f4xx_hal_rtc.o ABSOLUTE
    Libraries\\STM32F4xx_HAL_Driver\\Src\\stm32f4xx_hal_rtc_ex.c 0x00000000   Number         0  stm32f4xx_hal_rtc_ex.o ABSOLUTE
    Libraries\\STM32F4xx_HAL_Driver\\Src\\stm32f4xx_hal_sai.c 0x00000000   Number         0  stm32f4xx_hal_sai.o ABSOLUTE
    Libraries\\STM32F4xx_HAL_Driver\\Src\\stm32f4xx_hal_sai_ex.c 0x00000000   Number         0  stm32f4xx_hal_sai_ex.o ABSOLUTE
    Libraries\\STM32F4xx_HAL_Driver\\Src\\stm32f4xx_hal_sd.c 0x00000000   Number         0  stm32f4xx_hal_sd.o ABSOLUTE
    Libraries\\STM32F4xx_HAL_Driver\\Src\\stm32f4xx_hal_sdram.c 0x00000000   Number         0  stm32f4xx_hal_sdram.o ABSOLUTE
    Libraries\\STM32F4xx_HAL_Driver\\Src\\stm32f4xx_hal_smartcard.c 0x00000000   Number         0  stm32f4xx_hal_smartcard.o ABSOLUTE
    Libraries\\STM32F4xx_HAL_Driver\\Src\\stm32f4xx_hal_smbus.c 0x00000000   Number         0  stm32f4xx_hal_smbus.o ABSOLUTE
    Libraries\\STM32F4xx_HAL_Driver\\Src\\stm32f4xx_hal_spdifrx.c 0x00000000   Number         0  stm32f4xx_hal_spdifrx.o ABSOLUTE
    Libraries\\STM32F4xx_HAL_Driver\\Src\\stm32f4xx_hal_spi.c 0x00000000   Number         0  stm32f4xx_hal_spi.o ABSOLUTE
    Libraries\\STM32F4xx_HAL_Driver\\Src\\stm32f4xx_hal_sram.c 0x00000000   Number         0  stm32f4xx_hal_sram.o ABSOLUTE
    Libraries\\STM32F4xx_HAL_Driver\\Src\\stm32f4xx_hal_tim.c 0x00000000   Number         0  stm32f4xx_hal_tim.o ABSOLUTE
    Libraries\\STM32F4xx_HAL_Driver\\Src\\stm32f4xx_hal_tim_ex.c 0x00000000   Number         0  stm32f4xx_hal_tim_ex.o ABSOLUTE
    Libraries\\STM32F4xx_HAL_Driver\\Src\\stm32f4xx_hal_uart.c 0x00000000   Number         0  stm32f4xx_hal_uart.o ABSOLUTE
    Libraries\\STM32F4xx_HAL_Driver\\Src\\stm32f4xx_hal_usart.c 0x00000000   Number         0  stm32f4xx_hal_usart.o ABSOLUTE
    Libraries\\STM32F4xx_HAL_Driver\\Src\\stm32f4xx_hal_wwdg.c 0x00000000   Number         0  stm32f4xx_hal_wwdg.o ABSOLUTE
    Libraries\\STM32F4xx_HAL_Driver\\Src\\stm32f4xx_ll_fmc.c 0x00000000   Number         0  stm32f4xx_ll_fmc.o ABSOLUTE
    Libraries\\STM32F4xx_HAL_Driver\\Src\\stm32f4xx_ll_fsmc.c 0x00000000   Number         0  stm32f4xx_ll_fsmc.o ABSOLUTE
    Libraries\\STM32F4xx_HAL_Driver\\Src\\stm32f4xx_ll_sdmmc.c 0x00000000   Number         0  stm32f4xx_ll_sdmmc.o ABSOLUTE
    Libraries\\STM32F4xx_HAL_Driver\\Src\\stm32f4xx_ll_usb.c 0x00000000   Number         0  stm32f4xx_ll_usb.o ABSOLUTE
    Libraries\\STM32F4xx_HAL_Driver\\Src\\stm32f4xx_ll_utils.c 0x00000000   Number         0  stm32f4xx_ll_utils.o ABSOLUTE
    Third_Party\FreeRTOS\portable\heap_4.c   0x00000000   Number         0  heap_4.o ABSOLUTE
    Third_Party\FreeRTOS\portable\port.c     0x00000000   Number         0  port.o ABSOLUTE
    Third_Party\FreeRTOS\source\croutine.c   0x00000000   Number         0  croutine.o ABSOLUTE
    Third_Party\FreeRTOS\source\event_groups.c 0x00000000   Number         0  event_groups.o ABSOLUTE
    Third_Party\FreeRTOS\source\list.c       0x00000000   Number         0  list.o ABSOLUTE
    Third_Party\FreeRTOS\source\queue.c      0x00000000   Number         0  queue.o ABSOLUTE
    Third_Party\FreeRTOS\source\tasks.c      0x00000000   Number         0  tasks.o ABSOLUTE
    Third_Party\FreeRTOS\source\timers.c     0x00000000   Number         0  timers.o ABSOLUTE
    Third_Party\Lwip\api\api_lib.c           0x00000000   Number         0  api_lib.o ABSOLUTE
    Third_Party\Lwip\api\api_msg.c           0x00000000   Number         0  api_msg.o ABSOLUTE
    Third_Party\Lwip\api\err.c               0x00000000   Number         0  err.o ABSOLUTE
    Third_Party\Lwip\api\if_api.c            0x00000000   Number         0  if_api.o ABSOLUTE
    Third_Party\Lwip\api\netbuf.c            0x00000000   Number         0  netbuf.o ABSOLUTE
    Third_Party\Lwip\api\netdb.c             0x00000000   Number         0  netdb.o ABSOLUTE
    Third_Party\Lwip\api\netifapi.c          0x00000000   Number         0  netifapi.o ABSOLUTE
    Third_Party\Lwip\api\sockets.c           0x00000000   Number         0  sockets.o ABSOLUTE
    Third_Party\Lwip\api\tcpip.c             0x00000000   Number         0  tcpip.o ABSOLUTE
    Third_Party\Lwip\core\altcp.c            0x00000000   Number         0  altcp.o ABSOLUTE
    Third_Party\Lwip\core\altcp_alloc.c      0x00000000   Number         0  altcp_alloc.o ABSOLUTE
    Third_Party\Lwip\core\altcp_tcp.c        0x00000000   Number         0  altcp_tcp.o ABSOLUTE
    Third_Party\Lwip\core\def.c              0x00000000   Number         0  def.o ABSOLUTE
    Third_Party\Lwip\core\dns.c              0x00000000   Number         0  dns.o ABSOLUTE
    Third_Party\Lwip\core\inet_chksum.c      0x00000000   Number         0  inet_chksum.o ABSOLUTE
    Third_Party\Lwip\core\init.c             0x00000000   Number         0  init.o ABSOLUTE
    Third_Party\Lwip\core\ip.c               0x00000000   Number         0  ip.o ABSOLUTE
    Third_Party\Lwip\core\ipv4\acd.c         0x00000000   Number         0  acd.o ABSOLUTE
    Third_Party\Lwip\core\ipv4\autoip.c      0x00000000   Number         0  autoip.o ABSOLUTE
    Third_Party\Lwip\core\ipv4\dhcp.c        0x00000000   Number         0  dhcp.o ABSOLUTE
    Third_Party\Lwip\core\ipv4\etharp.c      0x00000000   Number         0  etharp.o ABSOLUTE
    Third_Party\Lwip\core\ipv4\icmp.c        0x00000000   Number         0  icmp.o ABSOLUTE
    Third_Party\Lwip\core\ipv4\igmp.c        0x00000000   Number         0  igmp.o ABSOLUTE
    Third_Party\Lwip\core\ipv4\ip4.c         0x00000000   Number         0  ip4.o ABSOLUTE
    Third_Party\Lwip\core\ipv4\ip4_addr.c    0x00000000   Number         0  ip4_addr.o ABSOLUTE
    Third_Party\Lwip\core\ipv4\ip4_frag.c    0x00000000   Number         0  ip4_frag.o ABSOLUTE
    Third_Party\Lwip\core\mem.c              0x00000000   Number         0  mem.o ABSOLUTE
    Third_Party\Lwip\core\memp.c             0x00000000   Number         0  memp.o ABSOLUTE
    Third_Party\Lwip\core\netif.c            0x00000000   Number         0  netif.o ABSOLUTE
    Third_Party\Lwip\core\pbuf.c             0x00000000   Number         0  pbuf.o ABSOLUTE
    Third_Party\Lwip\core\raw.c              0x00000000   Number         0  raw.o ABSOLUTE
    Third_Party\Lwip\core\stats.c            0x00000000   Number         0  stats.o ABSOLUTE
    Third_Party\Lwip\core\sys.c              0x00000000   Number         0  sys.o ABSOLUTE
    Third_Party\Lwip\core\tcp.c              0x00000000   Number         0  tcp.o ABSOLUTE
    Third_Party\Lwip\core\tcp_in.c           0x00000000   Number         0  tcp_in.o ABSOLUTE
    Third_Party\Lwip\core\tcp_out.c          0x00000000   Number         0  tcp_out.o ABSOLUTE
    Third_Party\Lwip\core\timeouts.c         0x00000000   Number         0  timeouts.o ABSOLUTE
    Third_Party\Lwip\core\udp.c              0x00000000   Number         0  udp.o ABSOLUTE
    Third_Party\Lwip\netif\ethernet.c        0x00000000   Number         0  ethernet.o ABSOLUTE
    Third_Party\Lwip\port\arch\sys_arch.c    0x00000000   Number         0  sys_arch.o ABSOLUTE
    Third_Party\Lwip\port\driver\ethernetif.c 0x00000000   Number         0  ethernetif.o ABSOLUTE
    Third_Party\Lwip\port\driver\netconf.c   0x00000000   Number         0  netconf.o ABSOLUTE
    Third_Party\\FreeRTOS\\portable\\heap_4.c 0x00000000   Number         0  heap_4.o ABSOLUTE
    Third_Party\\FreeRTOS\\portable\\port.c  0x00000000   Number         0  port.o ABSOLUTE
    Third_Party\\FreeRTOS\\source\\croutine.c 0x00000000   Number         0  croutine.o ABSOLUTE
    Third_Party\\FreeRTOS\\source\\event_groups.c 0x00000000   Number         0  event_groups.o ABSOLUTE
    Third_Party\\FreeRTOS\\source\\list.c    0x00000000   Number         0  list.o ABSOLUTE
    Third_Party\\FreeRTOS\\source\\queue.c   0x00000000   Number         0  queue.o ABSOLUTE
    Third_Party\\FreeRTOS\\source\\tasks.c   0x00000000   Number         0  tasks.o ABSOLUTE
    Third_Party\\FreeRTOS\\source\\timers.c  0x00000000   Number         0  timers.o ABSOLUTE
    Third_Party\\Lwip\\api\\api_lib.c        0x00000000   Number         0  api_lib.o ABSOLUTE
    Third_Party\\Lwip\\api\\api_msg.c        0x00000000   Number         0  api_msg.o ABSOLUTE
    Third_Party\\Lwip\\api\\err.c            0x00000000   Number         0  err.o ABSOLUTE
    Third_Party\\Lwip\\api\\if_api.c         0x00000000   Number         0  if_api.o ABSOLUTE
    Third_Party\\Lwip\\api\\netbuf.c         0x00000000   Number         0  netbuf.o ABSOLUTE
    Third_Party\\Lwip\\api\\netdb.c          0x00000000   Number         0  netdb.o ABSOLUTE
    Third_Party\\Lwip\\api\\netifapi.c       0x00000000   Number         0  netifapi.o ABSOLUTE
    Third_Party\\Lwip\\api\\sockets.c        0x00000000   Number         0  sockets.o ABSOLUTE
    Third_Party\\Lwip\\api\\tcpip.c          0x00000000   Number         0  tcpip.o ABSOLUTE
    Third_Party\\Lwip\\core\\altcp.c         0x00000000   Number         0  altcp.o ABSOLUTE
    Third_Party\\Lwip\\core\\altcp_alloc.c   0x00000000   Number         0  altcp_alloc.o ABSOLUTE
    Third_Party\\Lwip\\core\\altcp_tcp.c     0x00000000   Number         0  altcp_tcp.o ABSOLUTE
    Third_Party\\Lwip\\core\\def.c           0x00000000   Number         0  def.o ABSOLUTE
    Third_Party\\Lwip\\core\\dns.c           0x00000000   Number         0  dns.o ABSOLUTE
    Third_Party\\Lwip\\core\\inet_chksum.c   0x00000000   Number         0  inet_chksum.o ABSOLUTE
    Third_Party\\Lwip\\core\\init.c          0x00000000   Number         0  init.o ABSOLUTE
    Third_Party\\Lwip\\core\\ip.c            0x00000000   Number         0  ip.o ABSOLUTE
    Third_Party\\Lwip\\core\\ipv4\\acd.c     0x00000000   Number         0  acd.o ABSOLUTE
    Third_Party\\Lwip\\core\\ipv4\\autoip.c  0x00000000   Number         0  autoip.o ABSOLUTE
    Third_Party\\Lwip\\core\\ipv4\\dhcp.c    0x00000000   Number         0  dhcp.o ABSOLUTE
    Third_Party\\Lwip\\core\\ipv4\\etharp.c  0x00000000   Number         0  etharp.o ABSOLUTE
    Third_Party\\Lwip\\core\\ipv4\\icmp.c    0x00000000   Number         0  icmp.o ABSOLUTE
    Third_Party\\Lwip\\core\\ipv4\\igmp.c    0x00000000   Number         0  igmp.o ABSOLUTE
    Third_Party\\Lwip\\core\\ipv4\\ip4.c     0x00000000   Number         0  ip4.o ABSOLUTE
    Third_Party\\Lwip\\core\\ipv4\\ip4_addr.c 0x00000000   Number         0  ip4_addr.o ABSOLUTE
    Third_Party\\Lwip\\core\\ipv4\\ip4_frag.c 0x00000000   Number         0  ip4_frag.o ABSOLUTE
    Third_Party\\Lwip\\core\\mem.c           0x00000000   Number         0  mem.o ABSOLUTE
    Third_Party\\Lwip\\core\\memp.c          0x00000000   Number         0  memp.o ABSOLUTE
    Third_Party\\Lwip\\core\\netif.c         0x00000000   Number         0  netif.o ABSOLUTE
    Third_Party\\Lwip\\core\\pbuf.c          0x00000000   Number         0  pbuf.o ABSOLUTE
    Third_Party\\Lwip\\core\\raw.c           0x00000000   Number         0  raw.o ABSOLUTE
    Third_Party\\Lwip\\core\\stats.c         0x00000000   Number         0  stats.o ABSOLUTE
    Third_Party\\Lwip\\core\\sys.c           0x00000000   Number         0  sys.o ABSOLUTE
    Third_Party\\Lwip\\core\\tcp.c           0x00000000   Number         0  tcp.o ABSOLUTE
    Third_Party\\Lwip\\core\\tcp_in.c        0x00000000   Number         0  tcp_in.o ABSOLUTE
    Third_Party\\Lwip\\core\\tcp_out.c       0x00000000   Number         0  tcp_out.o ABSOLUTE
    Third_Party\\Lwip\\core\\timeouts.c      0x00000000   Number         0  timeouts.o ABSOLUTE
    Third_Party\\Lwip\\core\\udp.c           0x00000000   Number         0  udp.o ABSOLUTE
    Third_Party\\Lwip\\netif\\ethernet.c     0x00000000   Number         0  ethernet.o ABSOLUTE
    Third_Party\\Lwip\\port\\arch\\sys_arch.c 0x00000000   Number         0  sys_arch.o ABSOLUTE
    Third_Party\\Lwip\\port\\driver\\ethernetif.c 0x00000000   Number         0  ethernetif.o ABSOLUTE
    Third_Party\\Lwip\\port\\driver\\netconf.c 0x00000000   Number         0  netconf.o ABSOLUTE
    User\\app\\tcp_client.c                  0x00000000   Number         0  tcp_client.o ABSOLUTE
    User\\buffer\\buffer.c                   0x00000000   Number         0  buffer.o ABSOLUTE
    User\\esp8266\\bsp_esp8266.c             0x00000000   Number         0  bsp_esp8266.o ABSOLUTE
    User\\eth\\bsp_eth.c                     0x00000000   Number         0  bsp_eth.o ABSOLUTE
    User\\led\\bsp_led.c                     0x00000000   Number         0  bsp_led.o ABSOLUTE
    User\\main.c                             0x00000000   Number         0  main.o ABSOLUTE
    User\\stm32f4xx_it.c                     0x00000000   Number         0  stm32f4xx_it.o ABSOLUTE
    User\\usart\\bsp_debug_usart.c           0x00000000   Number         0  bsp_debug_usart.o ABSOLUTE
    User\app\tcp_client.c                    0x00000000   Number         0  tcp_client.o ABSOLUTE
    User\buffer\buffer.c                     0x00000000   Number         0  buffer.o ABSOLUTE
    User\esp8266\bsp_esp8266.c               0x00000000   Number         0  bsp_esp8266.o ABSOLUTE
    User\eth\bsp_eth.c                       0x00000000   Number         0  bsp_eth.o ABSOLUTE
    User\led\bsp_led.c                       0x00000000   Number         0  bsp_led.o ABSOLUTE
    User\main.c                              0x00000000   Number         0  main.o ABSOLUTE
    User\stm32f4xx_it.c                      0x00000000   Number         0  stm32f4xx_it.o ABSOLUTE
    User\usart\bsp_debug_usart.c             0x00000000   Number         0  bsp_debug_usart.o ABSOLUTE
    cdrcmple.s                               0x00000000   Number         0  cdrcmple.o ABSOLUTE
    dc.s                                     0x00000000   Number         0  dc.o ABSOLUTE
    handlers.s                               0x00000000   Number         0  handlers.o ABSOLUTE
    init.s                                   0x00000000   Number         0  init.o ABSOLUTE
    RESET                                    0x08020000   Section      392  startup_stm32f407xx.o(RESET)
    .ARM.Collect$$$$00000000                 0x08020188   Section        0  entry.o(.ARM.Collect$$$$00000000)
    .ARM.Collect$$$$00000001                 0x08020188   Section        4  entry2.o(.ARM.Collect$$$$00000001)
    .ARM.Collect$$$$00000004                 0x0802018c   Section        4  entry5.o(.ARM.Collect$$$$00000004)
    .ARM.Collect$$$$00000008                 0x08020190   Section        0  entry7b.o(.ARM.Collect$$$$00000008)
    .ARM.Collect$$$$0000000A                 0x08020190   Section        0  entry8b.o(.ARM.Collect$$$$0000000A)
    .ARM.Collect$$$$0000000B                 0x08020190   Section        8  entry9a.o(.ARM.Collect$$$$0000000B)
    .ARM.Collect$$$$0000000D                 0x08020198   Section        0  entry10a.o(.ARM.Collect$$$$0000000D)
    .ARM.Collect$$$$0000000F                 0x08020198   Section        0  entry11a.o(.ARM.Collect$$$$0000000F)
    .ARM.Collect$$$$00002712                 0x08020198   Section        4  entry2.o(.ARM.Collect$$$$00002712)
    __lit__00000000                          0x08020198   Data           4  entry2.o(.ARM.Collect$$$$00002712)
    .emb_text                                0x0802019c   Section      182  port.o(.emb_text)
    $v0                                      0x0802019c   Number         0  port.o(.emb_text)
    .text                                    0x08020254   Section       36  startup_stm32f407xx.o(.text)
    $v0                                      0x08020254   Number         0  startup_stm32f407xx.o(.text)
    .text                                    0x08020278   Section        0  uldiv.o(.text)
    .text                                    0x080202da   Section        0  llshl.o(.text)
    .text                                    0x080202f8   Section        0  llushr.o(.text)
    .text                                    0x08020318   Section       36  init.o(.text)
    i.BufferInit                             0x0802033c   Section        0  buffer.o(i.BufferInit)
    i.BufferReadyRelease                     0x08020354   Section        0  buffer.o(i.BufferReadyRelease)
    i.BufferWrite                            0x08020360   Section        0  buffer.o(i.BufferWrite)
    i.BusFault_Handler                       0x0802037c   Section        0  stm32f4xx_it.o(i.BusFault_Handler)
    i.CheckUpgrade_Task                      0x08020380   Section        0  main.o(i.CheckUpgrade_Task)
    CheckUpgrade_Task                        0x08020381   Thumb Code   218  main.o(i.CheckUpgrade_Task)
    i.DebugMon_Handler                       0x08020470   Section        0  stm32f4xx_it.o(i.DebugMon_Handler)
    i.ESP8266_Init                           0x08020474   Section        0  bsp_esp8266.o(i.ESP8266_Init)
    i.ESP_CMD_Send                           0x08020498   Section        0  bsp_esp8266.o(i.ESP_CMD_Send)
    i.ESP_GPIO_Config                        0x080204c8   Section        0  bsp_esp8266.o(i.ESP_GPIO_Config)
    ESP_GPIO_Config                          0x080204c9   Thumb Code   106  bsp_esp8266.o(i.ESP_GPIO_Config)
    i.ESP_StartupTask                        0x08020540   Section        0  main.o(i.ESP_StartupTask)
    ESP_StartupTask                          0x08020541   Thumb Code   112  main.o(i.ESP_StartupTask)
    i.ETH_IRQHandler                         0x0802062c   Section        0  stm32f4xx_it.o(i.ETH_IRQHandler)
    i.Error_Handler                          0x0802065c   Section        0  main.o(i.Error_Handler)
    Error_Handler                            0x0802065d   Thumb Code     4  main.o(i.Error_Handler)
    i.FLASH_Erase_Sector                     0x08020660   Section        0  stm32f4xx_hal_flash_ex.o(i.FLASH_Erase_Sector)
    i.FLASH_FlushCaches                      0x080206bc   Section        0  stm32f4xx_hal_flash_ex.o(i.FLASH_FlushCaches)
    i.FLASH_MassErase                        0x08020734   Section        0  stm32f4xx_hal_flash_ex.o(i.FLASH_MassErase)
    FLASH_MassErase                          0x08020735   Thumb Code    42  stm32f4xx_hal_flash_ex.o(i.FLASH_MassErase)
    i.FLASH_Program_Byte                     0x08020764   Section        0  stm32f4xx_hal_flash.o(i.FLASH_Program_Byte)
    FLASH_Program_Byte                       0x08020765   Thumb Code    32  stm32f4xx_hal_flash.o(i.FLASH_Program_Byte)
    i.FLASH_Program_DoubleWord               0x08020788   Section        0  stm32f4xx_hal_flash.o(i.FLASH_Program_DoubleWord)
    FLASH_Program_DoubleWord                 0x08020789   Thumb Code    44  stm32f4xx_hal_flash.o(i.FLASH_Program_DoubleWord)
    i.FLASH_Program_HalfWord                 0x080207b8   Section        0  stm32f4xx_hal_flash.o(i.FLASH_Program_HalfWord)
    FLASH_Program_HalfWord                   0x080207b9   Thumb Code    36  stm32f4xx_hal_flash.o(i.FLASH_Program_HalfWord)
    i.FLASH_Program_Word                     0x080207e0   Section        0  stm32f4xx_hal_flash.o(i.FLASH_Program_Word)
    FLASH_Program_Word                       0x080207e1   Thumb Code    36  stm32f4xx_hal_flash.o(i.FLASH_Program_Word)
    i.FLASH_SetErrorCode                     0x08020808   Section        0  stm32f4xx_hal_flash.o(i.FLASH_SetErrorCode)
    FLASH_SetErrorCode                       0x08020809   Thumb Code   142  stm32f4xx_hal_flash.o(i.FLASH_SetErrorCode)
    i.FLASH_WaitForLastOperation             0x080208a0   Section        0  stm32f4xx_hal_flash.o(i.FLASH_WaitForLastOperation)
    i.GPIO_CLK_Init                          0x08020904   Section        0  main.o(i.GPIO_CLK_Init)
    GPIO_CLK_Init                            0x08020905   Thumb Code   186  main.o(i.GPIO_CLK_Init)
    i.HAL_ETH_ErrorCallback                  0x080209c4   Section        0  stm32f4xx_hal_eth.o(i.HAL_ETH_ErrorCallback)
    i.HAL_ETH_IRQHandler                     0x080209c6   Section        0  stm32f4xx_hal_eth.o(i.HAL_ETH_IRQHandler)
    i.HAL_ETH_RxCpltCallback                 0x08020a6c   Section        0  bsp_eth.o(i.HAL_ETH_RxCpltCallback)
    i.HAL_ETH_TxCpltCallback                 0x08020a9c   Section        0  bsp_eth.o(i.HAL_ETH_TxCpltCallback)
    i.HAL_FLASHEx_Erase                      0x08020aa0   Section        0  stm32f4xx_hal_flash_ex.o(i.HAL_FLASHEx_Erase)
    i.HAL_FLASH_Lock                         0x08020b4c   Section        0  stm32f4xx_hal_flash.o(i.HAL_FLASH_Lock)
    i.HAL_FLASH_Program                      0x08020b60   Section        0  stm32f4xx_hal_flash.o(i.HAL_FLASH_Program)
    i.HAL_FLASH_Unlock                       0x08020bf0   Section        0  stm32f4xx_hal_flash.o(i.HAL_FLASH_Unlock)
    i.HAL_GPIO_Init                          0x08020c24   Section        0  stm32f4xx_hal_gpio.o(i.HAL_GPIO_Init)
    i.HAL_GPIO_WritePin                      0x08020e18   Section        0  stm32f4xx_hal_gpio.o(i.HAL_GPIO_WritePin)
    i.HAL_GetREVID                           0x08020e24   Section        0  stm32f4xx_hal.o(i.HAL_GetREVID)
    i.HAL_GetTick                            0x08020e30   Section        0  stm32f4xx_hal.o(i.HAL_GetTick)
    i.HAL_IncTick                            0x08020e3c   Section        0  stm32f4xx_hal.o(i.HAL_IncTick)
    i.HAL_Init                               0x08020e54   Section        0  stm32f4xx_hal.o(i.HAL_Init)
    i.HAL_InitTick                           0x08020e90   Section        0  stm32f4xx_hal.o(i.HAL_InitTick)
    i.HAL_MspInit                            0x08020edc   Section        0  stm32f4xx_hal_msp_template.o(i.HAL_MspInit)
    i.HAL_NVIC_EnableIRQ                     0x08020ede   Section        0  stm32f4xx_hal_cortex.o(i.HAL_NVIC_EnableIRQ)
    i.HAL_NVIC_SetPriority                   0x08020f06   Section        0  stm32f4xx_hal_cortex.o(i.HAL_NVIC_SetPriority)
    i.HAL_NVIC_SetPriorityGrouping           0x08020f84   Section        0  stm32f4xx_hal_cortex.o(i.HAL_NVIC_SetPriorityGrouping)
    i.HAL_RCC_ClockConfig                    0x08020fac   Section        0  stm32f4xx_hal_rcc.o(i.HAL_RCC_ClockConfig)
    i.HAL_RCC_GetHCLKFreq                    0x08021130   Section        0  stm32f4xx_hal_rcc.o(i.HAL_RCC_GetHCLKFreq)
    i.HAL_RCC_GetPCLK1Freq                   0x0802113c   Section        0  stm32f4xx_hal_rcc.o(i.HAL_RCC_GetPCLK1Freq)
    i.HAL_RCC_GetPCLK2Freq                   0x0802115c   Section        0  stm32f4xx_hal_rcc.o(i.HAL_RCC_GetPCLK2Freq)
    i.HAL_RCC_GetSysClockFreq                0x0802117c   Section        0  stm32f4xx_hal_rcc.o(i.HAL_RCC_GetSysClockFreq)
    i.HAL_RCC_OscConfig                      0x0802122c   Section        0  stm32f4xx_hal_rcc.o(i.HAL_RCC_OscConfig)
    i.HAL_SYSTICK_CLKSourceConfig            0x080216c8   Section        0  stm32f4xx_hal_cortex.o(i.HAL_SYSTICK_CLKSourceConfig)
    i.HAL_SYSTICK_Config                     0x080216f0   Section        0  stm32f4xx_hal_cortex.o(i.HAL_SYSTICK_Config)
    i.HAL_UART_Init                          0x08021724   Section        0  stm32f4xx_hal_uart.o(i.HAL_UART_Init)
    i.HAL_UART_MspInit                       0x0802179c   Section        0  bsp_debug_usart.o(i.HAL_UART_MspInit)
    i.HAL_UART_Transmit                      0x080218f0   Section        0  stm32f4xx_hal_uart.o(i.HAL_UART_Transmit)
    i.HardFault_Handler                      0x080219ae   Section        0  stm32f4xx_it.o(i.HardFault_Handler)
    i.LED_GPIO_Config                        0x080219b4   Section        0  bsp_led.o(i.LED_GPIO_Config)
    i.LED_Task                               0x08021a60   Section        0  main.o(i.LED_Task)
    LED_Task                                 0x08021a61   Thumb Code    24  main.o(i.LED_Task)
    i.MemManage_Handler                      0x08021a7c   Section        0  stm32f4xx_it.o(i.MemManage_Handler)
    i.NMI_Handler                            0x08021a80   Section        0  stm32f4xx_it.o(i.NMI_Handler)
    i.Send_NACK                              0x08021a82   Section        0  main.o(i.Send_NACK)
    i.StartupTask                            0x08021a8c   Section        0  main.o(i.StartupTask)
    StartupTask                              0x08021a8d   Thumb Code   148  main.o(i.StartupTask)
    i.SysTick_Handler                        0x08021c44   Section        0  stm32f4xx_it.o(i.SysTick_Handler)
    i.SystemClock_Config                     0x08021c78   Section        0  main.o(i.SystemClock_Config)
    SystemClock_Config                       0x08021c79   Thumb Code   212  main.o(i.SystemClock_Config)
    i.SystemInit                             0x08021d58   Section        0  system_stm32f4xx.o(i.SystemInit)
    i.UART_EndRxTransfer                     0x08021d78   Section        0  stm32f4xx_hal_uart.o(i.UART_EndRxTransfer)
    UART_EndRxTransfer                       0x08021d79   Thumb Code   108  stm32f4xx_hal_uart.o(i.UART_EndRxTransfer)
    i.UART_SetConfig                         0x08021de4   Section        0  stm32f4xx_hal_uart.o(i.UART_SetConfig)
    UART_SetConfig                           0x08021de5   Thumb Code   546  stm32f4xx_hal_uart.o(i.UART_SetConfig)
    i.UART_WaitOnFlagUntilTimeout            0x08022010   Section        0  stm32f4xx_hal_uart.o(i.UART_WaitOnFlagUntilTimeout)
    UART_WaitOnFlagUntilTimeout              0x08022011   Thumb Code   140  stm32f4xx_hal_uart.o(i.UART_WaitOnFlagUntilTimeout)
    i.USART1_IRQHandler                      0x0802209c   Section        0  stm32f4xx_it.o(i.USART1_IRQHandler)
    i.USART3_IRQHandler                      0x080220c8   Section        0  stm32f4xx_it.o(i.USART3_IRQHandler)
    i.USART_Config                           0x080220f0   Section        0  bsp_debug_usart.o(i.USART_Config)
    i.UsageFault_Handler                     0x08022164   Section        0  stm32f4xx_it.o(i.UsageFault_Handler)
    i.Usart_SendByte                         0x08022168   Section        0  bsp_debug_usart.o(i.Usart_SendByte)
    i.__0printf$5                            0x08022184   Section        0  printf5.o(i.__0printf$5)
    i.__NVIC_GetPriorityGrouping             0x080221a4   Section        0  stm32f4xx_hal_cortex.o(i.__NVIC_GetPriorityGrouping)
    __NVIC_GetPriorityGrouping               0x080221a5   Thumb Code    10  stm32f4xx_hal_cortex.o(i.__NVIC_GetPriorityGrouping)
    i.__NVIC_SetPriority                     0x080221b4   Section        0  stm32f4xx_hal_cortex.o(i.__NVIC_SetPriority)
    __NVIC_SetPriority                       0x080221b5   Thumb Code    32  stm32f4xx_hal_cortex.o(i.__NVIC_SetPriority)
    i.__scatterload_copy                     0x080221dc   Section       14  handlers.o(i.__scatterload_copy)
    i.__scatterload_null                     0x080221ea   Section        2  handlers.o(i.__scatterload_null)
    i.__scatterload_zeroinit                 0x080221ec   Section       14  handlers.o(i.__scatterload_zeroinit)
    i._printf_core                           0x080221fc   Section        0  printf5.o(i._printf_core)
    _printf_core                             0x080221fd   Thumb Code   658  printf5.o(i._printf_core)
    i.crc_check                              0x080224bc   Section        0  buffer.o(i.crc_check)
    i.fputc                                  0x08022580   Section        0  bsp_debug_usart.o(i.fputc)
    i.free                                   0x0802259c   Section        0  malloc.o(i.free)
    i.get_byte                               0x080225ec   Section        0  buffer.o(i.get_byte)
    i.get_frame                              0x08022620   Section        0  buffer.o(i.get_frame)
    i.get_halfword                           0x080226d8   Section        0  buffer.o(i.get_halfword)
    i.main                                   0x080226f4   Section        0  main.o(i.main)
    i.malloc                                 0x080227f8   Section        0  malloc.o(i.malloc)
    i.prvAddCurrentTaskToDelayedList         0x08022864   Section        0  tasks.o(i.prvAddCurrentTaskToDelayedList)
    prvAddCurrentTaskToDelayedList           0x08022865   Thumb Code   124  tasks.o(i.prvAddCurrentTaskToDelayedList)
    i.prvAddNewTaskToReadyList               0x080228fc   Section        0  tasks.o(i.prvAddNewTaskToReadyList)
    prvAddNewTaskToReadyList                 0x080228fd   Thumb Code   150  tasks.o(i.prvAddNewTaskToReadyList)
    i.prvCheckTasksWaitingTermination        0x080229b0   Section        0  tasks.o(i.prvCheckTasksWaitingTermination)
    prvCheckTasksWaitingTermination          0x080229b1   Thumb Code    86  tasks.o(i.prvCheckTasksWaitingTermination)
    i.prvDeleteTCB                           0x08022a14   Section        0  tasks.o(i.prvDeleteTCB)
    prvDeleteTCB                             0x08022a15   Thumb Code    18  tasks.o(i.prvDeleteTCB)
    i.prvHeapInit                            0x08022a28   Section        0  heap_4.o(i.prvHeapInit)
    prvHeapInit                              0x08022a29   Thumb Code    98  heap_4.o(i.prvHeapInit)
    i.prvIdleTask                            0x08022aa4   Section        0  tasks.o(i.prvIdleTask)
    prvIdleTask                              0x08022aa5   Thumb Code    32  tasks.o(i.prvIdleTask)
    i.prvInitialiseNewTask                   0x08022acc   Section        0  tasks.o(i.prvInitialiseNewTask)
    prvInitialiseNewTask                     0x08022acd   Thumb Code   160  tasks.o(i.prvInitialiseNewTask)
    i.prvInitialiseTaskLists                 0x08022ba0   Section        0  tasks.o(i.prvInitialiseTaskLists)
    prvInitialiseTaskLists                   0x08022ba1   Thumb Code    70  tasks.o(i.prvInitialiseTaskLists)
    i.prvInsertBlockIntoFreeList             0x08022c08   Section        0  heap_4.o(i.prvInsertBlockIntoFreeList)
    prvInsertBlockIntoFreeList               0x08022c09   Thumb Code    96  heap_4.o(i.prvInsertBlockIntoFreeList)
    i.prvResetNextTaskUnblockTime            0x08022c70   Section        0  tasks.o(i.prvResetNextTaskUnblockTime)
    prvResetNextTaskUnblockTime              0x08022c71   Thumb Code    42  tasks.o(i.prvResetNextTaskUnblockTime)
    i.prvTaskExitError                       0x08022ca4   Section        0  port.o(i.prvTaskExitError)
    prvTaskExitError                         0x08022ca5   Thumb Code    50  port.o(i.prvTaskExitError)
    i.pvPortMalloc                           0x08022d14   Section        0  heap_4.o(i.pvPortMalloc)
    i.pxPortInitialiseStack                  0x08022e68   Section        0  port.o(i.pxPortInitialiseStack)
    i.uxListRemove                           0x08022e94   Section        0  list.o(i.uxListRemove)
    i.vListInitialise                        0x08022ebc   Section        0  list.o(i.vListInitialise)
    i.vListInitialiseItem                    0x08022ed6   Section        0  list.o(i.vListInitialiseItem)
    i.vListInsert                            0x08022edc   Section        0  list.o(i.vListInsert)
    i.vListInsertEnd                         0x08022f10   Section        0  list.o(i.vListInsertEnd)
    i.vPortEnterCritical                     0x08022f28   Section        0  port.o(i.vPortEnterCritical)
    i.vPortExitCritical                      0x08022fac   Section        0  port.o(i.vPortExitCritical)
    i.vPortFree                              0x08023018   Section        0  heap_4.o(i.vPortFree)
    i.vPortSetupTimerInterrupt               0x080230d0   Section        0  port.o(i.vPortSetupTimerInterrupt)
    i.vPortValidateInterruptPriority         0x080230f0   Section        0  port.o(i.vPortValidateInterruptPriority)
    i.vTaskDelay                             0x0802318c   Section        0  tasks.o(i.vTaskDelay)
    i.vTaskDelete                            0x08023210   Section        0  tasks.o(i.vTaskDelete)
    i.vTaskStartScheduler                    0x0802332c   Section        0  tasks.o(i.vTaskStartScheduler)
    i.vTaskSuspendAll                        0x080233e0   Section        0  tasks.o(i.vTaskSuspendAll)
    i.vTaskSwitchContext                     0x080233f0   Section        0  tasks.o(i.vTaskSwitchContext)
    i.write_byte                             0x080234a8   Section        0  buffer.o(i.write_byte)
    i.xPortStartScheduler                    0x080234d4   Section        0  port.o(i.xPortStartScheduler)
    i.xPortSysTickHandler                    0x0802362c   Section        0  port.o(i.xPortSysTickHandler)
    i.xQueueGiveFromISR                      0x08023660   Section        0  queue.o(i.xQueueGiveFromISR)
    i.xTaskCreate                            0x08023758   Section        0  tasks.o(i.xTaskCreate)
    i.xTaskGetSchedulerState                 0x080237b8   Section        0  tasks.o(i.xTaskGetSchedulerState)
    i.xTaskIncrementTick                     0x080237d8   Section        0  tasks.o(i.xTaskIncrementTick)
    i.xTaskRemoveFromEventList               0x08023948   Section        0  tasks.o(i.xTaskRemoveFromEventList)
    i.xTaskResumeAll                         0x08023a0c   Section        0  tasks.o(i.xTaskResumeAll)
    .constdata                               0x08023b3c   Section       24  system_stm32f4xx.o(.constdata)
    .data                                    0x20000000   Section        4  system_stm32f4xx.o(.data)
    .data                                    0x20000004   Section        9  stm32f4xx_hal.o(.data)
    .data                                    0x20000010   Section       32  stm32f4xx_hal_flash.o(.data)
    .data                                    0x20000030   Section       16  main.o(.data)
    StartupTask_Handle                       0x20000030   Data           4  main.o(.data)
    LEDTask_Handle                           0x20000034   Data           4  main.o(.data)
    CheckUpgradeTask_Handle                  0x20000038   Data           4  main.o(.data)
    ESP_StartupTask_Handle                   0x2000003c   Data           4  main.o(.data)
    .data                                    0x20000040   Section       16  ethernetif.o(.data)
    ousem                                    0x2000004c   Data           4  ethernetif.o(.data)
    .data                                    0x20000050   Section       24  heap_4.o(.data)
    xStart                                   0x20000050   Data           8  heap_4.o(.data)
    pxEnd                                    0x20000058   Data           4  heap_4.o(.data)
    xFreeBytesRemaining                      0x2000005c   Data           4  heap_4.o(.data)
    xMinimumEverFreeBytesRemaining           0x20000060   Data           4  heap_4.o(.data)
    xBlockAllocatedBit                       0x20000064   Data           4  heap_4.o(.data)
    .data                                    0x20000068   Section       12  port.o(.data)
    uxCriticalNesting                        0x20000068   Data           4  port.o(.data)
    ucMaxSysCallPriority                     0x2000006c   Data           1  port.o(.data)
    ulMaxPRIGROUPValue                       0x20000070   Data           4  port.o(.data)
    .data                                    0x20000074   Section       60  tasks.o(.data)
    pxDelayedTaskList                        0x20000078   Data           4  tasks.o(.data)
    pxOverflowDelayedTaskList                0x2000007c   Data           4  tasks.o(.data)
    uxDeletedTasksWaitingCleanUp             0x20000080   Data           4  tasks.o(.data)
    uxCurrentNumberOfTasks                   0x20000084   Data           4  tasks.o(.data)
    xTickCount                               0x20000088   Data           4  tasks.o(.data)
    uxTopReadyPriority                       0x2000008c   Data           4  tasks.o(.data)
    xSchedulerRunning                        0x20000090   Data           4  tasks.o(.data)
    uxPendedTicks                            0x20000094   Data           4  tasks.o(.data)
    xYieldPending                            0x20000098   Data           4  tasks.o(.data)
    xNumOfOverflows                          0x2000009c   Data           4  tasks.o(.data)
    uxTaskNumber                             0x200000a0   Data           4  tasks.o(.data)
    xNextTaskUnblockTime                     0x200000a4   Data           4  tasks.o(.data)
    xIdleTaskHandle                          0x200000a8   Data           4  tasks.o(.data)
    uxSchedulerSuspended                     0x200000ac   Data           4  tasks.o(.data)
    .data                                    0x200000b0   Section        4  stdout.o(.data)
    .data                                    0x200000b4   Section        4  mvars.o(.data)
    .data                                    0x200000b8   Section        4  mvars.o(.data)
    .bss                                     0x200000bc   Section      672  main.o(.bss)
    .bss                                     0x2000035c   Section      144  bsp_debug_usart.o(.bss)
    .bss                                     0x200003ec   Section    24968  bsp_eth.o(.bss)
    .bss                                     0x20006574   Section    25600  heap_4.o(.bss)
    ucHeap                                   0x20006574   Data       25600  heap_4.o(.bss)
    .bss                                     0x2000c974   Section      740  tasks.o(.bss)
    pxReadyTasksLists                        0x2000c974   Data         640  tasks.o(.bss)
    xDelayedTaskList1                        0x2000cbf4   Data          20  tasks.o(.bss)
    xDelayedTaskList2                        0x2000cc08   Data          20  tasks.o(.bss)
    xPendingReadyList                        0x2000cc1c   Data          20  tasks.o(.bss)
    xTasksWaitingTermination                 0x2000cc30   Data          20  tasks.o(.bss)
    xSuspendedTaskList                       0x2000cc44   Data          20  tasks.o(.bss)
    HEAP                                     0x2000cc58   Section      512  startup_stm32f407xx.o(HEAP)
    STACK                                    0x2000ce58   Section     1024  startup_stm32f407xx.o(STACK)

    Global Symbols

    Symbol Name                              Value     Ov Type        Size  Object(Section)

    BuildAttributes$$THM_ISAv4$E$P$D$K$B$S$7EM$VFPi3$EXTD16$VFPS$VFMA$PE$A:L22UL41UL21$X:L11$S22US41US21$IEEE1$IW$USESV6$~STKCKD$USESV7$~SHL$OSPACE$ROPI$EBA8$MICROLIB$REQ8$PRES8$EABIv2 0x00000000   Number         0  anon$$obj.o ABSOLUTE
    __ARM_use_no_argv                        0x00000000   Number         0  main.o ABSOLUTE
    _printf_a                                0x00000000   Number         0  stubs.o ABSOLUTE
    _printf_c                                0x00000000   Number         0  stubs.o ABSOLUTE
    _printf_charcount                        0x00000000   Number         0  stubs.o ABSOLUTE
    _printf_d                                0x00000000   Number         0  stubs.o ABSOLUTE
    _printf_e                                0x00000000   Number         0  stubs.o ABSOLUTE
    _printf_f                                0x00000000   Number         0  stubs.o ABSOLUTE
    _printf_flags                            0x00000000   Number         0  stubs.o ABSOLUTE
    _printf_fp_dec                           0x00000000   Number         0  stubs.o ABSOLUTE
    _printf_fp_hex                           0x00000000   Number         0  stubs.o ABSOLUTE
    _printf_g                                0x00000000   Number         0  stubs.o ABSOLUTE
    _printf_i                                0x00000000   Number         0  stubs.o ABSOLUTE
    _printf_int_dec                          0x00000000   Number         0  stubs.o ABSOLUTE
    _printf_l                                0x00000000   Number         0  stubs.o ABSOLUTE
    _printf_lc                               0x00000000   Number         0  stubs.o ABSOLUTE
    _printf_ll                               0x00000000   Number         0  stubs.o ABSOLUTE
    _printf_lld                              0x00000000   Number         0  stubs.o ABSOLUTE
    _printf_lli                              0x00000000   Number         0  stubs.o ABSOLUTE
    _printf_llo                              0x00000000   Number         0  stubs.o ABSOLUTE
    _printf_llu                              0x00000000   Number         0  stubs.o ABSOLUTE
    _printf_llx                              0x00000000   Number         0  stubs.o ABSOLUTE
    _printf_longlong_dec                     0x00000000   Number         0  stubs.o ABSOLUTE
    _printf_longlong_hex                     0x00000000   Number         0  stubs.o ABSOLUTE
    _printf_longlong_oct                     0x00000000   Number         0  stubs.o ABSOLUTE
    _printf_ls                               0x00000000   Number         0  stubs.o ABSOLUTE
    _printf_mbtowc                           0x00000000   Number         0  stubs.o ABSOLUTE
    _printf_n                                0x00000000   Number         0  stubs.o ABSOLUTE
    _printf_o                                0x00000000   Number         0  stubs.o ABSOLUTE
    _printf_p                                0x00000000   Number         0  stubs.o ABSOLUTE
    _printf_percent                          0x00000000   Number         0  stubs.o ABSOLUTE
    _printf_pre_padding                      0x00000000   Number         0  stubs.o ABSOLUTE
    _printf_return_value                     0x00000000   Number         0  stubs.o ABSOLUTE
    _printf_s                                0x00000000   Number         0  stubs.o ABSOLUTE
    _printf_sizespec                         0x00000000   Number         0  stubs.o ABSOLUTE
    _printf_str                              0x00000000   Number         0  stubs.o ABSOLUTE
    _printf_truncate_signed                  0x00000000   Number         0  stubs.o ABSOLUTE
    _printf_truncate_unsigned                0x00000000   Number         0  stubs.o ABSOLUTE
    _printf_u                                0x00000000   Number         0  stubs.o ABSOLUTE
    _printf_wc                               0x00000000   Number         0  stubs.o ABSOLUTE
    _printf_wctomb                           0x00000000   Number         0  stubs.o ABSOLUTE
    _printf_widthprec                        0x00000000   Number         0  stubs.o ABSOLUTE
    _printf_x                                0x00000000   Number         0  stubs.o ABSOLUTE
    __cpp_initialize__aeabi_                  - Undefined Weak Reference
    __cxa_finalize                            - Undefined Weak Reference
    __decompress                              - Undefined Weak Reference
    _clock_init                               - Undefined Weak Reference
    _microlib_exit                            - Undefined Weak Reference
    __Vectors_Size                           0x00000188   Number         0  startup_stm32f407xx.o ABSOLUTE
    __Vectors                                0x08020000   Data           4  startup_stm32f407xx.o(RESET)
    __Vectors_End                            0x08020188   Data           0  startup_stm32f407xx.o(RESET)
    __main                                   0x08020189   Thumb Code     0  entry.o(.ARM.Collect$$$$00000000)
    _main_stk                                0x08020189   Thumb Code     0  entry2.o(.ARM.Collect$$$$00000001)
    _main_scatterload                        0x0802018d   Thumb Code     0  entry5.o(.ARM.Collect$$$$00000004)
    __main_after_scatterload                 0x08020191   Thumb Code     0  entry5.o(.ARM.Collect$$$$00000004)
    _main_clock                              0x08020191   Thumb Code     0  entry7b.o(.ARM.Collect$$$$00000008)
    _main_cpp_init                           0x08020191   Thumb Code     0  entry8b.o(.ARM.Collect$$$$0000000A)
    _main_init                               0x08020191   Thumb Code     0  entry9a.o(.ARM.Collect$$$$0000000B)
    __rt_final_cpp                           0x08020199   Thumb Code     0  entry10a.o(.ARM.Collect$$$$0000000D)
    __rt_final_exit                          0x08020199   Thumb Code     0  entry11a.o(.ARM.Collect$$$$0000000F)
    SVC_Handler                              0x0802019d   Thumb Code    28  port.o(.emb_text)
    __asm___6_port_c_39a90d8d__prvStartFirstTask 0x080201bd   Thumb Code    28  port.o(.emb_text)
    __asm___6_port_c_39a90d8d__prvEnableVFP  0x080201dd   Thumb Code    16  port.o(.emb_text)
    PendSV_Handler                           0x080201f1   Thumb Code    88  port.o(.emb_text)
    vPortGetIPSR                             0x0802024d   Thumb Code     6  port.o(.emb_text)
    Reset_Handler                            0x08020255   Thumb Code     8  startup_stm32f407xx.o(.text)
    ADC_IRQHandler                           0x0802026f   Thumb Code     0  startup_stm32f407xx.o(.text)
    CAN1_RX0_IRQHandler                      0x0802026f   Thumb Code     0  startup_stm32f407xx.o(.text)
    CAN1_RX1_IRQHandler                      0x0802026f   Thumb Code     0  startup_stm32f407xx.o(.text)
    CAN1_SCE_IRQHandler                      0x0802026f   Thumb Code     0  startup_stm32f407xx.o(.text)
    CAN1_TX_IRQHandler                       0x0802026f   Thumb Code     0  startup_stm32f407xx.o(.text)
    CAN2_RX0_IRQHandler                      0x0802026f   Thumb Code     0  startup_stm32f407xx.o(.text)
    CAN2_RX1_IRQHandler                      0x0802026f   Thumb Code     0  startup_stm32f407xx.o(.text)
    CAN2_SCE_IRQHandler                      0x0802026f   Thumb Code     0  startup_stm32f407xx.o(.text)
    CAN2_TX_IRQHandler                       0x0802026f   Thumb Code     0  startup_stm32f407xx.o(.text)
    DCMI_IRQHandler                          0x0802026f   Thumb Code     0  startup_stm32f407xx.o(.text)
    DMA1_Stream0_IRQHandler                  0x0802026f   Thumb Code     0  startup_stm32f407xx.o(.text)
    DMA1_Stream1_IRQHandler                  0x0802026f   Thumb Code     0  startup_stm32f407xx.o(.text)
    DMA1_Stream2_IRQHandler                  0x0802026f   Thumb Code     0  startup_stm32f407xx.o(.text)
    DMA1_Stream3_IRQHandler                  0x0802026f   Thumb Code     0  startup_stm32f407xx.o(.text)
    DMA1_Stream4_IRQHandler                  0x0802026f   Thumb Code     0  startup_stm32f407xx.o(.text)
    DMA1_Stream5_IRQHandler                  0x0802026f   Thumb Code     0  startup_stm32f407xx.o(.text)
    DMA1_Stream6_IRQHandler                  0x0802026f   Thumb Code     0  startup_stm32f407xx.o(.text)
    DMA1_Stream7_IRQHandler                  0x0802026f   Thumb Code     0  startup_stm32f407xx.o(.text)
    DMA2_Stream0_IRQHandler                  0x0802026f   Thumb Code     0  startup_stm32f407xx.o(.text)
    DMA2_Stream1_IRQHandler                  0x0802026f   Thumb Code     0  startup_stm32f407xx.o(.text)
    DMA2_Stream2_IRQHandler                  0x0802026f   Thumb Code     0  startup_stm32f407xx.o(.text)
    DMA2_Stream3_IRQHandler                  0x0802026f   Thumb Code     0  startup_stm32f407xx.o(.text)
    DMA2_Stream4_IRQHandler                  0x0802026f   Thumb Code     0  startup_stm32f407xx.o(.text)
    DMA2_Stream5_IRQHandler                  0x0802026f   Thumb Code     0  startup_stm32f407xx.o(.text)
    DMA2_Stream6_IRQHandler                  0x0802026f   Thumb Code     0  startup_stm32f407xx.o(.text)
    DMA2_Stream7_IRQHandler                  0x0802026f   Thumb Code     0  startup_stm32f407xx.o(.text)
    ETH_WKUP_IRQHandler                      0x0802026f   Thumb Code     0  startup_stm32f407xx.o(.text)
    EXTI0_IRQHandler                         0x0802026f   Thumb Code     0  startup_stm32f407xx.o(.text)
    EXTI15_10_IRQHandler                     0x0802026f   Thumb Code     0  startup_stm32f407xx.o(.text)
    EXTI1_IRQHandler                         0x0802026f   Thumb Code     0  startup_stm32f407xx.o(.text)
    EXTI2_IRQHandler                         0x0802026f   Thumb Code     0  startup_stm32f407xx.o(.text)
    EXTI3_IRQHandler                         0x0802026f   Thumb Code     0  startup_stm32f407xx.o(.text)
    EXTI4_IRQHandler                         0x0802026f   Thumb Code     0  startup_stm32f407xx.o(.text)
    EXTI9_5_IRQHandler                       0x0802026f   Thumb Code     0  startup_stm32f407xx.o(.text)
    FLASH_IRQHandler                         0x0802026f   Thumb Code     0  startup_stm32f407xx.o(.text)
    FMC_IRQHandler                           0x0802026f   Thumb Code     0  startup_stm32f407xx.o(.text)
    FPU_IRQHandler                           0x0802026f   Thumb Code     0  startup_stm32f407xx.o(.text)
    HASH_RNG_IRQHandler                      0x0802026f   Thumb Code     0  startup_stm32f407xx.o(.text)
    I2C1_ER_IRQHandler                       0x0802026f   Thumb Code     0  startup_stm32f407xx.o(.text)
    I2C1_EV_IRQHandler                       0x0802026f   Thumb Code     0  startup_stm32f407xx.o(.text)
    I2C2_ER_IRQHandler                       0x0802026f   Thumb Code     0  startup_stm32f407xx.o(.text)
    I2C2_EV_IRQHandler                       0x0802026f   Thumb Code     0  startup_stm32f407xx.o(.text)
    I2C3_ER_IRQHandler                       0x0802026f   Thumb Code     0  startup_stm32f407xx.o(.text)
    I2C3_EV_IRQHandler                       0x0802026f   Thumb Code     0  startup_stm32f407xx.o(.text)
    OTG_FS_IRQHandler                        0x0802026f   Thumb Code     0  startup_stm32f407xx.o(.text)
    OTG_FS_WKUP_IRQHandler                   0x0802026f   Thumb Code     0  startup_stm32f407xx.o(.text)
    OTG_HS_EP1_IN_IRQHandler                 0x0802026f   Thumb Code     0  startup_stm32f407xx.o(.text)
    OTG_HS_EP1_OUT_IRQHandler                0x0802026f   Thumb Code     0  startup_stm32f407xx.o(.text)
    OTG_HS_IRQHandler                        0x0802026f   Thumb Code     0  startup_stm32f407xx.o(.text)
    OTG_HS_WKUP_IRQHandler                   0x0802026f   Thumb Code     0  startup_stm32f407xx.o(.text)
    PVD_IRQHandler                           0x0802026f   Thumb Code     0  startup_stm32f407xx.o(.text)
    RCC_IRQHandler                           0x0802026f   Thumb Code     0  startup_stm32f407xx.o(.text)
    RTC_Alarm_IRQHandler                     0x0802026f   Thumb Code     0  startup_stm32f407xx.o(.text)
    RTC_WKUP_IRQHandler                      0x0802026f   Thumb Code     0  startup_stm32f407xx.o(.text)
    SDIO_IRQHandler                          0x0802026f   Thumb Code     0  startup_stm32f407xx.o(.text)
    SPI1_IRQHandler                          0x0802026f   Thumb Code     0  startup_stm32f407xx.o(.text)
    SPI2_IRQHandler                          0x0802026f   Thumb Code     0  startup_stm32f407xx.o(.text)
    SPI3_IRQHandler                          0x0802026f   Thumb Code     0  startup_stm32f407xx.o(.text)
    TAMP_STAMP_IRQHandler                    0x0802026f   Thumb Code     0  startup_stm32f407xx.o(.text)
    TIM1_BRK_TIM9_IRQHandler                 0x0802026f   Thumb Code     0  startup_stm32f407xx.o(.text)
    TIM1_CC_IRQHandler                       0x0802026f   Thumb Code     0  startup_stm32f407xx.o(.text)
    TIM1_TRG_COM_TIM11_IRQHandler            0x0802026f   Thumb Code     0  startup_stm32f407xx.o(.text)
    TIM1_UP_TIM10_IRQHandler                 0x0802026f   Thumb Code     0  startup_stm32f407xx.o(.text)
    TIM2_IRQHandler                          0x0802026f   Thumb Code     0  startup_stm32f407xx.o(.text)
    TIM3_IRQHandler                          0x0802026f   Thumb Code     0  startup_stm32f407xx.o(.text)
    TIM4_IRQHandler                          0x0802026f   Thumb Code     0  startup_stm32f407xx.o(.text)
    TIM5_IRQHandler                          0x0802026f   Thumb Code     0  startup_stm32f407xx.o(.text)
    TIM6_DAC_IRQHandler                      0x0802026f   Thumb Code     0  startup_stm32f407xx.o(.text)
    TIM7_IRQHandler                          0x0802026f   Thumb Code     0  startup_stm32f407xx.o(.text)
    TIM8_BRK_TIM12_IRQHandler                0x0802026f   Thumb Code     0  startup_stm32f407xx.o(.text)
    TIM8_CC_IRQHandler                       0x0802026f   Thumb Code     0  startup_stm32f407xx.o(.text)
    TIM8_TRG_COM_TIM14_IRQHandler            0x0802026f   Thumb Code     0  startup_stm32f407xx.o(.text)
    TIM8_UP_TIM13_IRQHandler                 0x0802026f   Thumb Code     0  startup_stm32f407xx.o(.text)
    UART4_IRQHandler                         0x0802026f   Thumb Code     0  startup_stm32f407xx.o(.text)
    UART5_IRQHandler                         0x0802026f   Thumb Code     0  startup_stm32f407xx.o(.text)
    USART2_IRQHandler                        0x0802026f   Thumb Code     0  startup_stm32f407xx.o(.text)
    USART6_IRQHandler                        0x0802026f   Thumb Code     0  startup_stm32f407xx.o(.text)
    WWDG_IRQHandler                          0x0802026f   Thumb Code     0  startup_stm32f407xx.o(.text)
    __aeabi_uldivmod                         0x08020279   Thumb Code    98  uldiv.o(.text)
    __aeabi_llsl                             0x080202db   Thumb Code    30  llshl.o(.text)
    _ll_shift_l                              0x080202db   Thumb Code     0  llshl.o(.text)
    __aeabi_llsr                             0x080202f9   Thumb Code    32  llushr.o(.text)
    _ll_ushift_r                             0x080202f9   Thumb Code     0  llushr.o(.text)
    __scatterload                            0x08020319   Thumb Code    28  init.o(.text)
    __scatterload_rt2                        0x08020319   Thumb Code     0  init.o(.text)
    BufferInit                               0x0802033d   Thumb Code    24  buffer.o(i.BufferInit)
    BufferReadyRelease                       0x08020355   Thumb Code    12  buffer.o(i.BufferReadyRelease)
    BufferWrite                              0x08020361   Thumb Code    28  buffer.o(i.BufferWrite)
    BusFault_Handler                         0x0802037d   Thumb Code     4  stm32f4xx_it.o(i.BusFault_Handler)
    DebugMon_Handler                         0x08020471   Thumb Code     2  stm32f4xx_it.o(i.DebugMon_Handler)
    ESP8266_Init                             0x08020475   Thumb Code    28  bsp_esp8266.o(i.ESP8266_Init)
    ESP_CMD_Send                             0x08020499   Thumb Code    42  bsp_esp8266.o(i.ESP_CMD_Send)
    ETH_IRQHandler                           0x0802062d   Thumb Code    42  stm32f4xx_it.o(i.ETH_IRQHandler)
    FLASH_Erase_Sector                       0x08020661   Thumb Code    86  stm32f4xx_hal_flash_ex.o(i.FLASH_Erase_Sector)
    FLASH_FlushCaches                        0x080206bd   Thumb Code   114  stm32f4xx_hal_flash_ex.o(i.FLASH_FlushCaches)
    FLASH_WaitForLastOperation               0x080208a1   Thumb Code    90  stm32f4xx_hal_flash.o(i.FLASH_WaitForLastOperation)
    HAL_ETH_ErrorCallback                    0x080209c5   Thumb Code     2  stm32f4xx_hal_eth.o(i.HAL_ETH_ErrorCallback)
    HAL_ETH_IRQHandler                       0x080209c7   Thumb Code   164  stm32f4xx_hal_eth.o(i.HAL_ETH_IRQHandler)
    HAL_ETH_RxCpltCallback                   0x08020a6d   Thumb Code    40  bsp_eth.o(i.HAL_ETH_RxCpltCallback)
    HAL_ETH_TxCpltCallback                   0x08020a9d   Thumb Code     2  bsp_eth.o(i.HAL_ETH_TxCpltCallback)
    HAL_FLASHEx_Erase                        0x08020aa1   Thumb Code   162  stm32f4xx_hal_flash_ex.o(i.HAL_FLASHEx_Erase)
    HAL_FLASH_Lock                           0x08020b4d   Thumb Code    16  stm32f4xx_hal_flash.o(i.HAL_FLASH_Lock)
    HAL_FLASH_Program                        0x08020b61   Thumb Code   134  stm32f4xx_hal_flash.o(i.HAL_FLASH_Program)
    HAL_FLASH_Unlock                         0x08020bf1   Thumb Code    38  stm32f4xx_hal_flash.o(i.HAL_FLASH_Unlock)
    HAL_GPIO_Init                            0x08020c25   Thumb Code   454  stm32f4xx_hal_gpio.o(i.HAL_GPIO_Init)
    HAL_GPIO_WritePin                        0x08020e19   Thumb Code    12  stm32f4xx_hal_gpio.o(i.HAL_GPIO_WritePin)
    HAL_GetREVID                             0x08020e25   Thumb Code     8  stm32f4xx_hal.o(i.HAL_GetREVID)
    HAL_GetTick                              0x08020e31   Thumb Code     6  stm32f4xx_hal.o(i.HAL_GetTick)
    HAL_IncTick                              0x08020e3d   Thumb Code    16  stm32f4xx_hal.o(i.HAL_IncTick)
    HAL_Init                                 0x08020e55   Thumb Code    54  stm32f4xx_hal.o(i.HAL_Init)
    HAL_InitTick                             0x08020e91   Thumb Code    64  stm32f4xx_hal.o(i.HAL_InitTick)
    HAL_MspInit                              0x08020edd   Thumb Code     2  stm32f4xx_hal_msp_template.o(i.HAL_MspInit)
    HAL_NVIC_EnableIRQ                       0x08020edf   Thumb Code    40  stm32f4xx_hal_cortex.o(i.HAL_NVIC_EnableIRQ)
    HAL_NVIC_SetPriority                     0x08020f07   Thumb Code   124  stm32f4xx_hal_cortex.o(i.HAL_NVIC_SetPriority)
    HAL_NVIC_SetPriorityGrouping             0x08020f85   Thumb Code    32  stm32f4xx_hal_cortex.o(i.HAL_NVIC_SetPriorityGrouping)
    HAL_RCC_ClockConfig                      0x08020fad   Thumb Code   368  stm32f4xx_hal_rcc.o(i.HAL_RCC_ClockConfig)
    HAL_RCC_GetHCLKFreq                      0x08021131   Thumb Code     6  stm32f4xx_hal_rcc.o(i.HAL_RCC_GetHCLKFreq)
    HAL_RCC_GetPCLK1Freq                     0x0802113d   Thumb Code    22  stm32f4xx_hal_rcc.o(i.HAL_RCC_GetPCLK1Freq)
    HAL_RCC_GetPCLK2Freq                     0x0802115d   Thumb Code    22  stm32f4xx_hal_rcc.o(i.HAL_RCC_GetPCLK2Freq)
    HAL_RCC_GetSysClockFreq                  0x0802117d   Thumb Code   162  stm32f4xx_hal_rcc.o(i.HAL_RCC_GetSysClockFreq)
    HAL_RCC_OscConfig                        0x0802122d   Thumb Code  1172  stm32f4xx_hal_rcc.o(i.HAL_RCC_OscConfig)
    HAL_SYSTICK_CLKSourceConfig              0x080216c9   Thumb Code    40  stm32f4xx_hal_cortex.o(i.HAL_SYSTICK_CLKSourceConfig)
    HAL_SYSTICK_Config                       0x080216f1   Thumb Code    52  stm32f4xx_hal_cortex.o(i.HAL_SYSTICK_Config)
    HAL_UART_Init                            0x08021725   Thumb Code   118  stm32f4xx_hal_uart.o(i.HAL_UART_Init)
    HAL_UART_MspInit                         0x0802179d   Thumb Code   318  bsp_debug_usart.o(i.HAL_UART_MspInit)
    HAL_UART_Transmit                        0x080218f1   Thumb Code   190  stm32f4xx_hal_uart.o(i.HAL_UART_Transmit)
    HardFault_Handler                        0x080219af   Thumb Code     4  stm32f4xx_it.o(i.HardFault_Handler)
    LED_GPIO_Config                          0x080219b5   Thumb Code   164  bsp_led.o(i.LED_GPIO_Config)
    MemManage_Handler                        0x08021a7d   Thumb Code     4  stm32f4xx_it.o(i.MemManage_Handler)
    NMI_Handler                              0x08021a81   Thumb Code     2  stm32f4xx_it.o(i.NMI_Handler)
    Send_NACK                                0x08021a83   Thumb Code    10  main.o(i.Send_NACK)
    SysTick_Handler                          0x08021c45   Thumb Code    52  stm32f4xx_it.o(i.SysTick_Handler)
    SystemInit                               0x08021d59   Thumb Code    22  system_stm32f4xx.o(i.SystemInit)
    USART1_IRQHandler                        0x0802209d   Thumb Code    36  stm32f4xx_it.o(i.USART1_IRQHandler)
    USART3_IRQHandler                        0x080220c9   Thumb Code    30  stm32f4xx_it.o(i.USART3_IRQHandler)
    USART_Config                             0x080220f1   Thumb Code   100  bsp_debug_usart.o(i.USART_Config)
    UsageFault_Handler                       0x08022165   Thumb Code     4  stm32f4xx_it.o(i.UsageFault_Handler)
    Usart_SendByte                           0x08022169   Thumb Code    22  bsp_debug_usart.o(i.Usart_SendByte)
    __0printf$5                              0x08022185   Thumb Code    22  printf5.o(i.__0printf$5)
    __1printf$5                              0x08022185   Thumb Code     0  printf5.o(i.__0printf$5)
    __2printf                                0x08022185   Thumb Code     0  printf5.o(i.__0printf$5)
    __scatterload_copy                       0x080221dd   Thumb Code    14  handlers.o(i.__scatterload_copy)
    __scatterload_null                       0x080221eb   Thumb Code     2  handlers.o(i.__scatterload_null)
    __scatterload_zeroinit                   0x080221ed   Thumb Code    14  handlers.o(i.__scatterload_zeroinit)
    crc_check                                0x080224bd   Thumb Code   194  buffer.o(i.crc_check)
    fputc                                    0x08022581   Thumb Code    22  bsp_debug_usart.o(i.fputc)
    free                                     0x0802259d   Thumb Code    76  malloc.o(i.free)
    get_byte                                 0x080225ed   Thumb Code    52  buffer.o(i.get_byte)
    get_frame                                0x08022621   Thumb Code   184  buffer.o(i.get_frame)
    get_halfword                             0x080226d9   Thumb Code    26  buffer.o(i.get_halfword)
    main                                     0x080226f5   Thumb Code   102  main.o(i.main)
    malloc                                   0x080227f9   Thumb Code    92  malloc.o(i.malloc)
    pvPortMalloc                             0x08022d15   Thumb Code   262  heap_4.o(i.pvPortMalloc)
    pxPortInitialiseStack                    0x08022e69   Thumb Code    38  port.o(i.pxPortInitialiseStack)
    uxListRemove                             0x08022e95   Thumb Code    40  list.o(i.uxListRemove)
    vListInitialise                          0x08022ebd   Thumb Code    26  list.o(i.vListInitialise)
    vListInitialiseItem                      0x08022ed7   Thumb Code     6  list.o(i.vListInitialiseItem)
    vListInsert                              0x08022edd   Thumb Code    52  list.o(i.vListInsert)
    vListInsertEnd                           0x08022f11   Thumb Code    24  list.o(i.vListInsertEnd)
    vPortEnterCritical                       0x08022f29   Thumb Code    68  port.o(i.vPortEnterCritical)
    vPortExitCritical                        0x08022fad   Thumb Code    48  port.o(i.vPortExitCritical)
    vPortFree                                0x08023019   Thumb Code   120  heap_4.o(i.vPortFree)
    vPortSetupTimerInterrupt                 0x080230d1   Thumb Code    26  port.o(i.vPortSetupTimerInterrupt)
    vPortValidateInterruptPriority           0x080230f1   Thumb Code    86  port.o(i.vPortValidateInterruptPriority)
    vTaskDelay                               0x0802318d   Thumb Code    72  tasks.o(i.vTaskDelay)
    vTaskDelete                              0x08023211   Thumb Code   192  tasks.o(i.vTaskDelete)
    vTaskStartScheduler                      0x0802332d   Thumb Code    98  tasks.o(i.vTaskStartScheduler)
    vTaskSuspendAll                          0x080233e1   Thumb Code    12  tasks.o(i.vTaskSuspendAll)
    vTaskSwitchContext                       0x080233f1   Thumb Code   110  tasks.o(i.vTaskSwitchContext)
    write_byte                               0x080234a9   Thumb Code    44  buffer.o(i.write_byte)
    xPortStartScheduler                      0x080234d5   Thumb Code   258  port.o(i.xPortStartScheduler)
    xPortSysTickHandler                      0x0802362d   Thumb Code    46  port.o(i.xPortSysTickHandler)
    xQueueGiveFromISR                        0x08023661   Thumb Code   194  queue.o(i.xQueueGiveFromISR)
    xTaskCreate                              0x08023759   Thumb Code    96  tasks.o(i.xTaskCreate)
    xTaskGetSchedulerState                   0x080237b9   Thumb Code    24  tasks.o(i.xTaskGetSchedulerState)
    xTaskIncrementTick                       0x080237d9   Thumb Code   272  tasks.o(i.xTaskIncrementTick)
    xTaskRemoveFromEventList                 0x08023949   Thumb Code   118  tasks.o(i.xTaskRemoveFromEventList)
    xTaskResumeAll                           0x08023a0d   Thumb Code   214  tasks.o(i.xTaskResumeAll)
    AHBPrescTable                            0x08023b3c   Data          16  system_stm32f4xx.o(.constdata)
    APBPrescTable                            0x08023b4c   Data           8  system_stm32f4xx.o(.constdata)
    Region$$Table$$Base                      0x08023b54   Number         0  anon$$obj.o(Region$$Table)
    Region$$Table$$Limit                     0x08023b74   Number         0  anon$$obj.o(Region$$Table)
    SystemCoreClock                          0x20000000   Data           4  system_stm32f4xx.o(.data)
    uwTick                                   0x20000004   Data           4  stm32f4xx_hal.o(.data)
    uwTickPrio                               0x20000008   Data           4  stm32f4xx_hal.o(.data)
    uwTickFreq                               0x2000000c   Data           1  stm32f4xx_hal.o(.data)
    pFlash                                   0x20000010   Data          32  stm32f4xx_hal_flash.o(.data)
    s_xSemaphore                             0x20000040   Data           4  ethernetif.o(.data)
    tx_sem                                   0x20000044   Data           4  ethernetif.o(.data)
    eth_tx_mb                                0x20000048   Data           4  ethernetif.o(.data)
    pxCurrentTCB                             0x20000074   Data           4  tasks.o(.data)
    __stdout                                 0x200000b0   Data           4  stdout.o(.data)
    __microlib_freelist                      0x200000b4   Data           4  mvars.o(.data)
    __microlib_freelist_initialised          0x200000b8   Data           4  mvars.o(.data)
    xBuffer                                  0x200000bc   Data         528  main.o(.bss)
    xFrame                                   0x200002cc   Data         144  main.o(.bss)
    UartHandle                               0x2000035c   Data          72  bsp_debug_usart.o(.bss)
    ESPUartHandle                            0x200003a4   Data          72  bsp_debug_usart.o(.bss)
    heth                                     0x200003ec   Data          72  bsp_eth.o(.bss)
    DMARxDscrTab                             0x20000434   Data         256  bsp_eth.o(.bss)
    DMATxDscrTab                             0x20000534   Data         256  bsp_eth.o(.bss)
    Rx_Buff                                  0x20000634   Data       12192  bsp_eth.o(.bss)
    Tx_Buff                                  0x200035d4   Data       12192  bsp_eth.o(.bss)
    __heap_base                              0x2000cc58   Data           0  startup_stm32f407xx.o(HEAP)
    __heap_limit                             0x2000ce58   Data           0  startup_stm32f407xx.o(HEAP)
    __initial_sp                             0x2000d258   Data           0  startup_stm32f407xx.o(STACK)



==============================================================================

Memory Map of the image

  Image Entry point : 0x08020189

  Load Region LR_IROM1 (Base: 0x08020000, Size: 0x00003c30, Max: 0x00020000, ABSOLUTE)

    Execution Region ER_IROM1 (Exec base: 0x08020000, Load base: 0x08020000, Size: 0x00003b74, Max: 0x00020000, ABSOLUTE)

    Exec Addr    Load Addr    Size         Type   Attr      Idx    E Section Name        Object

    0x08020000   0x08020000   0x00000188   Data   RO            3    RESET               startup_stm32f407xx.o
    0x08020188   0x08020188   0x00000000   Code   RO        14764  * .ARM.Collect$$$$00000000  mc_w.l(entry.o)
    0x08020188   0x08020188   0x00000004   Code   RO        15104    .ARM.Collect$$$$00000001  mc_w.l(entry2.o)
    0x0802018c   0x0802018c   0x00000004   Code   RO        15107    .ARM.Collect$$$$00000004  mc_w.l(entry5.o)
    0x08020190   0x08020190   0x00000000   Code   RO        15109    .ARM.Collect$$$$00000008  mc_w.l(entry7b.o)
    0x08020190   0x08020190   0x00000000   Code   RO        15111    .ARM.Collect$$$$0000000A  mc_w.l(entry8b.o)
    0x08020190   0x08020190   0x00000008   Code   RO        15112    .ARM.Collect$$$$0000000B  mc_w.l(entry9a.o)
    0x08020198   0x08020198   0x00000000   Code   RO        15114    .ARM.Collect$$$$0000000D  mc_w.l(entry10a.o)
    0x08020198   0x08020198   0x00000000   Code   RO        15116    .ARM.Collect$$$$0000000F  mc_w.l(entry11a.o)
    0x08020198   0x08020198   0x00000004   Code   RO        15105    .ARM.Collect$$$$00002712  mc_w.l(entry2.o)
    0x0802019c   0x0802019c   0x000000b6   Code   RO        14001    .emb_text           port.o
    0x08020252   0x08020252   0x00000002   PAD
    0x08020254   0x08020254   0x00000024   Code   RO            4    .text               startup_stm32f407xx.o
    0x08020278   0x08020278   0x00000062   Code   RO        14767    .text               mc_w.l(uldiv.o)
    0x080202da   0x080202da   0x0000001e   Code   RO        15121    .text               mc_w.l(llshl.o)
    0x080202f8   0x080202f8   0x00000020   Code   RO        15123    .text               mc_w.l(llushr.o)
    0x08020318   0x08020318   0x00000024   Code   RO        15147    .text               mc_w.l(init.o)
    0x0802033c   0x0802033c   0x00000018   Code   RO         9990    i.BufferInit        buffer.o
    0x08020354   0x08020354   0x0000000c   Code   RO         9991    i.BufferReadyRelease  buffer.o
    0x08020360   0x08020360   0x0000001c   Code   RO         9993    i.BufferWrite       buffer.o
    0x0802037c   0x0802037c   0x00000004   Code   RO         9728    i.BusFault_Handler  stm32f4xx_it.o
    0x08020380   0x08020380   0x000000f0   Code   RO         9591    i.CheckUpgrade_Task  main.o
    0x08020470   0x08020470   0x00000002   Code   RO         9729    i.DebugMon_Handler  stm32f4xx_it.o
    0x08020472   0x08020472   0x00000002   PAD
    0x08020474   0x08020474   0x00000024   Code   RO        10211    i.ESP8266_Init      bsp_esp8266.o
    0x08020498   0x08020498   0x00000030   Code   RO        10212    i.ESP_CMD_Send      bsp_esp8266.o
    0x080204c8   0x080204c8   0x00000078   Code   RO        10213    i.ESP_GPIO_Config   bsp_esp8266.o
    0x08020540   0x08020540   0x000000ec   Code   RO         9592    i.ESP_StartupTask   main.o
    0x0802062c   0x0802062c   0x00000030   Code   RO         9730    i.ETH_IRQHandler    stm32f4xx_it.o
    0x0802065c   0x0802065c   0x00000004   Code   RO         9593    i.Error_Handler     main.o
    0x08020660   0x08020660   0x0000005c   Code   RO         2256    i.FLASH_Erase_Sector  stm32f4xx_hal_flash_ex.o
    0x080206bc   0x080206bc   0x00000078   Code   RO         2257    i.FLASH_FlushCaches  stm32f4xx_hal_flash_ex.o
    0x08020734   0x08020734   0x00000030   Code   RO         2258    i.FLASH_MassErase   stm32f4xx_hal_flash_ex.o
    0x08020764   0x08020764   0x00000024   Code   RO         2138    i.FLASH_Program_Byte  stm32f4xx_hal_flash.o
    0x08020788   0x08020788   0x00000030   Code   RO         2139    i.FLASH_Program_DoubleWord  stm32f4xx_hal_flash.o
    0x080207b8   0x080207b8   0x00000028   Code   RO         2140    i.FLASH_Program_HalfWord  stm32f4xx_hal_flash.o
    0x080207e0   0x080207e0   0x00000028   Code   RO         2141    i.FLASH_Program_Word  stm32f4xx_hal_flash.o
    0x08020808   0x08020808   0x00000098   Code   RO         2142    i.FLASH_SetErrorCode  stm32f4xx_hal_flash.o
    0x080208a0   0x080208a0   0x00000064   Code   RO         2143    i.FLASH_WaitForLastOperation  stm32f4xx_hal_flash.o
    0x08020904   0x08020904   0x000000c0   Code   RO         9594    i.GPIO_CLK_Init     main.o
    0x080209c4   0x080209c4   0x00000002   Code   RO         1885    i.HAL_ETH_ErrorCallback  stm32f4xx_hal_eth.o
    0x080209c6   0x080209c6   0x000000a4   Code   RO         1889    i.HAL_ETH_IRQHandler  stm32f4xx_hal_eth.o
    0x08020a6a   0x08020a6a   0x00000002   PAD
    0x08020a6c   0x08020a6c   0x00000030   Code   RO         9920    i.HAL_ETH_RxCpltCallback  bsp_eth.o
    0x08020a9c   0x08020a9c   0x00000002   Code   RO         9921    i.HAL_ETH_TxCpltCallback  bsp_eth.o
    0x08020a9e   0x08020a9e   0x00000002   PAD
    0x08020aa0   0x08020aa0   0x000000ac   Code   RO         2268    i.HAL_FLASHEx_Erase  stm32f4xx_hal_flash_ex.o
    0x08020b4c   0x08020b4c   0x00000014   Code   RO         2147    i.HAL_FLASH_Lock    stm32f4xx_hal_flash.o
    0x08020b60   0x08020b60   0x00000090   Code   RO         2152    i.HAL_FLASH_Program  stm32f4xx_hal_flash.o
    0x08020bf0   0x08020bf0   0x00000034   Code   RO         2154    i.HAL_FLASH_Unlock  stm32f4xx_hal_flash.o
    0x08020c24   0x08020c24   0x000001f4   Code   RO         2454    i.HAL_GPIO_Init     stm32f4xx_hal_gpio.o
    0x08020e18   0x08020e18   0x0000000c   Code   RO         2458    i.HAL_GPIO_WritePin  stm32f4xx_hal_gpio.o
    0x08020e24   0x08020e24   0x0000000c   Code   RO          302    i.HAL_GetREVID      stm32f4xx_hal.o
    0x08020e30   0x08020e30   0x0000000c   Code   RO          303    i.HAL_GetTick       stm32f4xx_hal.o
    0x08020e3c   0x08020e3c   0x00000018   Code   RO          309    i.HAL_IncTick       stm32f4xx_hal.o
    0x08020e54   0x08020e54   0x0000003c   Code   RO          310    i.HAL_Init          stm32f4xx_hal.o
    0x08020e90   0x08020e90   0x0000004c   Code   RO          311    i.HAL_InitTick      stm32f4xx_hal.o
    0x08020edc   0x08020edc   0x00000002   Code   RO         4138    i.HAL_MspInit       stm32f4xx_hal_msp_template.o
    0x08020ede   0x08020ede   0x00000028   Code   RO         1015    i.HAL_NVIC_EnableIRQ  stm32f4xx_hal_cortex.o
    0x08020f06   0x08020f06   0x0000007c   Code   RO         1021    i.HAL_NVIC_SetPriority  stm32f4xx_hal_cortex.o
    0x08020f82   0x08020f82   0x00000002   PAD
    0x08020f84   0x08020f84   0x00000028   Code   RO         1022    i.HAL_NVIC_SetPriorityGrouping  stm32f4xx_hal_cortex.o
    0x08020fac   0x08020fac   0x00000184   Code   RO         5049    i.HAL_RCC_ClockConfig  stm32f4xx_hal_rcc.o
    0x08021130   0x08021130   0x0000000c   Code   RO         5054    i.HAL_RCC_GetHCLKFreq  stm32f4xx_hal_rcc.o
    0x0802113c   0x0802113c   0x00000020   Code   RO         5056    i.HAL_RCC_GetPCLK1Freq  stm32f4xx_hal_rcc.o
    0x0802115c   0x0802115c   0x00000020   Code   RO         5057    i.HAL_RCC_GetPCLK2Freq  stm32f4xx_hal_rcc.o
    0x0802117c   0x0802117c   0x000000b0   Code   RO         5058    i.HAL_RCC_GetSysClockFreq  stm32f4xx_hal_rcc.o
    0x0802122c   0x0802122c   0x0000049c   Code   RO         5061    i.HAL_RCC_OscConfig  stm32f4xx_hal_rcc.o
    0x080216c8   0x080216c8   0x00000028   Code   RO         1024    i.HAL_SYSTICK_CLKSourceConfig  stm32f4xx_hal_cortex.o
    0x080216f0   0x080216f0   0x00000034   Code   RO         1026    i.HAL_SYSTICK_Config  stm32f4xx_hal_cortex.o
    0x08021724   0x08021724   0x00000076   Code   RO         8034    i.HAL_UART_Init     stm32f4xx_hal_uart.o
    0x0802179a   0x0802179a   0x00000002   PAD
    0x0802179c   0x0802179c   0x00000154   Code   RO         9852    i.HAL_UART_MspInit  bsp_debug_usart.o
    0x080218f0   0x080218f0   0x000000be   Code   RO         8042    i.HAL_UART_Transmit  stm32f4xx_hal_uart.o
    0x080219ae   0x080219ae   0x00000004   Code   RO         9731    i.HardFault_Handler  stm32f4xx_it.o
    0x080219b2   0x080219b2   0x00000002   PAD
    0x080219b4   0x080219b4   0x000000ac   Code   RO         9825    i.LED_GPIO_Config   bsp_led.o
    0x08021a60   0x08021a60   0x0000001c   Code   RO         9595    i.LED_Task          main.o
    0x08021a7c   0x08021a7c   0x00000004   Code   RO         9732    i.MemManage_Handler  stm32f4xx_it.o
    0x08021a80   0x08021a80   0x00000002   Code   RO         9733    i.NMI_Handler       stm32f4xx_it.o
    0x08021a82   0x08021a82   0x0000000a   Code   RO         9596    i.Send_NACK         main.o
    0x08021a8c   0x08021a8c   0x000001b8   Code   RO         9597    i.StartupTask       main.o
    0x08021c44   0x08021c44   0x00000034   Code   RO         9734    i.SysTick_Handler   stm32f4xx_it.o
    0x08021c78   0x08021c78   0x000000e0   Code   RO         9598    i.SystemClock_Config  main.o
    0x08021d58   0x08021d58   0x00000020   Code   RO           14    i.SystemInit        system_stm32f4xx.o
    0x08021d78   0x08021d78   0x0000006c   Code   RO         8057    i.UART_EndRxTransfer  stm32f4xx_hal_uart.o
    0x08021de4   0x08021de4   0x0000022c   Code   RO         8061    i.UART_SetConfig    stm32f4xx_hal_uart.o
    0x08022010   0x08022010   0x0000008c   Code   RO         8065    i.UART_WaitOnFlagUntilTimeout  stm32f4xx_hal_uart.o
    0x0802209c   0x0802209c   0x0000002c   Code   RO         9735    i.USART1_IRQHandler  stm32f4xx_it.o
    0x080220c8   0x080220c8   0x00000028   Code   RO         9736    i.USART3_IRQHandler  stm32f4xx_it.o
    0x080220f0   0x080220f0   0x00000074   Code   RO         9853    i.USART_Config      bsp_debug_usart.o
    0x08022164   0x08022164   0x00000004   Code   RO         9737    i.UsageFault_Handler  stm32f4xx_it.o
    0x08022168   0x08022168   0x0000001c   Code   RO         9854    i.Usart_SendByte    bsp_debug_usart.o
    0x08022184   0x08022184   0x00000020   Code   RO        14946    i.__0printf$5       mc_w.l(printf5.o)
    0x080221a4   0x080221a4   0x00000010   Code   RO         1028    i.__NVIC_GetPriorityGrouping  stm32f4xx_hal_cortex.o
    0x080221b4   0x080221b4   0x00000028   Code   RO         1029    i.__NVIC_SetPriority  stm32f4xx_hal_cortex.o
    0x080221dc   0x080221dc   0x0000000e   Code   RO        15159    i.__scatterload_copy  mc_w.l(handlers.o)
    0x080221ea   0x080221ea   0x00000002   Code   RO        15160    i.__scatterload_null  mc_w.l(handlers.o)
    0x080221ec   0x080221ec   0x0000000e   Code   RO        15161    i.__scatterload_zeroinit  mc_w.l(handlers.o)
    0x080221fa   0x080221fa   0x00000002   PAD
    0x080221fc   0x080221fc   0x000002c0   Code   RO        14953    i._printf_core      mc_w.l(printf5.o)
    0x080224bc   0x080224bc   0x000000c2   Code   RO         9997    i.crc_check         buffer.o
    0x0802257e   0x0802257e   0x00000002   PAD
    0x08022580   0x08022580   0x0000001c   Code   RO         9857    i.fputc             bsp_debug_usart.o
    0x0802259c   0x0802259c   0x00000050   Code   RO        15074    i.free              mc_w.l(malloc.o)
    0x080225ec   0x080225ec   0x00000034   Code   RO         9998    i.get_byte          buffer.o
    0x08022620   0x08022620   0x000000b8   Code   RO         9999    i.get_frame         buffer.o
    0x080226d8   0x080226d8   0x0000001a   Code   RO        10000    i.get_halfword      buffer.o
    0x080226f2   0x080226f2   0x00000002   PAD
    0x080226f4   0x080226f4   0x00000104   Code   RO         9599    i.main              main.o
    0x080227f8   0x080227f8   0x0000006c   Code   RO        15075    i.malloc            mc_w.l(malloc.o)
    0x08022864   0x08022864   0x00000098   Code   RO        14429    i.prvAddCurrentTaskToDelayedList  tasks.o
    0x080228fc   0x080228fc   0x000000b4   Code   RO        14430    i.prvAddNewTaskToReadyList  tasks.o
    0x080229b0   0x080229b0   0x00000064   Code   RO        14431    i.prvCheckTasksWaitingTermination  tasks.o
    0x08022a14   0x08022a14   0x00000012   Code   RO        14432    i.prvDeleteTCB      tasks.o
    0x08022a26   0x08022a26   0x00000002   PAD
    0x08022a28   0x08022a28   0x0000007c   Code   RO        13927    i.prvHeapInit       heap_4.o
    0x08022aa4   0x08022aa4   0x00000028   Code   RO        14433    i.prvIdleTask       tasks.o
    0x08022acc   0x08022acc   0x000000d4   Code   RO        14434    i.prvInitialiseNewTask  tasks.o
    0x08022ba0   0x08022ba0   0x00000068   Code   RO        14435    i.prvInitialiseTaskLists  tasks.o
    0x08022c08   0x08022c08   0x00000068   Code   RO        13928    i.prvInsertBlockIntoFreeList  heap_4.o
    0x08022c70   0x08022c70   0x00000034   Code   RO        14436    i.prvResetNextTaskUnblockTime  tasks.o
    0x08022ca4   0x08022ca4   0x00000070   Code   RO        14002    i.prvTaskExitError  port.o
    0x08022d14   0x08022d14   0x00000154   Code   RO        13929    i.pvPortMalloc      heap_4.o
    0x08022e68   0x08022e68   0x0000002c   Code   RO        14003    i.pxPortInitialiseStack  port.o
    0x08022e94   0x08022e94   0x00000028   Code   RO        14194    i.uxListRemove      list.o
    0x08022ebc   0x08022ebc   0x0000001a   Code   RO        14195    i.vListInitialise   list.o
    0x08022ed6   0x08022ed6   0x00000006   Code   RO        14196    i.vListInitialiseItem  list.o
    0x08022edc   0x08022edc   0x00000034   Code   RO        14197    i.vListInsert       list.o
    0x08022f10   0x08022f10   0x00000018   Code   RO        14198    i.vListInsertEnd    list.o
    0x08022f28   0x08022f28   0x00000084   Code   RO        14005    i.vPortEnterCritical  port.o
    0x08022fac   0x08022fac   0x0000006c   Code   RO        14006    i.vPortExitCritical  port.o
    0x08023018   0x08023018   0x000000b8   Code   RO        13930    i.vPortFree         heap_4.o
    0x080230d0   0x080230d0   0x00000020   Code   RO        14007    i.vPortSetupTimerInterrupt  port.o
    0x080230f0   0x080230f0   0x0000009c   Code   RO        14008    i.vPortValidateInterruptPriority  port.o
    0x0802318c   0x0802318c   0x00000084   Code   RO        14444    i.vTaskDelay        tasks.o
    0x08023210   0x08023210   0x0000011c   Code   RO        14446    i.vTaskDelete       tasks.o
    0x0802332c   0x0802332c   0x000000b4   Code   RO        14456    i.vTaskStartScheduler  tasks.o
    0x080233e0   0x080233e0   0x00000010   Code   RO        14458    i.vTaskSuspendAll   tasks.o
    0x080233f0   0x080233f0   0x000000b8   Code   RO        14459    i.vTaskSwitchContext  tasks.o
    0x080234a8   0x080234a8   0x0000002c   Code   RO        10001    i.write_byte        buffer.o
    0x080234d4   0x080234d4   0x00000158   Code   RO        14009    i.xPortStartScheduler  port.o
    0x0802362c   0x0802362c   0x00000034   Code   RO        14010    i.xPortSysTickHandler  port.o
    0x08023660   0x08023660   0x000000f8   Code   RO        14263    i.xQueueGiveFromISR  queue.o
    0x08023758   0x08023758   0x00000060   Code   RO        14461    i.xTaskCreate       tasks.o
    0x080237b8   0x080237b8   0x00000020   Code   RO        14465    i.xTaskGetSchedulerState  tasks.o
    0x080237d8   0x080237d8   0x00000170   Code   RO        14468    i.xTaskIncrementTick  tasks.o
    0x08023948   0x08023948   0x000000c4   Code   RO        14472    i.xTaskRemoveFromEventList  tasks.o
    0x08023a0c   0x08023a0c   0x00000130   Code   RO        14474    i.xTaskResumeAll    tasks.o
    0x08023b3c   0x08023b3c   0x00000018   Data   RO           15    .constdata          system_stm32f4xx.o
    0x08023b54   0x08023b54   0x00000020   Data   RO        15157    Region$$Table       anon$$obj.o


    Execution Region RW_IRAM1 (Exec base: 0x20000000, Load base: 0x08023b74, Size: 0x0000d258, Max: 0x00020000, ABSOLUTE)

    Exec Addr    Load Addr    Size         Type   Attr      Idx    E Section Name        Object

    0x20000000   0x08023b74   0x00000004   Data   RW           16    .data               system_stm32f4xx.o
    0x20000004   0x08023b78   0x00000009   Data   RW          317    .data               stm32f4xx_hal.o
    0x2000000d   0x08023b81   0x00000003   PAD
    0x20000010   0x08023b84   0x00000020   Data   RW         2155    .data               stm32f4xx_hal_flash.o
    0x20000030   0x08023ba4   0x00000010   Data   RW         9601    .data               main.o
    0x20000040   0x08023bb4   0x00000010   Data   RW        13650    .data               ethernetif.o
    0x20000050   0x08023bc4   0x00000018   Data   RW        13935    .data               heap_4.o
    0x20000068   0x08023bdc   0x0000000c   Data   RW        14011    .data               port.o
    0x20000074   0x08023be8   0x0000003c   Data   RW        14477    .data               tasks.o
    0x200000b0   0x08023c24   0x00000004   Data   RW        15118    .data               mc_w.l(stdout.o)
    0x200000b4   0x08023c28   0x00000004   Data   RW        15125    .data               mc_w.l(mvars.o)
    0x200000b8   0x08023c2c   0x00000004   Data   RW        15126    .data               mc_w.l(mvars.o)
    0x200000bc        -       0x000002a0   Zero   RW         9600    .bss                main.o
    0x2000035c        -       0x00000090   Zero   RW         9858    .bss                bsp_debug_usart.o
    0x200003ec        -       0x00006188   Zero   RW         9922    .bss                bsp_eth.o
    0x20006574        -       0x00006400   Zero   RW        13934    .bss                heap_4.o
    0x2000c974        -       0x000002e4   Zero   RW        14476    .bss                tasks.o
    0x2000cc58        -       0x00000200   Zero   RW            2    HEAP                startup_stm32f407xx.o
    0x2000ce58        -       0x00000400   Zero   RW            1    STACK               startup_stm32f407xx.o


==============================================================================

Image component sizes


      Code (inc. data)   RO Data    RW Data    ZI Data      Debug   Object Name

       512         50          0          0        144       3142   bsp_debug_usart.o
       204         28          0          0          0       1998   bsp_esp8266.o
        50          8          0          0      24968       1806   bsp_eth.o
       172          8          0          0          0        938   bsp_led.o
       564          0          0          0          0       6167   buffer.o
         0          0          0         16          0       1816   ethernetif.o
       752        176          0         24      25600       5343   heap_4.o
         0          0          0          0          0       3899   init.o
       148          0          0          0          0       3298   list.o
      1634        618          0         16        672      51915   main.o
      1162        376          0         12          0      10657   port.o
       248         54          0          0          0       2776   queue.o
        36          8        392          0       1536        960   startup_stm32f407xx.o
       184         36          0          9          0       9184   stm32f4xx_hal.o
       352         22          0          0          0      34853   stm32f4xx_hal_cortex.o
       166          0          0          0          0       1713   stm32f4xx_hal_eth.o
       632         64          0         32          0       5834   stm32f4xx_hal_flash.o
       432         28          0          0          0       3198   stm32f4xx_hal_flash_ex.o
       512         46          0          0          0       2064   stm32f4xx_hal_gpio.o
         2          0          0          0          0        518   stm32f4xx_hal_msp_template.o
      1820         84          0          0          0       5548   stm32f4xx_hal_rcc.o
      1112         10          0          0          0       4508   stm32f4xx_hal_uart.o
       204         24          0          0          0      10176   stm32f4xx_it.o
        32         10         24          4          0     702711   system_stm32f4xx.o
      2650        760          0         60        740      24079   tasks.o
         0          0          0          0          0      13216   tcp_client.o
         0          0          0          0          0        944   tcpip.o

    ----------------------------------------------------------------------
     13600       2410        448        176      53660     913261   Object Totals
         0          0         32          0          0          0   (incl. Generated)
        20          0          0          3          0          0   (incl. Padding)

    ----------------------------------------------------------------------

      Code (inc. data)   RO Data    RW Data    ZI Data      Debug   Library Member Name

         0          0          0          0          0          0   entry.o
         0          0          0          0          0          0   entry10a.o
         0          0          0          0          0          0   entry11a.o
         8          4          0          0          0          0   entry2.o
         4          0          0          0          0          0   entry5.o
         0          0          0          0          0          0   entry7b.o
         0          0          0          0          0          0   entry8b.o
         8          4          0          0          0          0   entry9a.o
        30          0          0          0          0          0   handlers.o
        36          8          0          0          0         68   init.o
        30          0          0          0          0         68   llshl.o
        32          0          0          0          0         68   llushr.o
       188         20          0          0          0        160   malloc.o
         0          0          0          8          0          0   mvars.o
       736         56          0          0          0        184   printf5.o
         0          0          0          4          0          0   stdout.o
        98          0          0          0          0         92   uldiv.o

    ----------------------------------------------------------------------
      1172         92          0         12          0        640   Library Totals
         2          0          0          0          0          0   (incl. Padding)

    ----------------------------------------------------------------------

      Code (inc. data)   RO Data    RW Data    ZI Data      Debug   Library Name

      1170         92          0         12          0        640   mc_w.l

    ----------------------------------------------------------------------
      1172         92          0         12          0        640   Library Totals

    ----------------------------------------------------------------------

==============================================================================


      Code (inc. data)   RO Data    RW Data    ZI Data      Debug   

     14772       2502        448        188      53660     902845   Grand Totals
     14772       2502        448        188      53660     902845   ELF Image Totals
     14772       2502        448        188          0          0   ROM Totals

==============================================================================

    Total RO  Size (Code + RO Data)                15220 (  14.86kB)
    Total RW  Size (RW Data + ZI Data)             53848 (  52.59kB)
    Total ROM Size (Code + RO Data + RW Data)      15408 (  15.05kB)

==============================================================================

