Component: ARM Compiler 5.06 update 5 (build 528) Tool: armlink [4d35e2]

==============================================================================

Section Cross References

    startup_stm32f40xx.o(RESET) refers to startup_stm32f40xx.o(STACK) for __initial_sp
    startup_stm32f40xx.o(RESET) refers to startup_stm32f40xx.o(.text) for Reset_Handler
    startup_stm32f40xx.o(RESET) refers to stm32f4xx_it.o(i.NMI_Handler) for NMI_Handler
    startup_stm32f40xx.o(RESET) refers to stm32f4xx_it.o(i.HardFault_Handler) for HardFault_Handler
    startup_stm32f40xx.o(RESET) refers to stm32f4xx_it.o(i.MemManage_Handler) for MemManage_Handler
    startup_stm32f40xx.o(RESET) refers to stm32f4xx_it.o(i.BusFault_Handler) for BusFault_Handler
    startup_stm32f40xx.o(RESET) refers to stm32f4xx_it.o(i.UsageFault_Handler) for UsageFault_Handler
    startup_stm32f40xx.o(RESET) refers to stm32f4xx_it.o(i.SVC_Handler) for SVC_Handler
    startup_stm32f40xx.o(RESET) refers to stm32f4xx_it.o(i.DebugMon_Handler) for DebugMon_Handler
    startup_stm32f40xx.o(RESET) refers to stm32f4xx_it.o(i.PendSV_Handler) for PendSV_Handler
    startup_stm32f40xx.o(RESET) refers to stm32f4xx_it.o(i.SysTick_Handler) for SysTick_Handler
    startup_stm32f40xx.o(RESET) refers to stm32f4xx_it.o(i.USART1_IRQHandler) for USART1_IRQHandler
    startup_stm32f40xx.o(RESET) refers to stm32f4xx_it.o(i.TIM6_DAC_IRQHandler) for TIM6_DAC_IRQHandler
    startup_stm32f40xx.o(RESET) refers to stm32f4xx_it.o(i.DMA2_Stream2_IRQHandler) for DMA2_Stream2_IRQHandler
    startup_stm32f40xx.o(.text) refers to system_stm32f4xx.o(i.SystemInit) for SystemInit
    startup_stm32f40xx.o(.text) refers to entry.o(.ARM.Collect$$$$00000000) for __main
    system_stm32f4xx.o(i.SystemCoreClockUpdate) refers to system_stm32f4xx.o(.data) for .data
    system_stm32f4xx.o(i.SystemInit) refers to system_stm32f4xx.o(i.SetSysClock) for SetSysClock
    stm32f4xx_adc.o(i.ADC_DeInit) refers to stm32f4xx_rcc.o(i.RCC_APB2PeriphResetCmd) for RCC_APB2PeriphResetCmd
    stm32f4xx_can.o(i.CAN_DeInit) refers to stm32f4xx_rcc.o(i.RCC_APB1PeriphResetCmd) for RCC_APB1PeriphResetCmd
    stm32f4xx_can.o(i.CAN_GetITStatus) refers to stm32f4xx_can.o(i.CheckITStatus) for CheckITStatus
    stm32f4xx_cryp.o(i.CRYP_DeInit) refers to stm32f4xx_rcc.o(i.RCC_AHB2PeriphResetCmd) for RCC_AHB2PeriphResetCmd
    stm32f4xx_cryp_aes.o(i.CRYP_AES_CBC) refers to stm32f4xx_cryp.o(i.CRYP_KeyStructInit) for CRYP_KeyStructInit
    stm32f4xx_cryp_aes.o(i.CRYP_AES_CBC) refers to stm32f4xx_cryp.o(i.CRYP_KeyInit) for CRYP_KeyInit
    stm32f4xx_cryp_aes.o(i.CRYP_AES_CBC) refers to stm32f4xx_cryp.o(i.CRYP_Init) for CRYP_Init
    stm32f4xx_cryp_aes.o(i.CRYP_AES_CBC) refers to stm32f4xx_cryp.o(i.CRYP_IVInit) for CRYP_IVInit
    stm32f4xx_cryp_aes.o(i.CRYP_AES_CBC) refers to stm32f4xx_cryp.o(i.CRYP_FIFOFlush) for CRYP_FIFOFlush
    stm32f4xx_cryp_aes.o(i.CRYP_AES_CBC) refers to stm32f4xx_cryp.o(i.CRYP_Cmd) for CRYP_Cmd
    stm32f4xx_cryp_aes.o(i.CRYP_AES_CBC) refers to stm32f4xx_cryp.o(i.CRYP_GetCmdStatus) for CRYP_GetCmdStatus
    stm32f4xx_cryp_aes.o(i.CRYP_AES_CBC) refers to stm32f4xx_cryp.o(i.CRYP_GetFlagStatus) for CRYP_GetFlagStatus
    stm32f4xx_cryp_aes.o(i.CRYP_AES_CBC) refers to stm32f4xx_cryp.o(i.CRYP_DataIn) for CRYP_DataIn
    stm32f4xx_cryp_aes.o(i.CRYP_AES_CBC) refers to stm32f4xx_cryp.o(i.CRYP_DataOut) for CRYP_DataOut
    stm32f4xx_cryp_aes.o(i.CRYP_AES_CCM) refers to stm32f4xx_cryp.o(i.CRYP_KeyStructInit) for CRYP_KeyStructInit
    stm32f4xx_cryp_aes.o(i.CRYP_AES_CCM) refers to stm32f4xx_cryp.o(i.CRYP_FIFOFlush) for CRYP_FIFOFlush
    stm32f4xx_cryp_aes.o(i.CRYP_AES_CCM) refers to stm32f4xx_cryp.o(i.CRYP_KeyInit) for CRYP_KeyInit
    stm32f4xx_cryp_aes.o(i.CRYP_AES_CCM) refers to stm32f4xx_cryp.o(i.CRYP_IVInit) for CRYP_IVInit
    stm32f4xx_cryp_aes.o(i.CRYP_AES_CCM) refers to stm32f4xx_cryp.o(i.CRYP_Init) for CRYP_Init
    stm32f4xx_cryp_aes.o(i.CRYP_AES_CCM) refers to stm32f4xx_cryp.o(i.CRYP_PhaseConfig) for CRYP_PhaseConfig
    stm32f4xx_cryp_aes.o(i.CRYP_AES_CCM) refers to stm32f4xx_cryp.o(i.CRYP_DataIn) for CRYP_DataIn
    stm32f4xx_cryp_aes.o(i.CRYP_AES_CCM) refers to stm32f4xx_cryp.o(i.CRYP_Cmd) for CRYP_Cmd
    stm32f4xx_cryp_aes.o(i.CRYP_AES_CCM) refers to stm32f4xx_cryp.o(i.CRYP_GetCmdStatus) for CRYP_GetCmdStatus
    stm32f4xx_cryp_aes.o(i.CRYP_AES_CCM) refers to stm32f4xx_cryp.o(i.CRYP_GetFlagStatus) for CRYP_GetFlagStatus
    stm32f4xx_cryp_aes.o(i.CRYP_AES_CCM) refers to stm32f4xx_cryp.o(i.CRYP_DataOut) for CRYP_DataOut
    stm32f4xx_cryp_aes.o(i.CRYP_AES_CTR) refers to stm32f4xx_cryp.o(i.CRYP_KeyStructInit) for CRYP_KeyStructInit
    stm32f4xx_cryp_aes.o(i.CRYP_AES_CTR) refers to stm32f4xx_cryp.o(i.CRYP_KeyInit) for CRYP_KeyInit
    stm32f4xx_cryp_aes.o(i.CRYP_AES_CTR) refers to stm32f4xx_cryp.o(i.CRYP_Init) for CRYP_Init
    stm32f4xx_cryp_aes.o(i.CRYP_AES_CTR) refers to stm32f4xx_cryp.o(i.CRYP_IVInit) for CRYP_IVInit
[...]
    Removing stm32f4xx_flash.o(i.FLASH_OB_BootConfig), (24 bytes).
    Removing stm32f4xx_flash.o(i.FLASH_OB_GetBOR), (16 bytes).
    Removing stm32f4xx_flash.o(i.FLASH_OB_GetPCROP), (12 bytes).
    Removing stm32f4xx_flash.o(i.FLASH_OB_GetPCROP1), (12 bytes).
    Removing stm32f4xx_flash.o(i.FLASH_OB_GetRDP), (20 bytes).
    Removing stm32f4xx_flash.o(i.FLASH_OB_GetUser), (16 bytes).
    Removing stm32f4xx_flash.o(i.FLASH_OB_GetWRP), (12 bytes).
    Removing stm32f4xx_flash.o(i.FLASH_OB_GetWRP1), (12 bytes).
    Removing stm32f4xx_flash.o(i.FLASH_OB_Launch), (20 bytes).
    Removing stm32f4xx_flash.o(i.FLASH_OB_Lock), (16 bytes).
    Removing stm32f4xx_flash.o(i.FLASH_OB_PCROP1Config), (40 bytes).
    Removing stm32f4xx_flash.o(i.FLASH_OB_PCROPConfig), (40 bytes).
    Removing stm32f4xx_flash.o(i.FLASH_OB_PCROPSelectionConfig), (20 bytes).
    Removing stm32f4xx_flash.o(i.FLASH_OB_RDPConfig), (24 bytes).
    Removing stm32f4xx_flash.o(i.FLASH_OB_Unlock), (36 bytes).
    Removing stm32f4xx_flash.o(i.FLASH_OB_UserConfig), (40 bytes).
    Removing stm32f4xx_flash.o(i.FLASH_OB_WRP1Config), (40 bytes).
    Removing stm32f4xx_flash.o(i.FLASH_OB_WRPConfig), (40 bytes).
    Removing stm32f4xx_flash.o(i.FLASH_PrefetchBufferCmd), (32 bytes).
    Removing stm32f4xx_flash.o(i.FLASH_ProgramByte), (56 bytes).
    Removing stm32f4xx_flash.o(i.FLASH_ProgramDoubleWord), (64 bytes).
    Removing stm32f4xx_flash.o(i.FLASH_ProgramHalfWord), (60 bytes).
    Removing stm32f4xx_flash.o(i.FLASH_SetLatency), (12 bytes).
    Removing stm32f4xx_flash_ramfunc.o(.rev16_text), (4 bytes).
    Removing stm32f4xx_flash_ramfunc.o(.revsh_text), (4 bytes).
    Removing stm32f4xx_flash_ramfunc.o(.rrx_text), (6 bytes).
    Removing stm32f4xx_flash_ramfunc.o(i.FLASH_FlashInterfaceCmd), (32 bytes).
    Removing stm32f4xx_flash_ramfunc.o(i.FLASH_FlashSleepModeCmd), (32 bytes).
    Removing stm32f4xx_fmpi2c.o(.rev16_text), (4 bytes).
    Removing stm32f4xx_fmpi2c.o(.revsh_text), (4 bytes).
    Removing stm32f4xx_fmpi2c.o(.rrx_text), (6 bytes).
    Removing stm32f4xx_fsmc.o(.rev16_text), (4 bytes).
    Removing stm32f4xx_fsmc.o(.revsh_text), (4 bytes).
    Removing stm32f4xx_fsmc.o(.rrx_text), (6 bytes).
    Removing stm32f4xx_fsmc.o(i.FSMC_ClearFlag), (42 bytes).
    Removing stm32f4xx_fsmc.o(i.FSMC_ClearITPendingBit), (48 bytes).
    Removing stm32f4xx_fsmc.o(i.FSMC_GetECC), (18 bytes).
    Removing stm32f4xx_fsmc.o(i.FSMC_GetFlagStatus), (40 bytes).
    Removing stm32f4xx_fsmc.o(i.FSMC_GetITStatus), (52 bytes).
    Removing stm32f4xx_fsmc.o(i.FSMC_ITConfig), (86 bytes).
    Removing stm32f4xx_fsmc.o(i.FSMC_NANDCmd), (64 bytes).
    Removing stm32f4xx_fsmc.o(i.FSMC_NANDDeInit), (40 bytes).
    Removing stm32f4xx_fsmc.o(i.FSMC_NANDECCCmd), (64 bytes).
    Removing stm32f4xx_fsmc.o(i.FSMC_NANDInit), (160 bytes).
    Removing stm32f4xx_fsmc.o(i.FSMC_NANDStructInit), (54 bytes).
    Removing stm32f4xx_fsmc.o(i.FSMC_NORSRAMCmd), (36 bytes).
    Removing stm32f4xx_fsmc.o(i.FSMC_NORSRAMDeInit), (48 bytes).
    Removing stm32f4xx_fsmc.o(i.FSMC_NORSRAMInit), (232 bytes).
    Removing stm32f4xx_fsmc.o(i.FSMC_NORSRAMStructInit), (48 bytes).
    Removing stm32f4xx_fsmc.o(i.FSMC_PCCARDCmd), (36 bytes).
    Removing stm32f4xx_fsmc.o(i.FSMC_PCCARDDeInit), (28 bytes).
    Removing stm32f4xx_fsmc.o(i.FSMC_PCCARDInit), (120 bytes).
    Removing stm32f4xx_fsmc.o(i.FSMC_PCCARDStructInit), (60 bytes).
    Removing stm32f4xx_fsmc.o(.constdata), (28 bytes).
    Removing stm32f4xx_gpio.o(.rev16_text), (4 bytes).
    Removing stm32f4xx_gpio.o(.revsh_text), (4 bytes).
    Removing stm32f4xx_gpio.o(.rrx_text), (6 bytes).
    Removing stm32f4xx_gpio.o(i.GPIO_DeInit), (340 bytes).
    Removing stm32f4xx_gpio.o(i.GPIO_PinLockConfig), (26 bytes).
    Removing stm32f4xx_gpio.o(i.GPIO_ReadInputData), (6 bytes).
    Removing stm32f4xx_gpio.o(i.GPIO_ReadInputDataBit), (14 bytes).
    Removing stm32f4xx_gpio.o(i.GPIO_ReadOutputData), (6 bytes).
    Removing stm32f4xx_gpio.o(i.GPIO_ReadOutputDataBit), (14 bytes).
    Removing stm32f4xx_gpio.o(i.GPIO_ResetBits), (4 bytes).
    Removing stm32f4xx_gpio.o(i.GPIO_SetBits), (4 bytes).
    Removing stm32f4xx_gpio.o(i.GPIO_StructInit), (18 bytes).
    Removing stm32f4xx_gpio.o(i.GPIO_ToggleBits), (8 bytes).
    Removing stm32f4xx_gpio.o(i.GPIO_Write), (4 bytes).
    Removing stm32f4xx_gpio.o(i.GPIO_WriteBit), (12 bytes).
    Removing stm32f4xx_hash.o(.rev16_text), (4 bytes).
    Removing stm32f4xx_hash.o(.revsh_text), (4 bytes).
    Removing stm32f4xx_hash.o(.rrx_text), (6 bytes).
    Removing stm32f4xx_hash.o(i.HASH_AutoStartDigest), (32 bytes).
    Removing stm32f4xx_hash.o(i.HASH_ClearFlag), (12 bytes).
    Removing stm32f4xx_hash.o(i.HASH_ClearITPendingBit), (12 bytes).
    Removing stm32f4xx_hash.o(i.HASH_DMACmd), (32 bytes).
    Removing stm32f4xx_hash.o(i.HASH_DataIn), (12 bytes).
    Removing stm32f4xx_hash.o(i.HASH_DeInit), (22 bytes).
    Removing stm32f4xx_hash.o(i.HASH_GetDigest), (72 bytes).
    Removing stm32f4xx_hash.o(i.HASH_GetFlagStatus), (32 bytes).
    Removing stm32f4xx_hash.o(i.HASH_GetITStatus), (28 bytes).
    Removing stm32f4xx_hash.o(i.HASH_GetInFIFOWordsNbr), (16 bytes).
    Removing stm32f4xx_hash.o(i.HASH_ITConfig), (28 bytes).
    Removing stm32f4xx_hash.o(i.HASH_Init), (68 bytes).
    Removing stm32f4xx_hash.o(i.HASH_Reset), (16 bytes).
    Removing stm32f4xx_hash.o(i.HASH_RestoreContext), (68 bytes).
    Removing stm32f4xx_hash.o(i.HASH_SaveContext), (60 bytes).
    Removing stm32f4xx_hash.o(i.HASH_SetLastWordValidBitsNbr), (24 bytes).
    Removing stm32f4xx_hash.o(i.HASH_StartDigest), (16 bytes).
    Removing stm32f4xx_hash.o(i.HASH_StructInit), (12 bytes).
    Removing stm32f4xx_hash_md5.o(.rev16_text), (4 bytes).
    Removing stm32f4xx_hash_md5.o(.revsh_text), (4 bytes).
    Removing stm32f4xx_hash_md5.o(.rrx_text), (6 bytes).
    Removing stm32f4xx_hash_md5.o(i.HASH_MD5), (156 bytes).
    Removing stm32f4xx_hash_md5.o(i.HMAC_MD5), (328 bytes).
    Removing stm32f4xx_hash_sha1.o(.rev16_text), (4 bytes).
    Removing stm32f4xx_hash_sha1.o(.revsh_text), (4 bytes).
    Removing stm32f4xx_hash_sha1.o(.rrx_text), (6 bytes).
    Removing stm32f4xx_hash_sha1.o(i.HASH_SHA1), (162 bytes).
    Removing stm32f4xx_hash_sha1.o(i.HMAC_SHA1), (336 bytes).
    Removing stm32f4xx_i2c.o(.rev16_text), (4 bytes).
    Removing stm32f4xx_i2c.o(.revsh_text), (4 bytes).
    Removing stm32f4xx_i2c.o(.rrx_text), (6 bytes).
    Removing stm32f4xx_i2c.o(i.I2C_ARPCmd), (24 bytes).
    Removing stm32f4xx_i2c.o(i.I2C_AcknowledgeConfig), (24 bytes).
    Removing stm32f4xx_i2c.o(i.I2C_AnalogFilterCmd), (24 bytes).
    Removing stm32f4xx_i2c.o(i.I2C_CalculatePEC), (24 bytes).
    Removing stm32f4xx_i2c.o(i.I2C_CheckEvent), (24 bytes).
    Removing stm32f4xx_i2c.o(i.I2C_ClearFlag), (6 bytes).
    Removing stm32f4xx_i2c.o(i.I2C_ClearITPendingBit), (6 bytes).
    Removing stm32f4xx_i2c.o(i.I2C_Cmd), (24 bytes).
    Removing stm32f4xx_i2c.o(i.I2C_DMACmd), (24 bytes).
    Removing stm32f4xx_i2c.o(i.I2C_DMALastTransferCmd), (24 bytes).
    Removing stm32f4xx_i2c.o(i.I2C_DeInit), (100 bytes).
    Removing stm32f4xx_i2c.o(i.I2C_DigitalFilterConfig), (16 bytes).
    Removing stm32f4xx_i2c.o(i.I2C_DualAddressCmd), (24 bytes).
    Removing stm32f4xx_i2c.o(i.I2C_FastModeDutyCycleConfig), (26 bytes).
    Removing stm32f4xx_i2c.o(i.I2C_GeneralCallCmd), (24 bytes).
    Removing stm32f4xx_i2c.o(i.I2C_GenerateSTART), (24 bytes).
    Removing stm32f4xx_i2c.o(i.I2C_GenerateSTOP), (24 bytes).
    Removing stm32f4xx_i2c.o(i.I2C_GetFlagStatus), (50 bytes).
    Removing stm32f4xx_i2c.o(i.I2C_GetITStatus), (34 bytes).
    Removing stm32f4xx_i2c.o(i.I2C_GetLastEvent), (14 bytes).
    Removing stm32f4xx_i2c.o(i.I2C_GetPEC), (6 bytes).
    Removing stm32f4xx_i2c.o(i.I2C_ITConfig), (20 bytes).
    Removing stm32f4xx_i2c.o(i.I2C_Init), (188 bytes).
    Removing stm32f4xx_i2c.o(i.I2C_NACKPositionConfig), (26 bytes).
    Removing stm32f4xx_i2c.o(i.I2C_OwnAddress2Config), (16 bytes).
    Removing stm32f4xx_i2c.o(i.I2C_PECPositionConfig), (26 bytes).
    Removing stm32f4xx_i2c.o(i.I2C_ReadRegister), (16 bytes).
    Removing stm32f4xx_i2c.o(i.I2C_ReceiveData), (6 bytes).
    Removing stm32f4xx_i2c.o(i.I2C_SMBusAlertConfig), (26 bytes).
    Removing stm32f4xx_i2c.o(i.I2C_Send7bitAddress), (18 bytes).
    Removing stm32f4xx_i2c.o(i.I2C_SendData), (4 bytes).
    Removing stm32f4xx_i2c.o(i.I2C_SoftwareResetCmd), (24 bytes).
    Removing stm32f4xx_i2c.o(i.I2C_StretchClockCmd), (24 bytes).
    Removing stm32f4xx_i2c.o(i.I2C_StructInit), (28 bytes).
    Removing stm32f4xx_i2c.o(i.I2C_TransmitPEC), (24 bytes).
    Removing stm32f4xx_iwdg.o(.rev16_text), (4 bytes).
    Removing stm32f4xx_iwdg.o(.revsh_text), (4 bytes).
    Removing stm32f4xx_iwdg.o(.rrx_text), (6 bytes).
    Removing stm32f4xx_iwdg.o(i.IWDG_Enable), (16 bytes).
    Removing stm32f4xx_iwdg.o(i.IWDG_GetFlagStatus), (20 bytes).
    Removing stm32f4xx_iwdg.o(i.IWDG_ReloadCounter), (16 bytes).
    Removing stm32f4xx_iwdg.o(i.IWDG_SetPrescaler), (12 bytes).
    Removing stm32f4xx_iwdg.o(i.IWDG_SetReload), (12 bytes).
    Removing stm32f4xx_iwdg.o(i.IWDG_WriteAccessCmd), (12 bytes).
    Removing stm32f4xx_lptim.o(.rev16_text), (4 bytes).
    Removing stm32f4xx_lptim.o(.revsh_text), (4 bytes).
    Removing stm32f4xx_lptim.o(.rrx_text), (6 bytes).
    Removing stm32f4xx_pwr.o(.rev16_text), (4 bytes).
    Removing stm32f4xx_pwr.o(.revsh_text), (4 bytes).
    Removing stm32f4xx_pwr.o(.rrx_text), (6 bytes).
    Removing stm32f4xx_pwr.o(i.PWR_BackupAccessCmd), (12 bytes).
    Removing stm32f4xx_pwr.o(i.PWR_BackupRegulatorCmd), (12 bytes).
    Removing stm32f4xx_pwr.o(i.PWR_ClearFlag), (16 bytes).
    Removing stm32f4xx_pwr.o(i.PWR_DeInit), (24 bytes).
    Removing stm32f4xx_pwr.o(i.PWR_EnterSTANDBYMode), (32 bytes).
    Removing stm32f4xx_pwr.o(i.PWR_EnterSTOPMode), (56 bytes).
    Removing stm32f4xx_pwr.o(i.PWR_EnterUnderDriveSTOPMode), (56 bytes).
    Removing stm32f4xx_pwr.o(i.PWR_FlashPowerDownCmd), (12 bytes).
    Removing stm32f4xx_pwr.o(i.PWR_GetFlagStatus), (20 bytes).
    Removing stm32f4xx_pwr.o(i.PWR_MainRegulatorModeConfig), (20 bytes).
    Removing stm32f4xx_pwr.o(i.PWR_OverDriveCmd), (12 bytes).
    Removing stm32f4xx_pwr.o(i.PWR_OverDriveSWCmd), (12 bytes).
    Removing stm32f4xx_pwr.o(i.PWR_PVDCmd), (12 bytes).
    Removing stm32f4xx_pwr.o(i.PWR_PVDLevelConfig), (20 bytes).
    Removing stm32f4xx_pwr.o(i.PWR_UnderDriveCmd), (32 bytes).
    Removing stm32f4xx_pwr.o(i.PWR_WakeUpPinCmd), (12 bytes).
    Removing stm32f4xx_qspi.o(.rev16_text), (4 bytes).
    Removing stm32f4xx_qspi.o(.revsh_text), (4 bytes).
    Removing stm32f4xx_qspi.o(.rrx_text), (6 bytes).
    Removing stm32f4xx_rcc.o(.rev16_text), (4 bytes).
    Removing stm32f4xx_rcc.o(.revsh_text), (4 bytes).
    Removing stm32f4xx_rcc.o(.rrx_text), (6 bytes).
    Removing stm32f4xx_rcc.o(i.RCC_AHB1PeriphClockLPModeCmd), (28 bytes).
    Removing stm32f4xx_rcc.o(i.RCC_AHB1PeriphResetCmd), (28 bytes).
    Removing stm32f4xx_rcc.o(i.RCC_AHB2PeriphClockCmd), (28 bytes).
    Removing stm32f4xx_rcc.o(i.RCC_AHB2PeriphClockLPModeCmd), (28 bytes).
    Removing stm32f4xx_rcc.o(i.RCC_AHB2PeriphResetCmd), (28 bytes).
    Removing stm32f4xx_rcc.o(i.RCC_AHB3PeriphClockCmd), (28 bytes).
    Removing stm32f4xx_rcc.o(i.RCC_AHB3PeriphClockLPModeCmd), (28 bytes).
    Removing stm32f4xx_rcc.o(i.RCC_AHB3PeriphResetCmd), (28 bytes).
    Removing stm32f4xx_rcc.o(i.RCC_APB1PeriphClockCmd), (28 bytes).
    Removing stm32f4xx_rcc.o(i.RCC_APB1PeriphClockLPModeCmd), (28 bytes).
    Removing stm32f4xx_rcc.o(i.RCC_APB2PeriphClockLPModeCmd), (28 bytes).
    Removing stm32f4xx_rcc.o(i.RCC_AdjustHSICalibrationValue), (20 bytes).
    Removing stm32f4xx_rcc.o(i.RCC_BackupResetCmd), (12 bytes).
    Removing stm32f4xx_rcc.o(i.RCC_ClearFlag), (16 bytes).
    Removing stm32f4xx_rcc.o(i.RCC_ClearITPendingBit), (12 bytes).
    Removing stm32f4xx_rcc.o(i.RCC_ClockSecuritySystemCmd), (12 bytes).
    Removing stm32f4xx_rcc.o(i.RCC_DeInit), (84 bytes).
    Removing stm32f4xx_rcc.o(i.RCC_GetFlagStatus), (56 bytes).
    Removing stm32f4xx_rcc.o(i.RCC_GetITStatus), (20 bytes).
    Removing stm32f4xx_rcc.o(i.RCC_GetSYSCLKSource), (16 bytes).
    Removing stm32f4xx_rcc.o(i.RCC_HCLKConfig), (20 bytes).
    Removing stm32f4xx_rcc.o(i.RCC_HSEConfig), (16 bytes).
    Removing stm32f4xx_rcc.o(i.RCC_HSICmd), (12 bytes).
    Removing stm32f4xx_rcc.o(i.RCC_I2SCLKConfig), (12 bytes).
    Removing stm32f4xx_rcc.o(i.RCC_ITConfig), (28 bytes).
    Removing stm32f4xx_rcc.o(i.RCC_LSEConfig), (32 bytes).
    Removing stm32f4xx_rcc.o(i.RCC_LSEModeConfig), (32 bytes).
    Removing stm32f4xx_rcc.o(i.RCC_LSICmd), (12 bytes).
    Removing stm32f4xx_rcc.o(i.RCC_LTDCCLKDivConfig), (20 bytes).
    Removing stm32f4xx_rcc.o(i.RCC_MCO1Config), (20 bytes).
    Removing stm32f4xx_rcc.o(i.RCC_MCO2Config), (20 bytes).
    Removing stm32f4xx_rcc.o(i.RCC_PCLK1Config), (20 bytes).
    Removing stm32f4xx_rcc.o(i.RCC_PCLK2Config), (20 bytes).
    Removing stm32f4xx_rcc.o(i.RCC_PLLCmd), (12 bytes).
    Removing stm32f4xx_rcc.o(i.RCC_PLLConfig), (36 bytes).
    Removing stm32f4xx_rcc.o(i.RCC_PLLI2SCmd), (12 bytes).
    Removing stm32f4xx_rcc.o(i.RCC_PLLI2SConfig), (16 bytes).
    Removing stm32f4xx_rcc.o(i.RCC_PLLSAICmd), (12 bytes).
    Removing stm32f4xx_rcc.o(i.RCC_PLLSAIConfig), (20 bytes).
    Removing stm32f4xx_rcc.o(i.RCC_RTCCLKCmd), (12 bytes).
    Removing stm32f4xx_rcc.o(i.RCC_RTCCLKConfig), (48 bytes).
    Removing stm32f4xx_rcc.o(i.RCC_SAIBlockACLKConfig), (20 bytes).
    Removing stm32f4xx_rcc.o(i.RCC_SAIBlockBCLKConfig), (20 bytes).
    Removing stm32f4xx_rcc.o(i.RCC_SAIPLLI2SClkDivConfig), (20 bytes).
    Removing stm32f4xx_rcc.o(i.RCC_SAIPLLSAIClkDivConfig), (24 bytes).
    Removing stm32f4xx_rcc.o(i.RCC_SYSCLKConfig), (20 bytes).
    Removing stm32f4xx_rcc.o(i.RCC_TIMCLKPresConfig), (12 bytes).
    Removing stm32f4xx_rcc.o(i.RCC_WaitForHSEStartUp), (48 bytes).
    Removing stm32f4xx_rng.o(.rev16_text), (4 bytes).
    Removing stm32f4xx_rng.o(.revsh_text), (4 bytes).
    Removing stm32f4xx_rng.o(.rrx_text), (6 bytes).
    Removing stm32f4xx_rng.o(i.RNG_ClearFlag), (16 bytes).
    Removing stm32f4xx_rng.o(i.RNG_ClearITPendingBit), (16 bytes).
    Removing stm32f4xx_rng.o(i.RNG_Cmd), (32 bytes).
    Removing stm32f4xx_rng.o(i.RNG_DeInit), (22 bytes).
    Removing stm32f4xx_rng.o(i.RNG_GetFlagStatus), (20 bytes).
    Removing stm32f4xx_rng.o(i.RNG_GetITStatus), (20 bytes).
    Removing stm32f4xx_rng.o(i.RNG_GetRandomNumber), (12 bytes).
    Removing stm32f4xx_rng.o(i.RNG_ITConfig), (32 bytes).
    Removing stm32f4xx_rtc.o(.rev16_text), (4 bytes).
    Removing stm32f4xx_rtc.o(.revsh_text), (4 bytes).
    Removing stm32f4xx_rtc.o(.rrx_text), (6 bytes).
    Removing stm32f4xx_rtc.o(i.RTC_AlarmCmd), (92 bytes).
    Removing stm32f4xx_rtc.o(i.RTC_AlarmStructInit), (20 bytes).
    Removing stm32f4xx_rtc.o(i.RTC_AlarmSubSecondConfig), (44 bytes).
    Removing stm32f4xx_rtc.o(i.RTC_Bcd2ToByte), (18 bytes).
    Removing stm32f4xx_rtc.o(i.RTC_BypassShadowCmd), (48 bytes).
    Removing stm32f4xx_rtc.o(i.RTC_ByteToBcd2), (24 bytes).
    Removing stm32f4xx_rtc.o(i.RTC_CalibOutputCmd), (48 bytes).
    Removing stm32f4xx_rtc.o(i.RTC_CalibOutputConfig), (40 bytes).
    Removing stm32f4xx_rtc.o(i.RTC_ClearFlag), (28 bytes).
    Removing stm32f4xx_rtc.o(i.RTC_ClearITPendingBit), (28 bytes).
    Removing stm32f4xx_rtc.o(i.RTC_CoarseCalibCmd), (64 bytes).
    Removing stm32f4xx_rtc.o(i.RTC_CoarseCalibConfig), (52 bytes).
    Removing stm32f4xx_rtc.o(i.RTC_DateStructInit), (14 bytes).
    Removing stm32f4xx_rtc.o(i.RTC_DayLightSavingConfig), (44 bytes).
    Removing stm32f4xx_rtc.o(i.RTC_DeInit), (184 bytes).
    Removing stm32f4xx_rtc.o(i.RTC_EnterInitMode), (68 bytes).
    Removing stm32f4xx_rtc.o(i.RTC_ExitInitMode), (16 bytes).
    Removing stm32f4xx_rtc.o(i.RTC_GetAlarm), (108 bytes).
    Removing stm32f4xx_rtc.o(i.RTC_GetAlarmSubSecond), (32 bytes).
    Removing stm32f4xx_rtc.o(i.RTC_GetDate), (72 bytes).
    Removing stm32f4xx_rtc.o(i.RTC_GetFlagStatus), (28 bytes).
    Removing stm32f4xx_rtc.o(i.RTC_GetITStatus), (64 bytes).
    Removing stm32f4xx_rtc.o(i.RTC_GetStoreOperation), (16 bytes).
    Removing stm32f4xx_rtc.o(i.RTC_GetSubSecond), (16 bytes).
    Removing stm32f4xx_rtc.o(i.RTC_GetTime), (76 bytes).
    Removing stm32f4xx_rtc.o(i.RTC_GetTimeStamp), (136 bytes).
    Removing stm32f4xx_rtc.o(i.RTC_GetTimeStampSubSecond), (12 bytes).
    Removing stm32f4xx_rtc.o(i.RTC_GetWakeUpCounter), (12 bytes).
    Removing stm32f4xx_rtc.o(i.RTC_ITConfig), (68 bytes).
    Removing stm32f4xx_rtc.o(i.RTC_Init), (80 bytes).
    Removing stm32f4xx_rtc.o(i.RTC_OutputConfig), (44 bytes).
    Removing stm32f4xx_rtc.o(i.RTC_OutputTypeConfig), (24 bytes).
    Removing stm32f4xx_rtc.o(i.RTC_ReadBackupRegister), (20 bytes).
    Removing stm32f4xx_rtc.o(i.RTC_RefClockCmd), (64 bytes).
    Removing stm32f4xx_rtc.o(i.RTC_SetAlarm), (188 bytes).
    Removing stm32f4xx_rtc.o(i.RTC_SetDate), (164 bytes).
    Removing stm32f4xx_rtc.o(i.RTC_SetTime), (168 bytes).
    Removing stm32f4xx_rtc.o(i.RTC_SetWakeUpCounter), (28 bytes).
    Removing stm32f4xx_rtc.o(i.RTC_SmoothCalibConfig), (76 bytes).
    Removing stm32f4xx_rtc.o(i.RTC_StructInit), (14 bytes).
    Removing stm32f4xx_rtc.o(i.RTC_SynchroShiftConfig), (96 bytes).
    Removing stm32f4xx_rtc.o(i.RTC_TamperCmd), (28 bytes).
    Removing stm32f4xx_rtc.o(i.RTC_TamperFilterConfig), (24 bytes).
    Removing stm32f4xx_rtc.o(i.RTC_TamperPinSelection), (24 bytes).
    Removing stm32f4xx_rtc.o(i.RTC_TamperPinsPrechargeDuration), (24 bytes).
    Removing stm32f4xx_rtc.o(i.RTC_TamperPullUpCmd), (32 bytes).
    Removing stm32f4xx_rtc.o(i.RTC_TamperSamplingFreqConfig), (24 bytes).
    Removing stm32f4xx_rtc.o(i.RTC_TamperTriggerConfig), (32 bytes).
    Removing stm32f4xx_rtc.o(i.RTC_TimeStampCmd), (52 bytes).
    Removing stm32f4xx_rtc.o(i.RTC_TimeStampOnTamperDetectionCmd), (32 bytes).
    Removing stm32f4xx_rtc.o(i.RTC_TimeStampPinSelection), (24 bytes).
    Removing stm32f4xx_rtc.o(i.RTC_TimeStructInit), (12 bytes).
    Removing stm32f4xx_rtc.o(i.RTC_WaitForSynchro), (76 bytes).
    Removing stm32f4xx_rtc.o(i.RTC_WakeUpClockConfig), (40 bytes).
    Removing stm32f4xx_rtc.o(i.RTC_WakeUpCmd), (96 bytes).
    Removing stm32f4xx_rtc.o(i.RTC_WriteBackupRegister), (20 bytes).
    Removing stm32f4xx_rtc.o(i.RTC_WriteProtectionCmd), (28 bytes).
    Removing stm32f4xx_sai.o(.rev16_text), (4 bytes).
    Removing stm32f4xx_sai.o(.revsh_text), (4 bytes).
    Removing stm32f4xx_sai.o(.rrx_text), (6 bytes).
    Removing stm32f4xx_sai.o(i.SAI_ClearFlag), (8 bytes).
    Removing stm32f4xx_sai.o(i.SAI_ClearITPendingBit), (8 bytes).
    Removing stm32f4xx_sai.o(i.SAI_Cmd), (24 bytes).
    Removing stm32f4xx_sai.o(i.SAI_CompandingModeConfig), (16 bytes).
    Removing stm32f4xx_sai.o(i.SAI_DMACmd), (24 bytes).
    Removing stm32f4xx_sai.o(i.SAI_DeInit), (36 bytes).
    Removing stm32f4xx_sai.o(i.SAI_FlushFIFO), (10 bytes).
    Removing stm32f4xx_sai.o(i.SAI_FrameInit), (44 bytes).
    Removing stm32f4xx_sai.o(i.SAI_FrameStructInit), (18 bytes).
    Removing stm32f4xx_sai.o(i.SAI_GetCmdStatus), (14 bytes).
    Removing stm32f4xx_sai.o(i.SAI_GetFIFOStatus), (8 bytes).
    Removing stm32f4xx_sai.o(i.SAI_GetFlagStatus), (14 bytes).
    Removing stm32f4xx_sai.o(i.SAI_GetITStatus), (22 bytes).
    Removing stm32f4xx_sai.o(i.SAI_ITConfig), (20 bytes).
    Removing stm32f4xx_sai.o(i.SAI_Init), (72 bytes).
    Removing stm32f4xx_sai.o(i.SAI_MonoModeConfig), (18 bytes).
    Removing stm32f4xx_sai.o(i.SAI_MuteFrameCounterConfig), (18 bytes).
    Removing stm32f4xx_sai.o(i.SAI_MuteModeCmd), (24 bytes).
    Removing stm32f4xx_sai.o(i.SAI_MuteValueConfig), (16 bytes).
    Removing stm32f4xx_sai.o(i.SAI_ReceiveData), (4 bytes).
    Removing stm32f4xx_sai.o(i.SAI_SendData), (4 bytes).
    Removing stm32f4xx_sai.o(i.SAI_SlotInit), (34 bytes).
    Removing stm32f4xx_sai.o(i.SAI_SlotStructInit), (14 bytes).
    Removing stm32f4xx_sai.o(i.SAI_StructInit), (28 bytes).
    Removing stm32f4xx_sai.o(i.SAI_TRIStateConfig), (18 bytes).
    Removing stm32f4xx_sdio.o(.rev16_text), (4 bytes).
    Removing stm32f4xx_sdio.o(.revsh_text), (4 bytes).
    Removing stm32f4xx_sdio.o(.rrx_text), (6 bytes).
    Removing stm32f4xx_sdio.o(i.SDIO_CEATAITCmd), (16 bytes).
    Removing stm32f4xx_sdio.o(i.SDIO_ClearFlag), (12 bytes).
    Removing stm32f4xx_sdio.o(i.SDIO_ClearITPendingBit), (12 bytes).
    Removing stm32f4xx_sdio.o(i.SDIO_ClockCmd), (12 bytes).
    Removing stm32f4xx_sdio.o(i.SDIO_CmdStructInit), (14 bytes).
    Removing stm32f4xx_sdio.o(i.SDIO_CommandCompletionCmd), (12 bytes).
    Removing stm32f4xx_sdio.o(i.SDIO_DMACmd), (12 bytes).
    Removing stm32f4xx_sdio.o(i.SDIO_DataConfig), (48 bytes).
    Removing stm32f4xx_sdio.o(i.SDIO_DataStructInit), (20 bytes).
    Removing stm32f4xx_sdio.o(i.SDIO_DeInit), (24 bytes).
    Removing stm32f4xx_sdio.o(i.SDIO_GetCommandResponse), (12 bytes).
    Removing stm32f4xx_sdio.o(i.SDIO_GetDataCounter), (12 bytes).
    Removing stm32f4xx_sdio.o(i.SDIO_GetFIFOCount), (12 bytes).
    Removing stm32f4xx_sdio.o(i.SDIO_GetFlagStatus), (20 bytes).
    Removing stm32f4xx_sdio.o(i.SDIO_GetITStatus), (20 bytes).
    Removing stm32f4xx_sdio.o(i.SDIO_GetPowerState), (16 bytes).
    Removing stm32f4xx_sdio.o(i.SDIO_GetResponse), (20 bytes).
    Removing stm32f4xx_sdio.o(i.SDIO_ITConfig), (28 bytes).
    Removing stm32f4xx_sdio.o(i.SDIO_Init), (44 bytes).
    Removing stm32f4xx_sdio.o(i.SDIO_ReadData), (12 bytes).
    Removing stm32f4xx_sdio.o(i.SDIO_SendCEATACmd), (12 bytes).
    Removing stm32f4xx_sdio.o(i.SDIO_SendCommand), (40 bytes).
    Removing stm32f4xx_sdio.o(i.SDIO_SendSDIOSuspendCmd), (12 bytes).
    Removing stm32f4xx_sdio.o(i.SDIO_SetPowerState), (12 bytes).
    Removing stm32f4xx_sdio.o(i.SDIO_SetSDIOOperation), (12 bytes).
    Removing stm32f4xx_sdio.o(i.SDIO_SetSDIOReadWaitMode), (12 bytes).
    Removing stm32f4xx_sdio.o(i.SDIO_StartSDIOReadWait), (12 bytes).
    Removing stm32f4xx_sdio.o(i.SDIO_StopSDIOReadWait), (12 bytes).
    Removing stm32f4xx_sdio.o(i.SDIO_StructInit), (16 bytes).
    Removing stm32f4xx_sdio.o(i.SDIO_WriteData), (12 bytes).
    Removing stm32f4xx_spdifrx.o(.rev16_text), (4 bytes).
    Removing stm32f4xx_spdifrx.o(.revsh_text), (4 bytes).
    Removing stm32f4xx_spdifrx.o(.rrx_text), (6 bytes).
    Removing stm32f4xx_spi.o(.rev16_text), (4 bytes).
    Removing stm32f4xx_spi.o(.revsh_text), (4 bytes).
    Removing stm32f4xx_spi.o(.rrx_text), (6 bytes).
    Removing stm32f4xx_spi.o(i.I2S_Cmd), (24 bytes).
    Removing stm32f4xx_spi.o(i.I2S_FullDuplexConfig), (58 bytes).
    Removing stm32f4xx_spi.o(i.I2S_Init), (240 bytes).
    Removing stm32f4xx_spi.o(i.I2S_StructInit), (18 bytes).
    Removing stm32f4xx_spi.o(i.SPI_BiDirectionalLineConfig), (26 bytes).
    Removing stm32f4xx_spi.o(i.SPI_CalculateCRC), (24 bytes).
    Removing stm32f4xx_spi.o(i.SPI_Cmd), (24 bytes).
    Removing stm32f4xx_spi.o(i.SPI_DataSizeConfig), (16 bytes).
    Removing stm32f4xx_spi.o(i.SPI_GetCRC), (12 bytes).
    Removing stm32f4xx_spi.o(i.SPI_GetCRCPolynomial), (4 bytes).
    Removing stm32f4xx_spi.o(i.SPI_I2S_ClearFlag), (6 bytes).
    Removing stm32f4xx_spi.o(i.SPI_I2S_ClearITPendingBit), (14 bytes).
    Removing stm32f4xx_spi.o(i.SPI_I2S_DMACmd), (20 bytes).
    Removing stm32f4xx_spi.o(i.SPI_I2S_DeInit), (196 bytes).
    Removing stm32f4xx_spi.o(i.SPI_I2S_GetFlagStatus), (14 bytes).
    Removing stm32f4xx_spi.o(i.SPI_I2S_GetITStatus), (44 bytes).
    Removing stm32f4xx_spi.o(i.SPI_I2S_ITConfig), (28 bytes).
    Removing stm32f4xx_spi.o(i.SPI_I2S_ReceiveData), (4 bytes).
    Removing stm32f4xx_spi.o(i.SPI_I2S_SendData), (4 bytes).
    Removing stm32f4xx_spi.o(i.SPI_Init), (56 bytes).
    Removing stm32f4xx_spi.o(i.SPI_NSSInternalSoftwareConfig), (28 bytes).
    Removing stm32f4xx_spi.o(i.SPI_SSOutputCmd), (24 bytes).
    Removing stm32f4xx_spi.o(i.SPI_StructInit), (24 bytes).
    Removing stm32f4xx_spi.o(i.SPI_TIModeCmd), (24 bytes).
    Removing stm32f4xx_spi.o(i.SPI_TransmitCRC), (10 bytes).
    Removing stm32f4xx_syscfg.o(.rev16_text), (4 bytes).
    Removing stm32f4xx_syscfg.o(.revsh_text), (4 bytes).
    Removing stm32f4xx_syscfg.o(.rrx_text), (6 bytes).
    Removing stm32f4xx_syscfg.o(i.SYSCFG_CompensationCellCmd), (12 bytes).
    Removing stm32f4xx_syscfg.o(i.SYSCFG_DeInit), (24 bytes).
    Removing stm32f4xx_syscfg.o(i.SYSCFG_ETH_MediaInterfaceConfig), (12 bytes).
    Removing stm32f4xx_syscfg.o(i.SYSCFG_EXTILineConfig), (44 bytes).
    Removing stm32f4xx_syscfg.o(i.SYSCFG_GetCompensationCellStatus), (20 bytes).
    Removing stm32f4xx_syscfg.o(i.SYSCFG_MemoryRemapConfig), (12 bytes).
    Removing stm32f4xx_syscfg.o(i.SYSCFG_MemorySwappingBank), (12 bytes).
    Removing stm32f4xx_tim.o(.rev16_text), (4 bytes).
    Removing stm32f4xx_tim.o(.revsh_text), (4 bytes).
    Removing stm32f4xx_tim.o(.rrx_text), (6 bytes).
    Removing stm32f4xx_tim.o(i.TI1_Config), (46 bytes).
    Removing stm32f4xx_tim.o(i.TI2_Config), (54 bytes).
    Removing stm32f4xx_tim.o(i.TI3_Config), (50 bytes).
    Removing stm32f4xx_tim.o(i.TI4_Config), (54 bytes).
    Removing stm32f4xx_tim.o(i.TIM_ARRPreloadConfig), (24 bytes).
    Removing stm32f4xx_tim.o(i.TIM_BDTRConfig), (34 bytes).
    Removing stm32f4xx_tim.o(i.TIM_BDTRStructInit), (18 bytes).
    Removing stm32f4xx_tim.o(i.TIM_CCPreloadControl), (24 bytes).
    Removing stm32f4xx_tim.o(i.TIM_CCxCmd), (22 bytes).
    Removing stm32f4xx_tim.o(i.TIM_CCxNCmd), (22 bytes).
    Removing stm32f4xx_tim.o(i.TIM_ClearFlag), (6 bytes).
    Removing stm32f4xx_tim.o(i.TIM_ClearITPendingBit), (6 bytes).
    Removing stm32f4xx_tim.o(i.TIM_ClearOC1Ref), (12 bytes).
    Removing stm32f4xx_tim.o(i.TIM_ClearOC2Ref), (20 bytes).
    Removing stm32f4xx_tim.o(i.TIM_ClearOC3Ref), (12 bytes).
    Removing stm32f4xx_tim.o(i.TIM_ClearOC4Ref), (20 bytes).
    Removing stm32f4xx_tim.o(i.TIM_Cmd), (24 bytes).
    Removing stm32f4xx_tim.o(i.TIM_CounterModeConfig), (12 bytes).
    Removing stm32f4xx_tim.o(i.TIM_CtrlPWMOutputs), (28 bytes).
    Removing stm32f4xx_tim.o(i.TIM_DMACmd), (20 bytes).
    Removing stm32f4xx_tim.o(i.TIM_DMAConfig), (8 bytes).
    Removing stm32f4xx_tim.o(i.TIM_DeInit), (428 bytes).
    Removing stm32f4xx_tim.o(i.TIM_ETRClockMode1Config), (32 bytes).
    Removing stm32f4xx_tim.o(i.TIM_ETRClockMode2Config), (20 bytes).
    Removing stm32f4xx_tim.o(i.TIM_ETRConfig), (24 bytes).
    Removing stm32f4xx_tim.o(i.TIM_EncoderInterfaceConfig), (50 bytes).
    Removing stm32f4xx_tim.o(i.TIM_ForcedOC1Config), (12 bytes).
    Removing stm32f4xx_tim.o(i.TIM_ForcedOC2Config), (20 bytes).
    Removing stm32f4xx_tim.o(i.TIM_ForcedOC3Config), (12 bytes).
    Removing stm32f4xx_tim.o(i.TIM_ForcedOC4Config), (20 bytes).
    Removing stm32f4xx_tim.o(i.TIM_GenerateEvent), (4 bytes).
    Removing stm32f4xx_tim.o(i.TIM_GetCapture1), (4 bytes).
    Removing stm32f4xx_tim.o(i.TIM_GetCapture2), (4 bytes).
    Removing stm32f4xx_tim.o(i.TIM_GetCapture3), (4 bytes).
    Removing stm32f4xx_tim.o(i.TIM_GetCapture4), (4 bytes).
    Removing stm32f4xx_tim.o(i.TIM_GetCounter), (4 bytes).
    Removing stm32f4xx_tim.o(i.TIM_GetFlagStatus), (14 bytes).
    Removing stm32f4xx_tim.o(i.TIM_GetPrescaler), (4 bytes).
    Removing stm32f4xx_tim.o(i.TIM_ICInit), (98 bytes).
    Removing stm32f4xx_tim.o(i.TIM_ICStructInit), (16 bytes).
    Removing stm32f4xx_tim.o(i.TIM_ITConfig), (20 bytes).
    Removing stm32f4xx_tim.o(i.TIM_ITRxExternalClockConfig), (20 bytes).
    Removing stm32f4xx_tim.o(i.TIM_InternalClockConfig), (10 bytes).
    Removing stm32f4xx_tim.o(i.TIM_OC1FastConfig), (12 bytes).
    Removing stm32f4xx_tim.o(i.TIM_OC1Init), (104 bytes).
    Removing stm32f4xx_tim.o(i.TIM_OC1NPolarityConfig), (12 bytes).
    Removing stm32f4xx_tim.o(i.TIM_OC1PolarityConfig), (12 bytes).
    Removing stm32f4xx_tim.o(i.TIM_OC1PreloadConfig), (12 bytes).
    Removing stm32f4xx_tim.o(i.TIM_OC2FastConfig), (20 bytes).
    Removing stm32f4xx_tim.o(i.TIM_OC2Init), (136 bytes).
    Removing stm32f4xx_tim.o(i.TIM_OC2NPolarityConfig), (20 bytes).
    Removing stm32f4xx_tim.o(i.TIM_OC2PolarityConfig), (20 bytes).
    Removing stm32f4xx_tim.o(i.TIM_OC2PreloadConfig), (20 bytes).
    Removing stm32f4xx_tim.o(i.TIM_OC3FastConfig), (12 bytes).
    Removing stm32f4xx_tim.o(i.TIM_OC3Init), (132 bytes).
    Removing stm32f4xx_tim.o(i.TIM_OC3NPolarityConfig), (20 bytes).
    Removing stm32f4xx_tim.o(i.TIM_OC3PolarityConfig), (20 bytes).
    Removing stm32f4xx_tim.o(i.TIM_OC3PreloadConfig), (12 bytes).
    Removing stm32f4xx_tim.o(i.TIM_OC4FastConfig), (20 bytes).
    Removing stm32f4xx_tim.o(i.TIM_OC4Init), (100 bytes).
    Removing stm32f4xx_tim.o(i.TIM_OC4PolarityConfig), (20 bytes).
    Removing stm32f4xx_tim.o(i.TIM_OC4PreloadConfig), (20 bytes).
    Removing stm32f4xx_tim.o(i.TIM_OCStructInit), (20 bytes).
    Removing stm32f4xx_tim.o(i.TIM_PWMIConfig), (110 bytes).
    Removing stm32f4xx_tim.o(i.TIM_PrescalerConfig), (6 bytes).
    Removing stm32f4xx_tim.o(i.TIM_RemapConfig), (6 bytes).
    Removing stm32f4xx_tim.o(i.TIM_SelectCCDMA), (24 bytes).
    Removing stm32f4xx_tim.o(i.TIM_SelectCOM), (24 bytes).
    Removing stm32f4xx_tim.o(i.TIM_SelectHallSensor), (24 bytes).
    Removing stm32f4xx_tim.o(i.TIM_SelectInputTrigger), (12 bytes).
    Removing stm32f4xx_tim.o(i.TIM_SelectMasterSlaveMode), (16 bytes).
    Removing stm32f4xx_tim.o(i.TIM_SelectOCxM), (80 bytes).
    Removing stm32f4xx_tim.o(i.TIM_SelectOnePulseMode), (16 bytes).
    Removing stm32f4xx_tim.o(i.TIM_SelectOutputTrigger), (16 bytes).
    Removing stm32f4xx_tim.o(i.TIM_SelectSlaveMode), (16 bytes).
    Removing stm32f4xx_tim.o(i.TIM_SetAutoreload), (4 bytes).
    Removing stm32f4xx_tim.o(i.TIM_SetClockDivision), (16 bytes).
    Removing stm32f4xx_tim.o(i.TIM_SetCompare1), (4 bytes).
    Removing stm32f4xx_tim.o(i.TIM_SetCompare2), (4 bytes).
    Removing stm32f4xx_tim.o(i.TIM_SetCompare3), (4 bytes).
    Removing stm32f4xx_tim.o(i.TIM_SetCompare4), (4 bytes).
    Removing stm32f4xx_tim.o(i.TIM_SetCounter), (4 bytes).
    Removing stm32f4xx_tim.o(i.TIM_SetIC1Prescaler), (16 bytes).
    Removing stm32f4xx_tim.o(i.TIM_SetIC2Prescaler), (24 bytes).
    Removing stm32f4xx_tim.o(i.TIM_SetIC3Prescaler), (16 bytes).
    Removing stm32f4xx_tim.o(i.TIM_SetIC4Prescaler), (24 bytes).
    Removing stm32f4xx_tim.o(i.TIM_TIxExternalClockConfig), (48 bytes).
    Removing stm32f4xx_tim.o(i.TIM_TimeBaseInit), (124 bytes).
    Removing stm32f4xx_tim.o(i.TIM_TimeBaseStructInit), (18 bytes).
    Removing stm32f4xx_tim.o(i.TIM_UpdateDisableConfig), (24 bytes).
    Removing stm32f4xx_tim.o(i.TIM_UpdateRequestConfig), (24 bytes).
    Removing stm32f4xx_usart.o(.rev16_text), (4 bytes).
    Removing stm32f4xx_usart.o(.revsh_text), (4 bytes).
    Removing stm32f4xx_usart.o(.rrx_text), (6 bytes).
    Removing stm32f4xx_usart.o(i.USART_ClearFlag), (8 bytes).
    Removing stm32f4xx_usart.o(i.USART_ClearITPendingBit), (16 bytes).
    Removing stm32f4xx_usart.o(i.USART_ClockInit), (28 bytes).
    Removing stm32f4xx_usart.o(i.USART_ClockStructInit), (12 bytes).
    Removing stm32f4xx_usart.o(i.USART_HalfDuplexCmd), (24 bytes).
    Removing stm32f4xx_usart.o(i.USART_IrDACmd), (24 bytes).
    Removing stm32f4xx_usart.o(i.USART_IrDAConfig), (16 bytes).
    Removing stm32f4xx_usart.o(i.USART_LINBreakDetectLengthConfig), (16 bytes).
    Removing stm32f4xx_usart.o(i.USART_LINCmd), (24 bytes).
    Removing stm32f4xx_usart.o(i.USART_OneBitMethodCmd), (24 bytes).
    Removing stm32f4xx_usart.o(i.USART_OverSampling8Cmd), (24 bytes).
    Removing stm32f4xx_usart.o(i.USART_ReceiverWakeUpCmd), (24 bytes).
    Removing stm32f4xx_usart.o(i.USART_SendBreak), (10 bytes).
    Removing stm32f4xx_usart.o(i.USART_SetAddress), (16 bytes).
    Removing stm32f4xx_usart.o(i.USART_SetGuardTime), (16 bytes).
    Removing stm32f4xx_usart.o(i.USART_SetPrescaler), (16 bytes).
    Removing stm32f4xx_usart.o(i.USART_SmartCardCmd), (24 bytes).
    Removing stm32f4xx_usart.o(i.USART_SmartCardNACKCmd), (24 bytes).
    Removing stm32f4xx_usart.o(i.USART_StructInit), (22 bytes).
    Removing stm32f4xx_usart.o(i.USART_WakeUpConfig), (16 bytes).
    Removing stm32f4xx_wwdg.o(.rev16_text), (4 bytes).
    Removing stm32f4xx_wwdg.o(.revsh_text), (4 bytes).
    Removing stm32f4xx_wwdg.o(.rrx_text), (6 bytes).
    Removing stm32f4xx_wwdg.o(i.WWDG_ClearFlag), (12 bytes).
    Removing stm32f4xx_wwdg.o(i.WWDG_DeInit), (24 bytes).
    Removing stm32f4xx_wwdg.o(i.WWDG_Enable), (16 bytes).
    Removing stm32f4xx_wwdg.o(i.WWDG_EnableIT), (12 bytes).
    Removing stm32f4xx_wwdg.o(i.WWDG_GetFlagStatus), (20 bytes).
    Removing stm32f4xx_wwdg.o(i.WWDG_SetCounter), (16 bytes).
    Removing stm32f4xx_wwdg.o(i.WWDG_SetPrescaler), (20 bytes).
    Removing stm32f4xx_wwdg.o(i.WWDG_SetWindowValue), (32 bytes).
    Removing main.o(.rev16_text), (4 bytes).
    Removing main.o(.revsh_text), (4 bytes).
    Removing main.o(.rrx_text), (6 bytes).
    Removing main.o(i.NVIC_DeConfig), (56 bytes).
    Removing stm32f4xx_it.o(.rev16_text), (4 bytes).
    Removing stm32f4xx_it.o(.revsh_text), (4 bytes).
    Removing stm32f4xx_it.o(.rrx_text), (6 bytes).
    Removing bsp_usart.o(.rev16_text), (4 bytes).
    Removing bsp_usart.o(.revsh_text), (4 bytes).
    Removing bsp_usart.o(.rrx_text), (6 bytes).
    Removing bsp_usart.o(i.Usart_DMA_BufferSwitch), (16 bytes).
    Removing bsp_usart.o(i.Usart_SendHalfWord), (50 bytes).
    Removing bsp_usart.o(i.Usart_SendString), (38 bytes).
    Removing bsp_usart.o(i.fgetc), (32 bytes).
    Removing bsp_usart.o(i.fputc), (36 bytes).
    Removing bsp_led.o(.rev16_text), (4 bytes).
    Removing bsp_led.o(.revsh_text), (4 bytes).
    Removing bsp_led.o(.rrx_text), (6 bytes).
    Removing buffer.o(.rev16_text), (4 bytes).
    Removing buffer.o(.revsh_text), (4 bytes).
    Removing buffer.o(.rrx_text), (6 bytes).
    Removing buffer.o(i.BufferReadyTake), (26 bytes).
    Removing buffer.o(i.ClearBuffer), (26 bytes).
    Removing buffer.o(i.WaitForBufferReady), (16 bytes).
    Removing timer.o(.rev16_text), (4 bytes).
    Removing timer.o(.revsh_text), (4 bytes).
    Removing timer.o(.rrx_text), (6 bytes).
    Removing timer.o(i.Timer_Config), (52 bytes).

774 unused section(s) (total 27124 bytes) removed from the image.

==============================================================================

Image Symbol Table

    Local Symbols

    Symbol Name                              Value     Ov Type        Size  Object(Section)

    ../clib/microlib/init/entry.s            0x00000000   Number         0  entry11b.o ABSOLUTE
    ../clib/microlib/init/entry.s            0x00000000   Number         0  entry11a.o ABSOLUTE
    ../clib/microlib/init/entry.s            0x00000000   Number         0  entry10b.o ABSOLUTE
    ../clib/microlib/init/entry.s            0x00000000   Number         0  entry10a.o ABSOLUTE
    ../clib/microlib/init/entry.s            0x00000000   Number         0  entry9b.o ABSOLUTE
    ../clib/microlib/init/entry.s            0x00000000   Number         0  entry5.o ABSOLUTE
    ../clib/microlib/init/entry.s            0x00000000   Number         0  entry.o ABSOLUTE
    ../clib/microlib/init/entry.s            0x00000000   Number         0  entry2.o ABSOLUTE
    ../clib/microlib/init/entry.s            0x00000000   Number         0  entry7a.o ABSOLUTE
    ../clib/microlib/init/entry.s            0x00000000   Number         0  entry9a.o ABSOLUTE
    ../clib/microlib/init/entry.s            0x00000000   Number         0  entry7b.o ABSOLUTE
    ../clib/microlib/init/entry.s            0x00000000   Number         0  entry8a.o ABSOLUTE
    ../clib/microlib/init/entry.s            0x00000000   Number         0  entry8b.o ABSOLUTE
    ../clib/microlib/malloc/malloc.c         0x00000000   Number         0  mallocra.o ABSOLUTE
    ../clib/microlib/malloc/malloc.c         0x00000000   Number         0  malloc.o ABSOLUTE
    ../clib/microlib/malloc/malloc.c         0x00000000   Number         0  mallocr.o ABSOLUTE
    ../clib/microlib/malloc/malloc.c         0x00000000   Number         0  malloca.o ABSOLUTE
    ../clib/microlib/malloc/mvars.c          0x00000000   Number         0  mvars.o ABSOLUTE
    ../clib/microlib/string/memcpy.c         0x00000000   Number         0  memcpyb.o ABSOLUTE
    ../clib/microlib/string/memcpy.c         0x00000000   Number         0  memcpya.o ABSOLUTE
    Libraries\CMSIS\Device\ST\STM32F4xx\Source\Templates\arm\startup_stm32f40xx.s 0x00000000   Number         0  startup_stm32f40xx.o ABSOLUTE
    Libraries\CMSIS\Device\ST\STM32F4xx\Source\Templates\system_stm32f4xx.c 0x00000000   Number         0  system_stm32f4xx.o ABSOLUTE
    Libraries\STM32F4xx_StdPeriph_Driver\src\misc.c 0x00000000   Number         0  misc.o ABSOLUTE
    Libraries\STM32F4xx_StdPeriph_Driver\src\stm32f4xx_adc.c 0x00000000   Number         0  stm32f4xx_adc.o ABSOLUTE
    Libraries\STM32F4xx_StdPeriph_Driver\src\stm32f4xx_can.c 0x00000000   Number         0  stm32f4xx_can.o ABSOLUTE
    Libraries\STM32F4xx_StdPeriph_Driver\src\stm32f4xx_cec.c 0x00000000   Number         0  stm32f4xx_cec.o ABSOLUTE
    Libraries\STM32F4xx_StdPeriph_Driver\src\stm32f4xx_crc.c 0x00000000   Number         0  stm32f4xx_crc.o ABSOLUTE
    Libraries\STM32F4xx_StdPeriph_Driver\src\stm32f4xx_cryp.c 0x00000000   Number         0  stm32f4xx_cryp.o ABSOLUTE
    Libraries\STM32F4xx_StdPeriph_Driver\src\stm32f4xx_cryp_aes.c 0x00000000   Number         0  stm32f4xx_cryp_aes.o ABSOLUTE
    Libraries\STM32F4xx_StdPeriph_Driver\src\stm32f4xx_cryp_des.c 0x00000000   Number         0  stm32f4xx_cryp_des.o ABSOLUTE
    Libraries\STM32F4xx_StdPeriph_Driver\src\stm32f4xx_cryp_tdes.c 0x00000000   Number         0  stm32f4xx_cryp_tdes.o ABSOLUTE
    Libraries\STM32F4xx_StdPeriph_Driver\src\stm32f4xx_dac.c 0x00000000   Number         0  stm32f4xx_dac.o ABSOLUTE
    Libraries\STM32F4xx_StdPeriph_Driver\src\stm32f4xx_dbgmcu.c 0x00000000   Number         0  stm32f4xx_dbgmcu.o ABSOLUTE
    Libraries\STM32F4xx_StdPeriph_Driver\src\stm32f4xx_dcmi.c 0x00000000   Number         0  stm32f4xx_dcmi.o ABSOLUTE
    Libraries\STM32F4xx_StdPeriph_Driver\src\stm32f4xx_dfsdm.c 0x00000000   Number         0  stm32f4xx_dfsdm.o ABSOLUTE
    Libraries\STM32F4xx_StdPeriph_Driver\src\stm32f4xx_dma.c 0x00000000   Number         0  stm32f4xx_dma.o ABSOLUTE
    Libraries\STM32F4xx_StdPeriph_Driver\src\stm32f4xx_dsi.c 0x00000000   Number         0  stm32f4xx_dsi.o ABSOLUTE
    Libraries\STM32F4xx_StdPeriph_Driver\src\stm32f4xx_exti.c 0x00000000   Number         0  stm32f4xx_exti.o ABSOLUTE
    Libraries\STM32F4xx_StdPeriph_Driver\src\stm32f4xx_flash.c 0x00000000   Number         0  stm32f4xx_flash.o ABSOLUTE
    Libraries\STM32F4xx_StdPeriph_Driver\src\stm32f4xx_flash_ramfunc.c 0x00000000   Number         0  stm32f4xx_flash_ramfunc.o ABSOLUTE
    Libraries\STM32F4xx_StdPeriph_Driver\src\stm32f4xx_fmpi2c.c 0x00000000   Number         0  stm32f4xx_fmpi2c.o ABSOLUTE
    Libraries\STM32F4xx_StdPeriph_Driver\src\stm32f4xx_fsmc.c 0x00000000   Number         0  stm32f4xx_fsmc.o ABSOLUTE
    Libraries\STM32F4xx_StdPeriph_Driver\src\stm32f4xx_gpio.c 0x00000000   Number         0  stm32f4xx_gpio.o ABSOLUTE
    Libraries\STM32F4xx_StdPeriph_Driver\src\stm32f4xx_hash.c 0x00000000   Number         0  stm32f4xx_hash.o ABSOLUTE
    Libraries\STM32F4xx_StdPeriph_Driver\src\stm32f4xx_hash_md5.c 0x00000000   Number         0  stm32f4xx_hash_md5.o ABSOLUTE
    Libraries\STM32F4xx_StdPeriph_Driver\src\stm32f4xx_hash_sha1.c 0x00000000   Number         0  stm32f4xx_hash_sha1.o ABSOLUTE
    Libraries\STM32F4xx_StdPeriph_Driver\src\stm32f4xx_i2c.c 0x00000000   Number         0  stm32f4xx_i2c.o ABSOLUTE
    Libraries\STM32F4xx_StdPeriph_Driver\src\stm32f4xx_iwdg.c 0x00000000   Number         0  stm32f4xx_iwdg.o ABSOLUTE
    Libraries\STM32F4xx_StdPeriph_Driver\src\stm32f4xx_lptim.c 0x00000000   Number         0  stm32f4xx_lptim.o ABSOLUTE
    Libraries\STM32F4xx_StdPeriph_Driver\src\stm32f4xx_pwr.c 0x00000000   Number         0  stm32f4xx_pwr.o ABSOLUTE
    Libraries\STM32F4xx_StdPeriph_Driver\src\stm32f4xx_qspi.c 0x00000000   Number         0  stm32f4xx_qspi.o ABSOLUTE
    Libraries\STM32F4xx_StdPeriph_Driver\src\stm32f4xx_rcc.c 0x00000000   Number         0  stm32f4xx_rcc.o ABSOLUTE
    Libraries\STM32F4xx_StdPeriph_Driver\src\stm32f4xx_rng.c 0x00000000   Number         0  stm32f4xx_rng.o ABSOLUTE
    Libraries\STM32F4xx_StdPeriph_Driver\src\stm32f4xx_rtc.c 0x00000000   Number         0  stm32f4xx_rtc.o ABSOLUTE
    Libraries\STM32F4xx_StdPeriph_Driver\src\stm32f4xx_sai.c 0x00000000   Number         0  stm32f4xx_sai.o ABSOLUTE
    Libraries\STM32F4xx_StdPeriph_Driver\src\stm32f4xx_sdio.c 0x00000000   Number         0  stm32f4xx_sdio.o ABSOLUTE
    Libraries\STM32F4xx_StdPeriph_Driver\src\stm32f4xx_spdifrx.c 0x00000000   Number         0  stm32f4xx_spdifrx.o ABSOLUTE
    Libraries\STM32F4xx_StdPeriph_Driver\src\stm32f4xx_spi.c 0x00000000   Number         0  stm32f4xx_spi.o ABSOLUTE
    Libraries\STM32F4xx_StdPeriph_Driver\src\stm32f4xx_syscfg.c 0x00000000   Number         0  stm32f4xx_syscfg.o ABSOLUTE
    Libraries\STM32F4xx_StdPeriph_Driver\src\stm32f4xx_tim.c 0x00000000   Number         0  stm32f4xx_tim.o ABSOLUTE
    Libraries\STM32F4xx_StdPeriph_Driver\src\stm32f4xx_usart.c 0x00000000   Number         0  stm32f4xx_usart.o ABSOLUTE
    Libraries\STM32F4xx_StdPeriph_Driver\src\stm32f4xx_wwdg.c 0x00000000   Number         0  stm32f4xx_wwdg.o ABSOLUTE
    Libraries\\CMSIS\\Device\\ST\\STM32F4xx\\Source\\Templates\\system_stm32f4xx.c 0x00000000   Number         0  system_stm32f4xx.o ABSOLUTE
    Libraries\\STM32F4xx_StdPeriph_Driver\\src\\misc.c 0x00000000   Number         0  misc.o ABSOLUTE
    Libraries\\STM32F4xx_StdPeriph_Driver\\src\\stm32f4xx_adc.c 0x00000000   Number         0  stm32f4xx_adc.o ABSOLUTE
    Libraries\\STM32F4xx_StdPeriph_Driver\\src\\stm32f4xx_can.c 0x00000000   Number         0  stm32f4xx_can.o ABSOLUTE
    Libraries\\STM32F4xx_StdPeriph_Driver\\src\\stm32f4xx_cec.c 0x00000000   Number         0  stm32f4xx_cec.o ABSOLUTE
    Libraries\\STM32F4xx_StdPeriph_Driver\\src\\stm32f4xx_crc.c 0x00000000   Number         0  stm32f4xx_crc.o ABSOLUTE
    Libraries\\STM32F4xx_StdPeriph_Driver\\src\\stm32f4xx_cryp.c 0x00000000   Number         0  stm32f4xx_cryp.o ABSOLUTE
    Libraries\\STM32F4xx_StdPeriph_Driver\\src\\stm32f4xx_cryp_aes.c 0x00000000   Number         0  stm32f4xx_cryp_aes.o ABSOLUTE
    Libraries\\STM32F4xx_StdPeriph_Driver\\src\\stm32f4xx_cryp_des.c 0x00000000   Number         0  stm32f4xx_cryp_des.o ABSOLUTE
    Libraries\\STM32F4xx_StdPeriph_Driver\\src\\stm32f4xx_cryp_tdes.c 0x00000000   Number         0  stm32f4xx_cryp_tdes.o ABSOLUTE
    Libraries\\STM32F4xx_StdPeriph_Driver\\src\\stm32f4xx_dac.c 0x00000000   Number         0  stm32f4xx_dac.o ABSOLUTE
    Libraries\\STM32F4xx_StdPeriph_Driver\\src\\stm32f4xx_dbgmcu.c 0x00000000   Number         0  stm32f4xx_dbgmcu.o ABSOLUTE
    Libraries\\STM32F4xx_StdPeriph_Driver\\src\\stm32f4xx_dcmi.c 0x00000000   Number         0  stm32f4xx_dcmi.o ABSOLUTE
    Libraries\\STM32F4xx_StdPeriph_Driver\\src\\stm32f4xx_dfsdm.c 0x00000000   Number         0  stm32f4xx_dfsdm.o ABSOLUTE
    Libraries\\STM32F4xx_StdPeriph_Driver\\src\\stm32f4xx_dma.c 0x00000000   Number         0  stm32f4xx_dma.o ABSOLUTE
    Libraries\\STM32F4xx_StdPeriph_Driver\\src\\stm32f4xx_dsi.c 0x00000000   Number         0  stm32f4xx_dsi.o ABSOLUTE
    Libraries\\STM32F4xx_StdPeriph_Driver\\src\\stm32f4xx_exti.c 0x00000000   Number         0  stm32f4xx_exti.o ABSOLUTE
    Libraries\\STM32F4xx_StdPeriph_Driver\\src\\stm32f4xx_flash.c 0x00000000   Number         0  stm32f4xx_flash.o ABSOLUTE
    Libraries\\STM32F4xx_StdPeriph_Driver\\src\\stm32f4xx_flash_ramfunc.c 0x00000000   Number         0  stm32f4xx_flash_ramfunc.o ABSOLUTE
    Libraries\\STM32F4xx_StdPeriph_Driver\\src\\stm32f4xx_fmpi2c.c 0x00000000   Number         0  stm32f4xx_fmpi2c.o ABSOLUTE
    Libraries\\STM32F4xx_StdPeriph_Driver\\src\\stm32f4xx_fsmc.c 0x00000000   Number         0  stm32f4xx_fsmc.o ABSOLUTE
    Libraries\\STM32F4xx_StdPeriph_Driver\\src\\stm32f4xx_gpio.c 0x00000000   Number         0  stm32f4xx_gpio.o ABSOLUTE
    Libraries\\STM32F4xx_StdPeriph_Driver\\src\\stm32f4xx_hash.c 0x00000000   Number         0  stm32f4xx_hash.o ABSOLUTE
    Libraries\\STM32F4xx_StdPeriph_Driver\\src\\stm32f4xx_hash_md5.c 0x00000000   Number         0  stm32f4xx_hash_md5.o ABSOLUTE
    Libraries\\STM32F4xx_StdPeriph_Driver\\src\\stm32f4xx_hash_sha1.c 0x00000000   Number         0  stm32f4xx_hash_sha1.o ABSOLUTE
    Libraries\\STM32F4xx_StdPeriph_Driver\\src\\stm32f4xx_i2c.c 0x00000000   Number         0  stm32f4xx_i2c.o ABSOLUTE
    Libraries\\STM32F4xx_StdPeriph_Driver\\src\\stm32f4xx_iwdg.c 0x00000000   Number         0  stm32f4xx_iwdg.o ABSOLUTE
    Libraries\\STM32F4xx_StdPeriph_Driver\\src\\stm32f4xx_lptim.c 0x00000000   Number         0  stm32f4xx_lptim.o ABSOLUTE
    Libraries\\STM32F4xx_StdPeriph_Driver\\src\\stm32f4xx_pwr.c 0x00000000   Number         0  stm32f4xx_pwr.o ABSOLUTE
    Libraries\\STM32F4xx_StdPeriph_Driver\\src\\stm32f4xx_qspi.c 0x00000000   Number         0  stm32f4xx_qspi.o ABSOLUTE
    Libraries\\STM32F4xx_StdPeriph_Driver\\src\\stm32f4xx_rcc.c 0x00000000   Number         0  stm32f4xx_rcc.o ABSOLUTE
    Libraries\\STM32F4xx_StdPeriph_Driver\\src\\stm32f4xx_rng.c 0x00000000   Number         0  stm32f4xx_rng.o ABSOLUTE
    Libraries\\STM32F4xx_StdPeriph_Driver\\src\\stm32f4xx_rtc.c 0x00000000   Number         0  stm32f4xx_rtc.o ABSOLUTE
    Libraries\\STM32F4xx_StdPeriph_Driver\\src\\stm32f4xx_sai.c 0x00000000   Number         0  stm32f4xx_sai.o ABSOLUTE
    Libraries\\STM32F4xx_StdPeriph_Driver\\src\\stm32f4xx_sdio.c 0x00000000   Number         0  stm32f4xx_sdio.o ABSOLUTE
    Libraries\\STM32F4xx_StdPeriph_Driver\\src\\stm32f4xx_spdifrx.c 0x00000000   Number         0  stm32f4xx_spdifrx.o ABSOLUTE
    Libraries\\STM32F4xx_StdPeriph_Driver\\src\\stm32f4xx_spi.c 0x00000000   Number         0  stm32f4xx_spi.o ABSOLUTE
    Libraries\\STM32F4xx_StdPeriph_Driver\\src\\stm32f4xx_syscfg.c 0x00000000   Number         0  stm32f4xx_syscfg.o ABSOLUTE
    Libraries\\STM32F4xx_StdPeriph_Driver\\src\\stm32f4xx_tim.c 0x00000000   Number         0  stm32f4xx_tim.o ABSOLUTE
    Libraries\\STM32F4xx_StdPeriph_Driver\\src\\stm32f4xx_usart.c 0x00000000   Number         0  stm32f4xx_usart.o ABSOLUTE
    Libraries\\STM32F4xx_StdPeriph_Driver\\src\\stm32f4xx_wwdg.c 0x00000000   Number         0  stm32f4xx_wwdg.o ABSOLUTE
    User\\buffer\\buffer.c                   0x00000000   Number         0  buffer.o ABSOLUTE
    User\\led\\bsp_led.c                     0x00000000   Number         0  bsp_led.o ABSOLUTE
    User\\main.c                             0x00000000   Number         0  main.o ABSOLUTE
    User\\stm32f4xx_it.c                     0x00000000   Number         0  stm32f4xx_it.o ABSOLUTE
    User\\timer\\Timer.c                     0x00000000   Number         0  timer.o ABSOLUTE
    User\\usart\\bsp_usart.c                 0x00000000   Number         0  bsp_usart.o ABSOLUTE
    User\buffer\buffer.c                     0x00000000   Number         0  buffer.o ABSOLUTE
    User\led\bsp_led.c                       0x00000000   Number         0  bsp_led.o ABSOLUTE
    User\main.c                              0x00000000   Number         0  main.o ABSOLUTE
    User\stm32f4xx_it.c                      0x00000000   Number         0  stm32f4xx_it.o ABSOLUTE
    User\timer\Timer.c                       0x00000000   Number         0  timer.o ABSOLUTE
    User\usart\bsp_usart.c                   0x00000000   Number         0  bsp_usart.o ABSOLUTE
    dc.s                                     0x00000000   Number         0  dc.o ABSOLUTE
    handlers.s                               0x00000000   Number         0  handlers.o ABSOLUTE
    init.s                                   0x00000000   Number         0  init.o ABSOLUTE
    RESET                                    0x08000000   Section      392  startup_stm32f40xx.o(RESET)
    .ARM.Collect$$$$00000000                 0x08000188   Section        0  entry.o(.ARM.Collect$$$$00000000)
    .ARM.Collect$$$$00000001                 0x08000188   Section        4  entry2.o(.ARM.Collect$$$$00000001)
    .ARM.Collect$$$$00000004                 0x0800018c   Section        4  entry5.o(.ARM.Collect$$$$00000004)
    .ARM.Collect$$$$00000008                 0x08000190   Section        0  entry7b.o(.ARM.Collect$$$$00000008)
    .ARM.Collect$$$$0000000A                 0x08000190   Section        0  entry8b.o(.ARM.Collect$$$$0000000A)
    .ARM.Collect$$$$0000000B                 0x08000190   Section        8  entry9a.o(.ARM.Collect$$$$0000000B)
    .ARM.Collect$$$$0000000D                 0x08000198   Section        0  entry10a.o(.ARM.Collect$$$$0000000D)
    .ARM.Collect$$$$0000000F                 0x08000198   Section        0  entry11a.o(.ARM.Collect$$$$0000000F)
    .ARM.Collect$$$$00002712                 0x08000198   Section        4  entry2.o(.ARM.Collect$$$$00002712)
    __lit__00000000                          0x08000198   Data           4  entry2.o(.ARM.Collect$$$$00002712)
    .emb_text                                0x0800019c   Section       36  main.o(.emb_text)
    $v0                                      0x0800019c   Number         0  main.o(.emb_text)
    .text                                    0x080001c0   Section       36  startup_stm32f40xx.o(.text)
    $v0                                      0x080001c0   Number         0  startup_stm32f40xx.o(.text)
    .text                                    0x080001e4   Section       36  init.o(.text)
    i.BufferInit                             0x08000208   Section        0  buffer.o(i.BufferInit)
    i.BufferReadyRelease                     0x08000220   Section        0  buffer.o(i.BufferReadyRelease)
    i.BufferWrite                            0x0800022c   Section        0  buffer.o(i.BufferWrite)
    i.BusFault_Handler                       0x08000248   Section        0  stm32f4xx_it.o(i.BusFault_Handler)
    i.ClearFrame                             0x0800024a   Section        0  buffer.o(i.ClearFrame)
    i.DMA2_Stream2_IRQHandler                0x08000264   Section        0  stm32f4xx_it.o(i.DMA2_Stream2_IRQHandler)
    i.DMA_ClearITPendingBit                  0x080002a0   Section        0  stm32f4xx_dma.o(i.DMA_ClearITPendingBit)
    i.DMA_Cmd                                0x080002cc   Section        0  stm32f4xx_dma.o(i.DMA_Cmd)
    i.DMA_DeInit                             0x080002e4   Section        0  stm32f4xx_dma.o(i.DMA_DeInit)
    i.DMA_DoubleBufferModeCmd                0x08000410   Section        0  stm32f4xx_dma.o(i.DMA_DoubleBufferModeCmd)
    i.DMA_DoubleBufferModeConfig             0x08000428   Section        0  stm32f4xx_dma.o(i.DMA_DoubleBufferModeConfig)
    i.DMA_GetCmdStatus                       0x08000442   Section        0  stm32f4xx_dma.o(i.DMA_GetCmdStatus)
    i.DMA_GetFlagStatus                      0x08000450   Section        0  stm32f4xx_dma.o(i.DMA_GetFlagStatus)
    i.DMA_ITConfig                           0x08000484   Section        0  stm32f4xx_dma.o(i.DMA_ITConfig)
    i.DMA_Init                               0x080004b8   Section        0  stm32f4xx_dma.o(i.DMA_Init)
    i.DebugMon_Handler                       0x0800050c   Section        0  stm32f4xx_it.o(i.DebugMon_Handler)
    i.FLASH_ClearFlag                        0x08000510   Section        0  stm32f4xx_flash.o(i.FLASH_ClearFlag)
    i.FLASH_EraseSector                      0x0800051c   Section        0  stm32f4xx_flash.o(i.FLASH_EraseSector)
    i.FLASH_GetStatus                        0x0800058c   Section        0  stm32f4xx_flash.o(i.FLASH_GetStatus)
    i.FLASH_ProgramWord                      0x080005c8   Section        0  stm32f4xx_flash.o(i.FLASH_ProgramWord)
    i.FLASH_Unlock                           0x08000604   Section        0  stm32f4xx_flash.o(i.FLASH_Unlock)
    i.FLASH_WaitForLastOperation             0x08000628   Section        0  stm32f4xx_flash.o(i.FLASH_WaitForLastOperation)
    i.Flash_Write                            0x0800064a   Section        0  main.o(i.Flash_Write)
    i.GPIO_Init                              0x0800066a   Section        0  stm32f4xx_gpio.o(i.GPIO_Init)
    i.GPIO_PinAFConfig                       0x080006e6   Section        0  stm32f4xx_gpio.o(i.GPIO_PinAFConfig)
    i.HardFault_Handler                      0x08000706   Section        0  stm32f4xx_it.o(i.HardFault_Handler)
    i.LED_GPIO_Config                        0x08000708   Section        0  bsp_led.o(i.LED_GPIO_Config)
    i.MemManage_Handler                      0x08000760   Section        0  stm32f4xx_it.o(i.MemManage_Handler)
    i.NMI_Handler                            0x08000762   Section        0  stm32f4xx_it.o(i.NMI_Handler)
    i.NVIC_Config                            0x08000764   Section        0  main.o(i.NVIC_Config)
    i.NVIC_Init                              0x080007c0   Section        0  misc.o(i.NVIC_Init)
    i.NVIC_PriorityGroupConfig               0x08000828   Section        0  misc.o(i.NVIC_PriorityGroupConfig)
    i.PendSV_Handler                         0x0800083c   Section        0  stm32f4xx_it.o(i.PendSV_Handler)
    i.RCC_AHB1PeriphClockCmd                 0x08000840   Section        0  stm32f4xx_rcc.o(i.RCC_AHB1PeriphClockCmd)
    i.RCC_APB1PeriphResetCmd                 0x0800085c   Section        0  stm32f4xx_rcc.o(i.RCC_APB1PeriphResetCmd)
    i.RCC_APB2PeriphClockCmd                 0x08000878   Section        0  stm32f4xx_rcc.o(i.RCC_APB2PeriphClockCmd)
    i.RCC_APB2PeriphResetCmd                 0x08000894   Section        0  stm32f4xx_rcc.o(i.RCC_APB2PeriphResetCmd)
    i.RCC_GetClocksFreq                      0x080008b0   Section        0  stm32f4xx_rcc.o(i.RCC_GetClocksFreq)
    i.SVC_Handler                            0x08000954   Section        0  stm32f4xx_it.o(i.SVC_Handler)
    i.Send_ACK                               0x08000958   Section        0  main.o(i.Send_ACK)
    i.Send_NACK                              0x08000964   Section        0  main.o(i.Send_NACK)
    i.SetSysClock                            0x08000970   Section        0  system_stm32f4xx.o(i.SetSysClock)
    SetSysClock                              0x08000971   Thumb Code   168  system_stm32f4xx.o(i.SetSysClock)
    i.SysTick_Handler                        0x08000a28   Section        0  stm32f4xx_it.o(i.SysTick_Handler)
    i.SystemInit                             0x08000a2c   Section        0  system_stm32f4xx.o(i.SystemInit)
    i.TIM6_DAC_IRQHandler                    0x08000a88   Section        0  stm32f4xx_it.o(i.TIM6_DAC_IRQHandler)
    i.TIM_GetITStatus                        0x08000aa8   Section        0  stm32f4xx_tim.o(i.TIM_GetITStatus)
    i.USART1_IRQHandler                      0x08000ac0   Section        0  stm32f4xx_it.o(i.USART1_IRQHandler)
    i.USART_Cmd                              0x08000b98   Section        0  stm32f4xx_usart.o(i.USART_Cmd)
    i.USART_Config                           0x08000bb0   Section        0  bsp_usart.o(i.USART_Config)
    i.USART_DMACmd                           0x08000c4c   Section        0  stm32f4xx_usart.o(i.USART_DMACmd)
    i.USART_DMA_Config                       0x08000c60   Section        0  bsp_usart.o(i.USART_DMA_Config)
    i.USART_DeInit                           0x08000cd8   Section        0  stm32f4xx_usart.o(i.USART_DeInit)
    i.USART_GetFlagStatus                    0x08000dd8   Section        0  stm32f4xx_usart.o(i.USART_GetFlagStatus)
    i.USART_GetITStatus                      0x08000de6   Section        0  stm32f4xx_usart.o(i.USART_GetITStatus)
    i.USART_ITConfig                         0x08000e26   Section        0  stm32f4xx_usart.o(i.USART_ITConfig)
    i.USART_Init                             0x08000e5c   Section        0  stm32f4xx_usart.o(i.USART_Init)
    i.USART_ReceiveData                      0x08000f18   Section        0  stm32f4xx_usart.o(i.USART_ReceiveData)
    i.USART_SendData                         0x08000f20   Section        0  stm32f4xx_usart.o(i.USART_SendData)
    i.UsageFault_Handler                     0x08000f28   Section        0  stm32f4xx_it.o(i.UsageFault_Handler)
    i.Usart_DeConfig                         0x08000f2c   Section        0  bsp_usart.o(i.Usart_DeConfig)
    i.Usart_SendByte                         0x08000f70   Section        0  bsp_usart.o(i.Usart_SendByte)
    i.__scatterload_copy                     0x08000f88   Section       14  handlers.o(i.__scatterload_copy)
    i.__scatterload_null                     0x08000f96   Section        2  handlers.o(i.__scatterload_null)
    i.__scatterload_zeroinit                 0x08000f98   Section       14  handlers.o(i.__scatterload_zeroinit)
    i.crc_check                              0x08000fa6   Section        0  buffer.o(i.crc_check)
    i.free                                   0x0800105c   Section        0  malloc.o(i.free)
    i.get_byte                               0x080010ac   Section        0  buffer.o(i.get_byte)
    i.get_frame                              0x080010de   Section        0  buffer.o(i.get_frame)
    i.get_halfword                           0x08001188   Section        0  buffer.o(i.get_halfword)
    i.main                                   0x080011a0   Section        0  main.o(i.main)
    i.malloc                                 0x080013f0   Section        0  malloc.o(i.malloc)
    i.write_byte                             0x0800145c   Section        0  buffer.o(i.write_byte)
    FLAG_ZONE1                               0x08004000   Section        4  main.o(FLAG_ZONE1)
    FLAG_ZONE2                               0x08004004   Section        4  main.o(FLAG_ZONE2)
    .data                                    0x20000000   Section       16  stm32f4xx_rcc.o(.data)
    APBAHBPrescTable                         0x20000000   Data          16  stm32f4xx_rcc.o(.data)
    .data                                    0x20000010   Section        1  main.o(.data)
    .data                                    0x20000011   Section        1  main.o(.data)
    .data                                    0x20000012   Section        5  stm32f4xx_it.o(.data)
    .data                                    0x20000018   Section        4  mvars.o(.data)
    .data                                    0x2000001c   Section        4  mvars.o(.data)
    .bss                                     0x20000020   Section     1184  main.o(.bss)
    HEAP                                     0x200004c0   Section      512  startup_stm32f40xx.o(HEAP)
    STACK                                    0x200006c0   Section     1024  startup_stm32f40xx.o(STACK)

    Global Symbols

    Symbol Name                              Value     Ov Type        Size  Object(Section)

    BuildAttributes$$THM_ISAv4$E$P$D$K$B$S$7EM$VFPi3$EXTD16$VFPS$VFMA$PE$A:L22UL41UL21$X:L11$S22US41US21$IEEE1$IW$USESV6$~STKCKD$USESV7$~SHL$OSPACE$EBA8$MICROLIB$REQ8$PRES8$EABIv2 0x00000000   Number         0  anon$$obj.o ABSOLUTE
    __ARM_use_no_argv                        0x00000000   Number         0  main.o ABSOLUTE
    __cpp_initialize__aeabi_                  - Undefined Weak Reference
    __cxa_finalize                            - Undefined Weak Reference
    __decompress                              - Undefined Weak Reference
    _clock_init                               - Undefined Weak Reference
    _microlib_exit                            - Undefined Weak Reference
    __Vectors_Size                           0x00000188   Number         0  startup_stm32f40xx.o ABSOLUTE
    __Vectors                                0x08000000   Data           4  startup_stm32f40xx.o(RESET)
    __Vectors_End                            0x08000188   Data           0  startup_stm32f40xx.o(RESET)
    __main                                   0x08000189   Thumb Code     0  entry.o(.ARM.Collect$$$$00000000)
    _main_stk                                0x08000189   Thumb Code     0  entry2.o(.ARM.Collect$$$$00000001)
    _main_scatterload                        0x0800018d   Thumb Code     0  entry5.o(.ARM.Collect$$$$00000004)
    __main_after_scatterload                 0x08000191   Thumb Code     0  entry5.o(.ARM.Collect$$$$00000004)
    _main_clock                              0x08000191   Thumb Code     0  entry7b.o(.ARM.Collect$$$$00000008)
    _main_cpp_init                           0x08000191   Thumb Code     0  entry8b.o(.ARM.Collect$$$$0000000A)
    _main_init                               0x08000191   Thumb Code     0  entry9a.o(.ARM.Collect$$$$0000000B)
    __rt_final_cpp                           0x08000199   Thumb Code     0  entry10a.o(.ARM.Collect$$$$0000000D)
    __rt_final_exit                          0x08000199   Thumb Code     0  entry11a.o(.ARM.Collect$$$$0000000F)
    Switch_To_APP                            0x0800019d   Thumb Code    28  main.o(.emb_text)
    Reset_Handler                            0x080001c1   Thumb Code     8  startup_stm32f40xx.o(.text)
    ADC_IRQHandler                           0x080001db   Thumb Code     0  startup_stm32f40xx.o(.text)
    CAN1_RX0_IRQHandler                      0x080001db   Thumb Code     0  startup_stm32f40xx.o(.text)
    CAN1_RX1_IRQHandler                      0x080001db   Thumb Code     0  startup_stm32f40xx.o(.text)
    CAN1_SCE_IRQHandler                      0x080001db   Thumb Code     0  startup_stm32f40xx.o(.text)
    CAN1_TX_IRQHandler                       0x080001db   Thumb Code     0  startup_stm32f40xx.o(.text)
    CAN2_RX0_IRQHandler                      0x080001db   Thumb Code     0  startup_stm32f40xx.o(.text)
    CAN2_RX1_IRQHandler                      0x080001db   Thumb Code     0  startup_stm32f40xx.o(.text)
    CAN2_SCE_IRQHandler                      0x080001db   Thumb Code     0  startup_stm32f40xx.o(.text)
    CAN2_TX_IRQHandler                       0x080001db   Thumb Code     0  startup_stm32f40xx.o(.text)
    CRYP_IRQHandler                          0x080001db   Thumb Code     0  startup_stm32f40xx.o(.text)
    DCMI_IRQHandler                          0x080001db   Thumb Code     0  startup_stm32f40xx.o(.text)
    DMA1_Stream0_IRQHandler                  0x080001db   Thumb Code     0  startup_stm32f40xx.o(.text)
    DMA1_Stream1_IRQHandler                  0x080001db   Thumb Code     0  startup_stm32f40xx.o(.text)
    DMA1_Stream2_IRQHandler                  0x080001db   Thumb Code     0  startup_stm32f40xx.o(.text)
    DMA1_Stream3_IRQHandler                  0x080001db   Thumb Code     0  startup_stm32f40xx.o(.text)
    DMA1_Stream4_IRQHandler                  0x080001db   Thumb Code     0  startup_stm32f40xx.o(.text)
    DMA1_Stream5_IRQHandler                  0x080001db   Thumb Code     0  startup_stm32f40xx.o(.text)
    DMA1_Stream6_IRQHandler                  0x080001db   Thumb Code     0  startup_stm32f40xx.o(.text)
    DMA1_Stream7_IRQHandler                  0x080001db   Thumb Code     0  startup_stm32f40xx.o(.text)
    DMA2_Stream0_IRQHandler                  0x080001db   Thumb Code     0  startup_stm32f40xx.o(.text)
    DMA2_Stream1_IRQHandler                  0x080001db   Thumb Code     0  startup_stm32f40xx.o(.text)
    DMA2_Stream3_IRQHandler                  0x080001db   Thumb Code     0  startup_stm32f40xx.o(.text)
    DMA2_Stream4_IRQHandler                  0x080001db   Thumb Code     0  startup_stm32f40xx.o(.text)
    DMA2_Stream5_IRQHandler                  0x080001db   Thumb Code     0  startup_stm32f40xx.o(.text)
    DMA2_Stream6_IRQHandler                  0x080001db   Thumb Code     0  startup_stm32f40xx.o(.text)
    DMA2_Stream7_IRQHandler                  0x080001db   Thumb Code     0  startup_stm32f40xx.o(.text)
    ETH_IRQHandler                           0x080001db   Thumb Code     0  startup_stm32f40xx.o(.text)
    ETH_WKUP_IRQHandler                      0x080001db   Thumb Code     0  startup_stm32f40xx.o(.text)
    EXTI0_IRQHandler                         0x080001db   Thumb Code     0  startup_stm32f40xx.o(.text)
    EXTI15_10_IRQHandler                     0x080001db   Thumb Code     0  startup_stm32f40xx.o(.text)
    EXTI1_IRQHandler                         0x080001db   Thumb Code     0  startup_stm32f40xx.o(.text)
    EXTI2_IRQHandler                         0x080001db   Thumb Code     0  startup_stm32f40xx.o(.text)
    EXTI3_IRQHandler                         0x080001db   Thumb Code     0  startup_stm32f40xx.o(.text)
    EXTI4_IRQHandler                         0x080001db   Thumb Code     0  startup_stm32f40xx.o(.text)
    EXTI9_5_IRQHandler                       0x080001db   Thumb Code     0  startup_stm32f40xx.o(.text)
    FLASH_IRQHandler                         0x080001db   Thumb Code     0  startup_stm32f40xx.o(.text)
    FPU_IRQHandler                           0x080001db   Thumb Code     0  startup_stm32f40xx.o(.text)
    FSMC_IRQHandler                          0x080001db   Thumb Code     0  startup_stm32f40xx.o(.text)
    HASH_RNG_IRQHandler                      0x080001db   Thumb Code     0  startup_stm32f40xx.o(.text)
    I2C1_ER_IRQHandler                       0x080001db   Thumb Code     0  startup_stm32f40xx.o(.text)
    I2C1_EV_IRQHandler                       0x080001db   Thumb Code     0  startup_stm32f40xx.o(.text)
    I2C2_ER_IRQHandler                       0x080001db   Thumb Code     0  startup_stm32f40xx.o(.text)
    I2C2_EV_IRQHandler                       0x080001db   Thumb Code     0  startup_stm32f40xx.o(.text)
    I2C3_ER_IRQHandler                       0x080001db   Thumb Code     0  startup_stm32f40xx.o(.text)
    I2C3_EV_IRQHandler                       0x080001db   Thumb Code     0  startup_stm32f40xx.o(.text)
    OTG_FS_IRQHandler                        0x080001db   Thumb Code     0  startup_stm32f40xx.o(.text)
    OTG_FS_WKUP_IRQHandler                   0x080001db   Thumb Code     0  startup_stm32f40xx.o(.text)
    OTG_HS_EP1_IN_IRQHandler                 0x080001db   Thumb Code     0  startup_stm32f40xx.o(.text)
    OTG_HS_EP1_OUT_IRQHandler                0x080001db   Thumb Code     0  startup_stm32f40xx.o(.text)
    OTG_HS_IRQHandler                        0x080001db   Thumb Code     0  startup_stm32f40xx.o(.text)
    OTG_HS_WKUP_IRQHandler                   0x080001db   Thumb Code     0  startup_stm32f40xx.o(.text)
    PVD_IRQHandler                           0x080001db   Thumb Code     0  startup_stm32f40xx.o(.text)
    RCC_IRQHandler                           0x080001db   Thumb Code     0  startup_stm32f40xx.o(.text)
    RTC_Alarm_IRQHandler                     0x080001db   Thumb Code     0  startup_stm32f40xx.o(.text)
    RTC_WKUP_IRQHandler                      0x080001db   Thumb Code     0  startup_stm32f40xx.o(.text)
    SDIO_IRQHandler                          0x080001db   Thumb Code     0  startup_stm32f40xx.o(.text)
    SPI1_IRQHandler                          0x080001db   Thumb Code     0  startup_stm32f40xx.o(.text)
    SPI2_IRQHandler                          0x080001db   Thumb Code     0  startup_stm32f40xx.o(.text)
    SPI3_IRQHandler                          0x080001db   Thumb Code     0  startup_stm32f40xx.o(.text)
    TAMP_STAMP_IRQHandler                    0x080001db   Thumb Code     0  startup_stm32f40xx.o(.text)
    TIM1_BRK_TIM9_IRQHandler                 0x080001db   Thumb Code     0  startup_stm32f40xx.o(.text)
    TIM1_CC_IRQHandler                       0x080001db   Thumb Code     0  startup_stm32f40xx.o(.text)
    TIM1_TRG_COM_TIM11_IRQHandler            0x080001db   Thumb Code     0  startup_stm32f40xx.o(.text)
    TIM1_UP_TIM10_IRQHandler                 0x080001db   Thumb Code     0  startup_stm32f40xx.o(.text)
    TIM2_IRQHandler                          0x080001db   Thumb Code     0  startup_stm32f40xx.o(.text)
    TIM3_IRQHandler                          0x080001db   Thumb Code     0  startup_stm32f40xx.o(.text)
    TIM4_IRQHandler                          0x080001db   Thumb Code     0  startup_stm32f40xx.o(.text)
    TIM5_IRQHandler                          0x080001db   Thumb Code     0  startup_stm32f40xx.o(.text)
    TIM7_IRQHandler                          0x080001db   Thumb Code     0  startup_stm32f40xx.o(.text)
    TIM8_BRK_TIM12_IRQHandler                0x080001db   Thumb Code     0  startup_stm32f40xx.o(.text)
    TIM8_CC_IRQHandler                       0x080001db   Thumb Code     0  startup_stm32f40xx.o(.text)
    TIM8_TRG_COM_TIM14_IRQHandler            0x080001db   Thumb Code     0  startup_stm32f40xx.o(.text)
    TIM8_UP_TIM13_IRQHandler                 0x080001db   Thumb Code     0  startup_stm32f40xx.o(.text)
    UART4_IRQHandler                         0x080001db   Thumb Code     0  startup_stm32f40xx.o(.text)
    UART5_IRQHandler                         0x080001db   Thumb Code     0  startup_stm32f40xx.o(.text)
    USART2_IRQHandler                        0x080001db   Thumb Code     0  startup_stm32f40xx.o(.text)
    USART3_IRQHandler                        0x080001db   Thumb Code     0  startup_stm32f40xx.o(.text)
    USART6_IRQHandler                        0x080001db   Thumb Code     0  startup_stm32f40xx.o(.text)
    WWDG_IRQHandler                          0x080001db   Thumb Code     0  startup_stm32f40xx.o(.text)
    __scatterload                            0x080001e5   Thumb Code    28  init.o(.text)
    __scatterload_rt2                        0x080001e5   Thumb Code     0  init.o(.text)
    BufferInit                               0x08000209   Thumb Code    24  buffer.o(i.BufferInit)
    BufferReadyRelease                       0x08000221   Thumb Code    12  buffer.o(i.BufferReadyRelease)
    BufferWrite                              0x0800022d   Thumb Code    28  buffer.o(i.BufferWrite)
    BusFault_Handler                         0x08000249   Thumb Code     2  stm32f4xx_it.o(i.BusFault_Handler)
    ClearFrame                               0x0800024b   Thumb Code    24  buffer.o(i.ClearFrame)
    DMA2_Stream2_IRQHandler                  0x08000265   Thumb Code    52  stm32f4xx_it.o(i.DMA2_Stream2_IRQHandler)
    DMA_ClearITPendingBit                    0x080002a1   Thumb Code    32  stm32f4xx_dma.o(i.DMA_ClearITPendingBit)
    DMA_Cmd                                  0x080002cd   Thumb Code    24  stm32f4xx_dma.o(i.DMA_Cmd)
    DMA_DeInit                               0x080002e5   Thumb Code   278  stm32f4xx_dma.o(i.DMA_DeInit)
    DMA_DoubleBufferModeCmd                  0x08000411   Thumb Code    24  stm32f4xx_dma.o(i.DMA_DoubleBufferModeCmd)
    DMA_DoubleBufferModeConfig               0x08000429   Thumb Code    26  stm32f4xx_dma.o(i.DMA_DoubleBufferModeConfig)
    DMA_GetCmdStatus                         0x08000443   Thumb Code    14  stm32f4xx_dma.o(i.DMA_GetCmdStatus)
    DMA_GetFlagStatus                        0x08000451   Thumb Code    40  stm32f4xx_dma.o(i.DMA_GetFlagStatus)
    DMA_ITConfig                             0x08000485   Thumb Code    50  stm32f4xx_dma.o(i.DMA_ITConfig)
    DMA_Init                                 0x080004b9   Thumb Code    80  stm32f4xx_dma.o(i.DMA_Init)
    DebugMon_Handler                         0x0800050d   Thumb Code     2  stm32f4xx_it.o(i.DebugMon_Handler)
    FLASH_ClearFlag                          0x08000511   Thumb Code     6  stm32f4xx_flash.o(i.FLASH_ClearFlag)
    FLASH_EraseSector                        0x0800051d   Thumb Code   106  stm32f4xx_flash.o(i.FLASH_EraseSector)
    FLASH_GetStatus                          0x0800058d   Thumb Code    56  stm32f4xx_flash.o(i.FLASH_GetStatus)
    FLASH_ProgramWord                        0x080005c9   Thumb Code    56  stm32f4xx_flash.o(i.FLASH_ProgramWord)
    FLASH_Unlock                             0x08000605   Thumb Code    22  stm32f4xx_flash.o(i.FLASH_Unlock)
    FLASH_WaitForLastOperation               0x08000629   Thumb Code    34  stm32f4xx_flash.o(i.FLASH_WaitForLastOperation)
    Flash_Write                              0x0800064b   Thumb Code    32  main.o(i.Flash_Write)
    GPIO_Init                                0x0800066b   Thumb Code   124  stm32f4xx_gpio.o(i.GPIO_Init)
    GPIO_PinAFConfig                         0x080006e7   Thumb Code    32  stm32f4xx_gpio.o(i.GPIO_PinAFConfig)
    HardFault_Handler                        0x08000707   Thumb Code     2  stm32f4xx_it.o(i.HardFault_Handler)
    LED_GPIO_Config                          0x08000709   Thumb Code    84  bsp_led.o(i.LED_GPIO_Config)
    MemManage_Handler                        0x08000761   Thumb Code     2  stm32f4xx_it.o(i.MemManage_Handler)
    NMI_Handler                              0x08000763   Thumb Code     2  stm32f4xx_it.o(i.NMI_Handler)
    NVIC_Config                              0x08000765   Thumb Code    90  main.o(i.NVIC_Config)
    NVIC_Init                                0x080007c1   Thumb Code    98  misc.o(i.NVIC_Init)
    NVIC_PriorityGroupConfig                 0x08000829   Thumb Code    10  misc.o(i.NVIC_PriorityGroupConfig)
    PendSV_Handler                           0x0800083d   Thumb Code     2  stm32f4xx_it.o(i.PendSV_Handler)
    RCC_AHB1PeriphClockCmd                   0x08000841   Thumb Code    22  stm32f4xx_rcc.o(i.RCC_AHB1PeriphClockCmd)
    RCC_APB1PeriphResetCmd                   0x0800085d   Thumb Code    22  stm32f4xx_rcc.o(i.RCC_APB1PeriphResetCmd)
    RCC_APB2PeriphClockCmd                   0x08000879   Thumb Code    22  stm32f4xx_rcc.o(i.RCC_APB2PeriphClockCmd)
    RCC_APB2PeriphResetCmd                   0x08000895   Thumb Code    22  stm32f4xx_rcc.o(i.RCC_APB2PeriphResetCmd)
    RCC_GetClocksFreq                        0x080008b1   Thumb Code   148  stm32f4xx_rcc.o(i.RCC_GetClocksFreq)
    SVC_Handler                              0x08000955   Thumb Code     2  stm32f4xx_it.o(i.SVC_Handler)
    Send_ACK                                 0x08000959   Thumb Code     8  main.o(i.Send_ACK)
    Send_NACK                                0x08000965   Thumb Code     8  main.o(i.Send_NACK)
    SysTick_Handler                          0x08000a29   Thumb Code     2  stm32f4xx_it.o(i.SysTick_Handler)
    SystemInit                               0x08000a2d   Thumb Code    74  system_stm32f4xx.o(i.SystemInit)
    TIM6_DAC_IRQHandler                      0x08000a89   Thumb Code    22  stm32f4xx_it.o(i.TIM6_DAC_IRQHandler)
    TIM_GetITStatus                          0x08000aa9   Thumb Code    24  stm32f4xx_tim.o(i.TIM_GetITStatus)
    USART1_IRQHandler                        0x08000ac1   Thumb Code   186  stm32f4xx_it.o(i.USART1_IRQHandler)
    USART_Cmd                                0x08000b99   Thumb Code    24  stm32f4xx_usart.o(i.USART_Cmd)
    USART_Config                             0x08000bb1   Thumb Code   146  bsp_usart.o(i.USART_Config)
    USART_DMACmd                             0x08000c4d   Thumb Code    20  stm32f4xx_usart.o(i.USART_DMACmd)
    USART_DMA_Config                         0x08000c61   Thumb Code   112  bsp_usart.o(i.USART_DMA_Config)
    USART_DeInit                             0x08000cd9   Thumb Code   224  stm32f4xx_usart.o(i.USART_DeInit)
    USART_GetFlagStatus                      0x08000dd9   Thumb Code    14  stm32f4xx_usart.o(i.USART_GetFlagStatus)
    USART_GetITStatus                        0x08000de7   Thumb Code    64  stm32f4xx_usart.o(i.USART_GetITStatus)
    USART_ITConfig                           0x08000e27   Thumb Code    54  stm32f4xx_usart.o(i.USART_ITConfig)
    USART_Init                               0x08000e5d   Thumb Code   180  stm32f4xx_usart.o(i.USART_Init)
    USART_ReceiveData                        0x08000f19   Thumb Code     8  stm32f4xx_usart.o(i.USART_ReceiveData)
    USART_SendData                           0x08000f21   Thumb Code     8  stm32f4xx_usart.o(i.USART_SendData)
    UsageFault_Handler                       0x08000f29   Thumb Code     2  stm32f4xx_it.o(i.UsageFault_Handler)
    Usart_DeConfig                           0x08000f2d   Thumb Code    60  bsp_usart.o(i.Usart_DeConfig)
    Usart_SendByte                           0x08000f71   Thumb Code    24  bsp_usart.o(i.Usart_SendByte)
    __scatterload_copy                       0x08000f89   Thumb Code    14  handlers.o(i.__scatterload_copy)
    __scatterload_null                       0x08000f97   Thumb Code     2  handlers.o(i.__scatterload_null)
    __scatterload_zeroinit                   0x08000f99   Thumb Code    14  handlers.o(i.__scatterload_zeroinit)
    crc_check                                0x08000fa7   Thumb Code   182  buffer.o(i.crc_check)
    free                                     0x0800105d   Thumb Code    76  malloc.o(i.free)
    get_byte                                 0x080010ad   Thumb Code    50  buffer.o(i.get_byte)
    get_frame                                0x080010df   Thumb Code   170  buffer.o(i.get_frame)
    get_halfword                             0x08001189   Thumb Code    24  buffer.o(i.get_halfword)
    main                                     0x080011a1   Thumb Code   542  main.o(i.main)
    malloc                                   0x080013f1   Thumb Code    92  malloc.o(i.malloc)
    write_byte                               0x0800145d   Thumb Code    42  buffer.o(i.write_byte)
    Region$$Table$$Base                      0x08001488   Number         0  anon$$obj.o(Region$$Table)
    Region$$Table$$Limit                     0x080014c8   Number         0  anon$$obj.o(Region$$Table)
    APP_FLAG                                 0x08004000   Data           4  main.o(FLAG_ZONE1)
    UPGRADE_FLAG                             0x08004004   Data           4  main.o(FLAG_ZONE2)
    Receive_Complete_Flag                    0x20000010   Data           1  main.o(.data)
    wait_for_upgrade_timer_timeout           0x20000011   Data           1  main.o(.data)
    Buffer1_Full_Flag                        0x20000012   Data           1  stm32f4xx_it.o(.data)
    Buffer2_Full_Flag                        0x20000013   Data           1  stm32f4xx_it.o(.data)
    offset                                   0x20000014   Data           1  stm32f4xx_it.o(.data)
    old_offset1                              0x20000015   Data           1  stm32f4xx_it.o(.data)
    old_offset2                              0x20000016   Data           1  stm32f4xx_it.o(.data)
    __microlib_freelist                      0x20000018   Data           4  mvars.o(.data)
    __microlib_freelist_initialised          0x2000001c   Data           4  mvars.o(.data)
    Received_FILE_Buffer1                    0x20000020   Data         256  main.o(.bss)
    Received_FILE_Buffer2                    0x20000120   Data         256  main.o(.bss)
    xRingBuffer                              0x20000220   Data         528  main.o(.bss)
    xUsartFrame                              0x20000430   Data         144  main.o(.bss)
    __heap_base                              0x200004c0   Data           0  startup_stm32f40xx.o(HEAP)
    __heap_limit                             0x200006c0   Data           0  startup_stm32f40xx.o(HEAP)
    __initial_sp                             0x20000ac0   Data           0  startup_stm32f40xx.o(STACK)



==============================================================================

Memory Map of the image

  Image Entry point : 0x08000189

  Load Region LR_IROM1 (Base: 0x08000000, Size: 0x000014f0, Max: 0x00008000, ABSOLUTE)

    Execution Region ER_IROM1 (Exec base: 0x08000000, Load base: 0x08000000, Size: 0x000014c8, Max: 0x00004000, ABSOLUTE)

    Exec Addr    Load Addr    Size         Type   Attr      Idx    E Section Name        Object

    0x08000000   0x08000000   0x00000188   Data   RO            3    RESET               startup_stm32f40xx.o
    0x08000188   0x08000188   0x00000000   Code   RO         5228  * .ARM.Collect$$$$00000000  mc_w.l(entry.o)
    0x08000188   0x08000188   0x00000004   Code   RO         5259    .ARM.Collect$$$$00000001  mc_w.l(entry2.o)
    0x0800018c   0x0800018c   0x00000004   Code   RO         5262    .ARM.Collect$$$$00000004  mc_w.l(entry5.o)
    0x08000190   0x08000190   0x00000000   Code   RO         5264    .ARM.Collect$$$$00000008  mc_w.l(entry7b.o)
    0x08000190   0x08000190   0x00000000   Code   RO         5266    .ARM.Collect$$$$0000000A  mc_w.l(entry8b.o)
    0x08000190   0x08000190   0x00000008   Code   RO         5267    .ARM.Collect$$$$0000000B  mc_w.l(entry9a.o)
    0x08000198   0x08000198   0x00000000   Code   RO         5269    .ARM.Collect$$$$0000000D  mc_w.l(entry10a.o)
    0x08000198   0x08000198   0x00000000   Code   RO         5271    .ARM.Collect$$$$0000000F  mc_w.l(entry11a.o)
    0x08000198   0x08000198   0x00000004   Code   RO         5260    .ARM.Collect$$$$00002712  mc_w.l(entry2.o)
    0x0800019c   0x0800019c   0x00000024   Code   RO         4828    .emb_text           main.o
    0x080001c0   0x080001c0   0x00000024   Code   RO            4    .text               startup_stm32f40xx.o
    0x080001e4   0x080001e4   0x00000024   Code   RO         5279    .text               mc_w.l(init.o)
    0x08000208   0x08000208   0x00000018   Code   RO         5111    i.BufferInit        buffer.o
    0x08000220   0x08000220   0x0000000c   Code   RO         5112    i.BufferReadyRelease  buffer.o
    0x0800022c   0x0800022c   0x0000001c   Code   RO         5114    i.BufferWrite       buffer.o
    0x08000248   0x08000248   0x00000002   Code   RO         4912    i.BusFault_Handler  stm32f4xx_it.o
    0x0800024a   0x0800024a   0x00000018   Code   RO         5116    i.ClearFrame        buffer.o
    0x08000262   0x08000262   0x00000002   PAD
    0x08000264   0x08000264   0x0000003c   Code   RO         4913    i.DMA2_Stream2_IRQHandler  stm32f4xx_it.o
    0x080002a0   0x080002a0   0x0000002c   Code   RO         1233    i.DMA_ClearITPendingBit  stm32f4xx_dma.o
    0x080002cc   0x080002cc   0x00000018   Code   RO         1234    i.DMA_Cmd           stm32f4xx_dma.o
    0x080002e4   0x080002e4   0x0000012c   Code   RO         1235    i.DMA_DeInit        stm32f4xx_dma.o
    0x08000410   0x08000410   0x00000018   Code   RO         1236    i.DMA_DoubleBufferModeCmd  stm32f4xx_dma.o
    0x08000428   0x08000428   0x0000001a   Code   RO         1237    i.DMA_DoubleBufferModeConfig  stm32f4xx_dma.o
    0x08000442   0x08000442   0x0000000e   Code   RO         1239    i.DMA_GetCmdStatus  stm32f4xx_dma.o
    0x08000450   0x08000450   0x00000034   Code   RO         1243    i.DMA_GetFlagStatus  stm32f4xx_dma.o
    0x08000484   0x08000484   0x00000032   Code   RO         1245    i.DMA_ITConfig      stm32f4xx_dma.o
    0x080004b6   0x080004b6   0x00000002   PAD
    0x080004b8   0x080004b8   0x00000054   Code   RO         1246    i.DMA_Init          stm32f4xx_dma.o
    0x0800050c   0x0800050c   0x00000002   Code   RO         4914    i.DebugMon_Handler  stm32f4xx_it.o
    0x0800050e   0x0800050e   0x00000002   PAD
    0x08000510   0x08000510   0x0000000c   Code   RO         1451    i.FLASH_ClearFlag   stm32f4xx_flash.o
    0x0800051c   0x0800051c   0x00000070   Code   RO         1457    i.FLASH_EraseSector  stm32f4xx_flash.o
    0x0800058c   0x0800058c   0x0000003c   Code   RO         1459    i.FLASH_GetStatus   stm32f4xx_flash.o
    0x080005c8   0x080005c8   0x0000003c   Code   RO         1487    i.FLASH_ProgramWord  stm32f4xx_flash.o
    0x08000604   0x08000604   0x00000024   Code   RO         1489    i.FLASH_Unlock      stm32f4xx_flash.o
    0x08000628   0x08000628   0x00000022   Code   RO         1490    i.FLASH_WaitForLastOperation  stm32f4xx_flash.o
    0x0800064a   0x0800064a   0x00000020   Code   RO         4829    i.Flash_Write       main.o
    0x0800066a   0x0800066a   0x0000007c   Code   RO         1899    i.GPIO_Init         stm32f4xx_gpio.o
    0x080006e6   0x080006e6   0x00000020   Code   RO         1900    i.GPIO_PinAFConfig  stm32f4xx_gpio.o
    0x08000706   0x08000706   0x00000002   Code   RO         4915    i.HardFault_Handler  stm32f4xx_it.o
    0x08000708   0x08000708   0x00000058   Code   RO         5084    i.LED_GPIO_Config   bsp_led.o
    0x08000760   0x08000760   0x00000002   Code   RO         4916    i.MemManage_Handler  stm32f4xx_it.o
    0x08000762   0x08000762   0x00000002   Code   RO         4917    i.NMI_Handler       stm32f4xx_it.o
    0x08000764   0x08000764   0x0000005a   Code   RO         4830    i.NVIC_Config       main.o
    0x080007be   0x080007be   0x00000002   PAD
    0x080007c0   0x080007c0   0x00000068   Code   RO          155    i.NVIC_Init         misc.o
    0x08000828   0x08000828   0x00000014   Code   RO          156    i.NVIC_PriorityGroupConfig  misc.o
    0x0800083c   0x0800083c   0x00000002   Code   RO         4918    i.PendSV_Handler    stm32f4xx_it.o
    0x0800083e   0x0800083e   0x00000002   PAD
    0x08000840   0x08000840   0x0000001c   Code   RO         2624    i.RCC_AHB1PeriphClockCmd  stm32f4xx_rcc.o
    0x0800085c   0x0800085c   0x0000001c   Code   RO         2635    i.RCC_APB1PeriphResetCmd  stm32f4xx_rcc.o
    0x08000878   0x08000878   0x0000001c   Code   RO         2636    i.RCC_APB2PeriphClockCmd  stm32f4xx_rcc.o
    0x08000894   0x08000894   0x0000001c   Code   RO         2638    i.RCC_APB2PeriphResetCmd  stm32f4xx_rcc.o
    0x080008b0   0x080008b0   0x000000a4   Code   RO         2645    i.RCC_GetClocksFreq  stm32f4xx_rcc.o
    0x08000954   0x08000954   0x00000002   Code   RO         4919    i.SVC_Handler       stm32f4xx_it.o
    0x08000956   0x08000956   0x00000002   PAD
    0x08000958   0x08000958   0x0000000c   Code   RO         4832    i.Send_ACK          main.o
    0x08000964   0x08000964   0x0000000c   Code   RO         4833    i.Send_NACK         main.o
    0x08000970   0x08000970   0x000000b8   Code   RO           13    i.SetSysClock       system_stm32f4xx.o
    0x08000a28   0x08000a28   0x00000002   Code   RO         4920    i.SysTick_Handler   stm32f4xx_it.o
    0x08000a2a   0x08000a2a   0x00000002   PAD
    0x08000a2c   0x08000a2c   0x0000005c   Code   RO           15    i.SystemInit        system_stm32f4xx.o
    0x08000a88   0x08000a88   0x00000020   Code   RO         4921    i.TIM6_DAC_IRQHandler  stm32f4xx_it.o
    0x08000aa8   0x08000aa8   0x00000018   Code   RO         4041    i.TIM_GetITStatus   stm32f4xx_tim.o
    0x08000ac0   0x08000ac0   0x000000d8   Code   RO         4922    i.USART1_IRQHandler  stm32f4xx_it.o
    0x08000b98   0x08000b98   0x00000018   Code   RO         4574    i.USART_Cmd         stm32f4xx_usart.o
    0x08000bb0   0x08000bb0   0x0000009c   Code   RO         5009    i.USART_Config      bsp_usart.o
    0x08000c4c   0x08000c4c   0x00000014   Code   RO         4575    i.USART_DMACmd      stm32f4xx_usart.o
    0x08000c60   0x08000c60   0x00000078   Code   RO         5010    i.USART_DMA_Config  bsp_usart.o
    0x08000cd8   0x08000cd8   0x00000100   Code   RO         4576    i.USART_DeInit      stm32f4xx_usart.o
    0x08000dd8   0x08000dd8   0x0000000e   Code   RO         4577    i.USART_GetFlagStatus  stm32f4xx_usart.o
    0x08000de6   0x08000de6   0x00000040   Code   RO         4578    i.USART_GetITStatus  stm32f4xx_usart.o
    0x08000e26   0x08000e26   0x00000036   Code   RO         4580    i.USART_ITConfig    stm32f4xx_usart.o
    0x08000e5c   0x08000e5c   0x000000bc   Code   RO         4581    i.USART_Init        stm32f4xx_usart.o
    0x08000f18   0x08000f18   0x00000008   Code   RO         4588    i.USART_ReceiveData  stm32f4xx_usart.o
    0x08000f20   0x08000f20   0x00000008   Code   RO         4591    i.USART_SendData    stm32f4xx_usart.o
    0x08000f28   0x08000f28   0x00000002   Code   RO         4923    i.UsageFault_Handler  stm32f4xx_it.o
    0x08000f2a   0x08000f2a   0x00000002   PAD
    0x08000f2c   0x08000f2c   0x00000044   Code   RO         5012    i.Usart_DeConfig    bsp_usart.o
    0x08000f70   0x08000f70   0x00000018   Code   RO         5013    i.Usart_SendByte    bsp_usart.o
    0x08000f88   0x08000f88   0x0000000e   Code   RO         5283    i.__scatterload_copy  mc_w.l(handlers.o)
    0x08000f96   0x08000f96   0x00000002   Code   RO         5284    i.__scatterload_null  mc_w.l(handlers.o)
    0x08000f98   0x08000f98   0x0000000e   Code   RO         5285    i.__scatterload_zeroinit  mc_w.l(handlers.o)
    0x08000fa6   0x08000fa6   0x000000b6   Code   RO         5118    i.crc_check         buffer.o
    0x0800105c   0x0800105c   0x00000050   Code   RO         5231    i.free              mc_w.l(malloc.o)
    0x080010ac   0x080010ac   0x00000032   Code   RO         5119    i.get_byte          buffer.o
    0x080010de   0x080010de   0x000000aa   Code   RO         5120    i.get_frame         buffer.o
    0x08001188   0x08001188   0x00000018   Code   RO         5121    i.get_halfword      buffer.o
    0x080011a0   0x080011a0   0x00000250   Code   RO         4834    i.main              main.o
    0x080013f0   0x080013f0   0x0000006c   Code   RO         5232    i.malloc            mc_w.l(malloc.o)
    0x0800145c   0x0800145c   0x0000002a   Code   RO         5122    i.write_byte        buffer.o
    0x08001486   0x08001486   0x00000002   PAD
    0x08001488   0x08001488   0x00000040   Data   RO         5281    Region$$Table       anon$$obj.o


    Execution Region ER_IROM2 (Exec base: 0x08004000, Load base: 0x080014c8, Size: 0x00000004, Max: 0x00000004, ABSOLUTE)

    Exec Addr    Load Addr    Size         Type   Attr      Idx    E Section Name        Object

    0x08004000   0x080014c8   0x00000004   Data   RO         4838    FLAG_ZONE1          main.o


    Execution Region ER_IROM3 (Exec base: 0x08004004, Load base: 0x080014cc, Size: 0x00000004, Max: 0x00000004, ABSOLUTE)

    Exec Addr    Load Addr    Size         Type   Attr      Idx    E Section Name        Object

    0x08004004   0x080014cc   0x00000004   Data   RO         4839    FLAG_ZONE2          main.o


    Execution Region RW_IRAM1 (Exec base: 0x20000000, Load base: 0x080014d0, Size: 0x00000ac0, Max: 0x00020000, ABSOLUTE)

    Exec Addr    Load Addr    Size         Type   Attr      Idx    E Section Name        Object

    0x20000000   0x080014d0   0x00000010   Data   RW         2677    .data               stm32f4xx_rcc.o
    0x20000010   0x080014e0   0x00000001   Data   RW         4836    .data               main.o
    0x20000011   0x080014e1   0x00000001   Data   RW         4837    .data               main.o
    0x20000012   0x080014e2   0x00000005   Data   RW         4924    .data               stm32f4xx_it.o
    0x20000017   0x080014e7   0x00000001   PAD
    0x20000018   0x080014e8   0x00000004   Data   RW         5277    .data               mc_w.l(mvars.o)
    0x2000001c   0x080014ec   0x00000004   Data   RW         5278    .data               mc_w.l(mvars.o)
    0x20000020        -       0x000004a0   Zero   RW         4835    .bss                main.o
    0x200004c0        -       0x00000200   Zero   RW            2    HEAP                startup_stm32f40xx.o
    0x200006c0        -       0x00000400   Zero   RW            1    STACK               startup_stm32f40xx.o


==============================================================================

Image component sizes


      Code (inc. data)   RO Data    RW Data    ZI Data      Debug   Object Name

        88          4          0          0          0        566   bsp_led.o
       368         26          0          0          0       2836   bsp_usart.o
       556          0          0          0          0       6744   buffer.o
       774         66          8          2       1184       4867   main.o
       124         16          0          0          0       1735   misc.o
        36          8        392          0       1536        944   startup_stm32f40xx.o
       618         50          0          0          0       7747   stm32f4xx_dma.o
       314         34          0          0          0       4516   stm32f4xx_flash.o
       156          0          0          0          0       1923   stm32f4xx_gpio.o
       326         48          0          5          0       5995   stm32f4xx_it.o
       276         40          0         16          0       5748   stm32f4xx_rcc.o
        24          0          0          0          0       1406   stm32f4xx_tim.o
       636         40          0          0          0       7847   stm32f4xx_usart.o
       276         34          0          0          0     315001   system_stm32f4xx.o

    ----------------------------------------------------------------------
      4590        366        464         24       2720     367875   Object Totals
         0          0         64          0          0          0   (incl. Generated)
        18          0          0          1          0          0   (incl. Padding)

    ----------------------------------------------------------------------

      Code (inc. data)   RO Data    RW Data    ZI Data      Debug   Library Member Name

         0          0          0          0          0          0   entry.o
         0          0          0          0          0          0   entry10a.o
         0          0          0          0          0          0   entry11a.o
         8          4          0          0          0          0   entry2.o
         4          0          0          0          0          0   entry5.o
         0          0          0          0          0          0   entry7b.o
         0          0          0          0          0          0   entry8b.o
         8          4          0          0          0          0   entry9a.o
        30          0          0          0          0          0   handlers.o
        36          8          0          0          0         68   init.o
       188         20          0          0          0        160   malloc.o
         0          0          0          8          0          0   mvars.o

    ----------------------------------------------------------------------
       274         36          0          8          0        228   Library Totals
         0          0          0          0          0          0   (incl. Padding)

    ----------------------------------------------------------------------

      Code (inc. data)   RO Data    RW Data    ZI Data      Debug   Library Name

       274         36          0          8          0        228   mc_w.l

    ----------------------------------------------------------------------
       274         36          0          8          0        228   Library Totals

    ----------------------------------------------------------------------

==============================================================================


      Code (inc. data)   RO Data    RW Data    ZI Data      Debug   

      4864        402        464         32       2720     362055   Grand Totals
      4864        402        464         32       2720     362055   ELF Image Totals
      4864        402        464         32          0          0   ROM Totals

==============================================================================

    Total RO  Size (Code + RO Data)                 5328 (   5.20kB)
    Total RW  Size (RW Data + ZI Data)              2752 (   2.69kB)
    Total ROM Size (Code + RO Data + RW Data)       5360 (   5.23kB)

==============================================================================

